Archive member included to satisfy reference by file (symbol)

c:/st/stm32cubeide_1.11.2/stm32cubeide/plugins/com.st.stm32cube.ide.mcu.externaltools.gnu-tools-for-stm32.10.3-2021.10.win32_1.0.100.202210260954/tools/bin/../lib/gcc/arm-none-eabi/10.3.1/../../../../arm-none-eabi/lib/thumb/v7e-m+fp/hard\libc_nano.a(lib_a-errno.o)
                              ./Core/Src/syscalls.o (__errno)
c:/st/stm32cubeide_1.11.2/stm32cubeide/plugins/com.st.stm32cube.ide.mcu.externaltools.gnu-tools-for-stm32.10.3-2021.10.win32_1.0.100.202210260954/tools/bin/../lib/gcc/arm-none-eabi/10.3.1/../../../../arm-none-eabi/lib/thumb/v7e-m+fp/hard\libc_nano.a(lib_a-exit.o)
                              c:/st/stm32cubeide_1.11.2/stm32cubeide/plugins/com.st.stm32cube.ide.mcu.externaltools.gnu-tools-for-stm32.10.3-2021.10.win32_1.0.100.202210260954/tools/bin/../lib/gcc/arm-none-eabi/10.3.1/../../../../arm-none-eabi/lib/thumb/v7e-m+fp/hard/crt0.o (exit)
c:/st/stm32cubeide_1.11.2/stm32cubeide/plugins/com.st.stm32cube.ide.mcu.externaltools.gnu-tools-for-stm32.10.3-2021.10.win32_1.0.100.202210260954/tools/bin/../lib/gcc/arm-none-eabi/10.3.1/../../../../arm-none-eabi/lib/thumb/v7e-m+fp/hard\libc_nano.a(lib_a-impure.o)
                              c:/st/stm32cubeide_1.11.2/stm32cubeide/plugins/com.st.stm32cube.ide.mcu.externaltools.gnu-tools-for-stm32.10.3-2021.10.win32_1.0.100.202210260954/tools/bin/../lib/gcc/arm-none-eabi/10.3.1/../../../../arm-none-eabi/lib/thumb/v7e-m+fp/hard\libc_nano.a(lib_a-exit.o) (_global_impure_ptr)
c:/st/stm32cubeide_1.11.2/stm32cubeide/plugins/com.st.stm32cube.ide.mcu.externaltools.gnu-tools-for-stm32.10.3-2021.10.win32_1.0.100.202210260954/tools/bin/../lib/gcc/arm-none-eabi/10.3.1/../../../../arm-none-eabi/lib/thumb/v7e-m+fp/hard\libc_nano.a(lib_a-init.o)
                              c:/st/stm32cubeide_1.11.2/stm32cubeide/plugins/com.st.stm32cube.ide.mcu.externaltools.gnu-tools-for-stm32.10.3-2021.10.win32_1.0.100.202210260954/tools/bin/../lib/gcc/arm-none-eabi/10.3.1/../../../../arm-none-eabi/lib/thumb/v7e-m+fp/hard/crt0.o (__libc_init_array)
c:/st/stm32cubeide_1.11.2/stm32cubeide/plugins/com.st.stm32cube.ide.mcu.externaltools.gnu-tools-for-stm32.10.3-2021.10.win32_1.0.100.202210260954/tools/bin/../lib/gcc/arm-none-eabi/10.3.1/../../../../arm-none-eabi/lib/thumb/v7e-m+fp/hard\libc_nano.a(lib_a-malloc.o)
                              ./Core/ThreadSafe/newlib_lock_glue.o (malloc)
c:/st/stm32cubeide_1.11.2/stm32cubeide/plugins/com.st.stm32cube.ide.mcu.externaltools.gnu-tools-for-stm32.10.3-2021.10.win32_1.0.100.202210260954/tools/bin/../lib/gcc/arm-none-eabi/10.3.1/../../../../arm-none-eabi/lib/thumb/v7e-m+fp/hard\libc_nano.a(lib_a-memcpy-stub.o)
                              ./Drivers/DS3231/Src/DS3231.o (memcpy)
c:/st/stm32cubeide_1.11.2/stm32cubeide/plugins/com.st.stm32cube.ide.mcu.externaltools.gnu-tools-for-stm32.10.3-2021.10.win32_1.0.100.202210260954/tools/bin/../lib/gcc/arm-none-eabi/10.3.1/../../../../arm-none-eabi/lib/thumb/v7e-m+fp/hard\libc_nano.a(lib_a-memset.o)
                              c:/st/stm32cubeide_1.11.2/stm32cubeide/plugins/com.st.stm32cube.ide.mcu.externaltools.gnu-tools-for-stm32.10.3-2021.10.win32_1.0.100.202210260954/tools/bin/../lib/gcc/arm-none-eabi/10.3.1/../../../../arm-none-eabi/lib/thumb/v7e-m+fp/hard/crt0.o (memset)
c:/st/stm32cubeide_1.11.2/stm32cubeide/plugins/com.st.stm32cube.ide.mcu.externaltools.gnu-tools-for-stm32.10.3-2021.10.win32_1.0.100.202210260954/tools/bin/../lib/gcc/arm-none-eabi/10.3.1/../../../../arm-none-eabi/lib/thumb/v7e-m+fp/hard\libc_nano.a(lib_a-nano-freer.o)
                              c:/st/stm32cubeide_1.11.2/stm32cubeide/plugins/com.st.stm32cube.ide.mcu.externaltools.gnu-tools-for-stm32.10.3-2021.10.win32_1.0.100.202210260954/tools/bin/../lib/gcc/arm-none-eabi/10.3.1/../../../../arm-none-eabi/lib/thumb/v7e-m+fp/hard\libc_nano.a(lib_a-malloc.o) (_free_r)
c:/st/stm32cubeide_1.11.2/stm32cubeide/plugins/com.st.stm32cube.ide.mcu.externaltools.gnu-tools-for-stm32.10.3-2021.10.win32_1.0.100.202210260954/tools/bin/../lib/gcc/arm-none-eabi/10.3.1/../../../../arm-none-eabi/lib/thumb/v7e-m+fp/hard\libc_nano.a(lib_a-nano-mallocr.o)
                              c:/st/stm32cubeide_1.11.2/stm32cubeide/plugins/com.st.stm32cube.ide.mcu.externaltools.gnu-tools-for-stm32.10.3-2021.10.win32_1.0.100.202210260954/tools/bin/../lib/gcc/arm-none-eabi/10.3.1/../../../../arm-none-eabi/lib/thumb/v7e-m+fp/hard\libc_nano.a(lib_a-malloc.o) (_malloc_r)
c:/st/stm32cubeide_1.11.2/stm32cubeide/plugins/com.st.stm32cube.ide.mcu.externaltools.gnu-tools-for-stm32.10.3-2021.10.win32_1.0.100.202210260954/tools/bin/../lib/gcc/arm-none-eabi/10.3.1/../../../../arm-none-eabi/lib/thumb/v7e-m+fp/hard\libc_nano.a(lib_a-sbrkr.o)
[...]
Memory Configuration

Name             Origin             Length             Attributes
RAM              0x0000000020000000 0x0000000000010000 xrw
FLASH            0x0000000008000000 0x0000000000020000 xr
*default*        0x0000000000000000 0xffffffffffffffff

Linker script and memory map

LOAD c:/st/stm32cubeide_1.11.2/stm32cubeide/plugins/com.st.stm32cube.ide.mcu.externaltools.gnu-tools-for-stm32.10.3-2021.10.win32_1.0.100.202210260954/tools/bin/../lib/gcc/arm-none-eabi/10.3.1/thumb/v7e-m+fp/hard/crti.o
LOAD c:/st/stm32cubeide_1.11.2/stm32cubeide/plugins/com.st.stm32cube.ide.mcu.externaltools.gnu-tools-for-stm32.10.3-2021.10.win32_1.0.100.202210260954/tools/bin/../lib/gcc/arm-none-eabi/10.3.1/thumb/v7e-m+fp/hard/crtbegin.o
LOAD c:/st/stm32cubeide_1.11.2/stm32cubeide/plugins/com.st.stm32cube.ide.mcu.externaltools.gnu-tools-for-stm32.10.3-2021.10.win32_1.0.100.202210260954/tools/bin/../lib/gcc/arm-none-eabi/10.3.1/../../../../arm-none-eabi/lib/thumb/v7e-m+fp/hard/crt0.o
LOAD ./Core/Src/freertos.o
LOAD ./Core/Src/main.o
LOAD ./Core/Src/stm32f4xx_hal_msp.o
LOAD ./Core/Src/stm32f4xx_it.o
LOAD ./Core/Src/syscalls.o
LOAD ./Core/Src/sysmem.o
LOAD ./Core/Src/system_stm32f4xx.o
LOAD ./Core/Startup/startup_stm32f401rbtx.o
LOAD ./Core/ThreadSafe/newlib_lock_glue.o
LOAD ./Drivers/DS3231/Src/DS3231.o
LOAD ./Drivers/EEPROM_Flash/Src/ee.o
LOAD ./Drivers/NEXTION/Src/nextion.o
LOAD ./Drivers/SD_Card/Src/fatfs_sd.o
LOAD ./Drivers/STM32F4xx_HAL_Driver/Src/stm32f4xx_hal.o
LOAD ./Drivers/STM32F4xx_HAL_Driver/Src/stm32f4xx_hal_adc.o
LOAD ./Drivers/STM32F4xx_HAL_Driver/Src/stm32f4xx_hal_adc_ex.o
LOAD ./Drivers/STM32F4xx_HAL_Driver/Src/stm32f4xx_hal_cortex.o
LOAD ./Drivers/STM32F4xx_HAL_Driver/Src/stm32f4xx_hal_dma.o
LOAD ./Drivers/STM32F4xx_HAL_Driver/Src/stm32f4xx_hal_dma_ex.o
LOAD ./Drivers/STM32F4xx_HAL_Driver/Src/stm32f4xx_hal_exti.o
LOAD ./Drivers/STM32F4xx_HAL_Driver/Src/stm32f4xx_hal_flash.o
LOAD ./Drivers/STM32F4xx_HAL_Driver/Src/stm32f4xx_hal_flash_ex.o
LOAD ./Drivers/STM32F4xx_HAL_Driver/Src/stm32f4xx_hal_flash_ramfunc.o
LOAD ./Drivers/STM32F4xx_HAL_Driver/Src/stm32f4xx_hal_gpio.o
LOAD ./Drivers/STM32F4xx_HAL_Driver/Src/stm32f4xx_hal_i2c.o
LOAD ./Drivers/STM32F4xx_HAL_Driver/Src/stm32f4xx_hal_i2c_ex.o
LOAD ./Drivers/STM32F4xx_HAL_Driver/Src/stm32f4xx_hal_pwr.o
LOAD ./Drivers/STM32F4xx_HAL_Driver/Src/stm32f4xx_hal_pwr_ex.o
LOAD ./Drivers/STM32F4xx_HAL_Driver/Src/stm32f4xx_hal_rcc.o
LOAD ./Drivers/STM32F4xx_HAL_Driver/Src/stm32f4xx_hal_rcc_ex.o
LOAD ./Drivers/STM32F4xx_HAL_Driver/Src/stm32f4xx_hal_spi.o
LOAD ./Drivers/STM32F4xx_HAL_Driver/Src/stm32f4xx_hal_tim.o
LOAD ./Drivers/STM32F4xx_HAL_Driver/Src/stm32f4xx_hal_tim_ex.o
LOAD ./Drivers/STM32F4xx_HAL_Driver/Src/stm32f4xx_hal_uart.o
LOAD ./Drivers/STM32F4xx_HAL_Driver/Src/stm32f4xx_ll_adc.o
LOAD ./FATFS/App/fatfs.o
LOAD ./FATFS/Target/user_diskio.o
LOAD ./Middlewares/Third_Party/FatFs/src/diskio.o
LOAD ./Middlewares/Third_Party/FatFs/src/ff.o
LOAD ./Middlewares/Third_Party/FatFs/src/ff_gen_drv.o
LOAD ./Middlewares/Third_Party/FatFs/src/option/ccsbcs.o
LOAD ./Middlewares/Third_Party/FatFs/src/option/syscall.o
LOAD ./Middlewares/Third_Party/FreeRTOS/Source/CMSIS_RTOS_V2/cmsis_os2.o
LOAD ./Middlewares/Third_Party/FreeRTOS/Source/croutine.o
LOAD ./Middlewares/Third_Party/FreeRTOS/Source/event_groups.o
LOAD ./Middlewares/Third_Party/FreeRTOS/Source/list.o
LOAD ./Middlewares/Third_Party/FreeRTOS/Source/queue.o
LOAD ./Middlewares/Third_Party/FreeRTOS/Source/stream_buffer.o
LOAD ./Middlewares/Third_Party/FreeRTOS/Source/tasks.o
LOAD ./Middlewares/Third_Party/FreeRTOS/Source/timers.o
LOAD ./Middlewares/Third_Party/FreeRTOS/Source/portable/GCC/ARM_CM4F/port.o
LOAD ./Middlewares/Third_Party/FreeRTOS/Source/portable/MemMang/heap_4.o
LOAD ./application/Src/app.o
LOAD ./features/ModuleCAN/Src/ModuleCAN.o
LOAD ./features/ModuleFlash/Src/ModuleFlash.o
LOAD ./features/ModuleNEXTION/Src/ModuleNEXTION.o
LOAD ./features/ModuleRTC/Src/ModuleRTC.o
LOAD ./features/ModuleSDCard/Src/ModuleSDCard.o
LOAD ./features/ModuleWIFI/Src/ModuleWIFI.o
LOAD ./features/TelemetryMAIN/Src/TelemetryMAIN.o
START GROUP
LOAD c:/st/stm32cubeide_1.11.2/stm32cubeide/plugins/com.st.stm32cube.ide.mcu.externaltools.gnu-tools-for-stm32.10.3-2021.10.win32_1.0.100.202210260954/tools/bin/../lib/gcc/arm-none-eabi/10.3.1/../../../../arm-none-eabi/lib/thumb/v7e-m+fp/hard\libc_nano.a
LOAD c:/st/stm32cubeide_1.11.2/stm32cubeide/plugins/com.st.stm32cube.ide.mcu.externaltools.gnu-tools-for-stm32.10.3-2021.10.win32_1.0.100.202210260954/tools/bin/../lib/gcc/arm-none-eabi/10.3.1/../../../../arm-none-eabi/lib/thumb/v7e-m+fp/hard\libm.a
END GROUP
START GROUP
LOAD c:/st/stm32cubeide_1.11.2/stm32cubeide/plugins/com.st.stm32cube.ide.mcu.externaltools.gnu-tools-for-stm32.10.3-2021.10.win32_1.0.100.202210260954/tools/bin/../lib/gcc/arm-none-eabi/10.3.1/thumb/v7e-m+fp/hard\libgcc.a
LOAD c:/st/stm32cubeide_1.11.2/stm32cubeide/plugins/com.st.stm32cube.ide.mcu.externaltools.gnu-tools-for-stm32.10.3-2021.10.win32_1.0.100.202210260954/tools/bin/../lib/gcc/arm-none-eabi/10.3.1/../../../../arm-none-eabi/lib/thumb/v7e-m+fp/hard\libc_nano.a
END GROUP
START GROUP
LOAD c:/st/stm32cubeide_1.11.2/stm32cubeide/plugins/com.st.stm32cube.ide.mcu.externaltools.gnu-tools-for-stm32.10.3-2021.10.win32_1.0.100.202210260954/tools/bin/../lib/gcc/arm-none-eabi/10.3.1/thumb/v7e-m+fp/hard\libgcc.a
LOAD c:/st/stm32cubeide_1.11.2/stm32cubeide/plugins/com.st.stm32cube.ide.mcu.externaltools.gnu-tools-for-stm32.10.3-2021.10.win32_1.0.100.202210260954/tools/bin/../lib/gcc/arm-none-eabi/10.3.1/../../../../arm-none-eabi/lib/thumb/v7e-m+fp/hard\libc_nano.a
LOAD c:/st/stm32cubeide_1.11.2/stm32cubeide/plugins/com.st.stm32cube.ide.mcu.externaltools.gnu-tools-for-stm32.10.3-2021.10.win32_1.0.100.202210260954/tools/bin/../lib/gcc/arm-none-eabi/10.3.1/../../../../arm-none-eabi/lib/thumb/v7e-m+fp/hard\libnosys.a
END GROUP
START GROUP
LOAD c:/st/stm32cubeide_1.11.2/stm32cubeide/plugins/com.st.stm32cube.ide.mcu.externaltools.gnu-tools-for-stm32.10.3-2021.10.win32_1.0.100.202210260954/tools/bin/../lib/gcc/arm-none-eabi/10.3.1/thumb/v7e-m+fp/hard\libgcc.a
LOAD c:/st/stm32cubeide_1.11.2/stm32cubeide/plugins/com.st.stm32cube.ide.mcu.externaltools.gnu-tools-for-stm32.10.3-2021.10.win32_1.0.100.202210260954/tools/bin/../lib/gcc/arm-none-eabi/10.3.1/../../../../arm-none-eabi/lib/thumb/v7e-m+fp/hard\libc_nano.a
LOAD c:/st/stm32cubeide_1.11.2/stm32cubeide/plugins/com.st.stm32cube.ide.mcu.externaltools.gnu-tools-for-stm32.10.3-2021.10.win32_1.0.100.202210260954/tools/bin/../lib/gcc/arm-none-eabi/10.3.1/../../../../arm-none-eabi/lib/thumb/v7e-m+fp/hard\libnosys.a
END GROUP
LOAD c:/st/stm32cubeide_1.11.2/stm32cubeide/plugins/com.st.stm32cube.ide.mcu.externaltools.gnu-tools-for-stm32.10.3-2021.10.win32_1.0.100.202210260954/tools/bin/../lib/gcc/arm-none-eabi/10.3.1/thumb/v7e-m+fp/hard/crtend.o
LOAD c:/st/stm32cubeide_1.11.2/stm32cubeide/plugins/com.st.stm32cube.ide.mcu.externaltools.gnu-tools-for-stm32.10.3-2021.10.win32_1.0.100.202210260954/tools/bin/../lib/gcc/arm-none-eabi/10.3.1/thumb/v7e-m+fp/hard/crtn.o
                0x0000000020010000                _estack = (ORIGIN (RAM) + LENGTH (RAM))
                0x0000000000000200                _Min_Heap_Size = 0x200
                0x0000000000000400                _Min_Stack_Size = 0x400

.isr_vector     0x0000000008000000      0x194
                0x0000000008000000                . = ALIGN (0x4)
 *(.isr_vector)
 .isr_vector    0x0000000008000000      0x194 ./Core/Startup/startup_stm32f401rbtx.o
                0x0000000008000000                g_pfnVectors
                0x0000000008000194                . = ALIGN (0x4)

.text           0x00000000080001a0     0xb9b8
                0x00000000080001a0                . = ALIGN (0x4)
 *(.text)
 .text          0x00000000080001a0       0x40 c:/st/stm32cubeide_1.11.2/stm32cubeide/plugins/com.st.stm32cube.ide.mcu.externaltools.gnu-tools-for-stm32.10.3-2021.10.win32_1.0.100.202210260954/tools/bin/../lib/gcc/arm-none-eabi/10.3.1/thumb/v7e-m+fp/hard/crtbegin.o
 .text          0x00000000080001e0      0x254 c:/st/stm32cubeide_1.11.2/stm32cubeide/plugins/com.st.stm32cube.ide.mcu.externaltools.gnu-tools-for-stm32.10.3-2021.10.win32_1.0.100.202210260954/tools/bin/../lib/gcc/arm-none-eabi/10.3.1/thumb/v7e-m+fp/hard\libgcc.a(_arm_muldf3.o)
                0x00000000080001e0                __muldf3
                0x00000000080001e0                __aeabi_dmul
 .text          0x0000000008000434      0x378 c:/st/stm32cubeide_1.11.2/stm32cubeide/plugins/com.st.stm32cube.ide.mcu.externaltools.gnu-tools-for-stm32.10.3-2021.10.win32_1.0.100.202210260954/tools/bin/../lib/gcc/arm-none-eabi/10.3.1/thumb/v7e-m+fp/hard\libgcc.a(_arm_addsubdf3.o)
                0x0000000008000434                __aeabi_drsub
                0x000000000800043c                __aeabi_dsub
                0x000000000800043c                __subdf3
                0x0000000008000440                __aeabi_dadd
                0x0000000008000440                __adddf3
                0x00000000080006b8                __floatunsidf
                0x00000000080006b8                __aeabi_ui2d
                0x00000000080006d8                __floatsidf
                0x00000000080006d8                __aeabi_i2d
                0x00000000080006fc                __aeabi_f2d
                0x00000000080006fc                __extendsfdf2
                0x0000000008000740                __floatundidf
                0x0000000008000740                __aeabi_ul2d
                0x0000000008000750                __floatdidf
                0x0000000008000750                __aeabi_l2d
 .text          0x00000000080007ac       0x40 c:/st/stm32cubeide_1.11.2/stm32cubeide/plugins/com.st.stm32cube.ide.mcu.externaltools.gnu-tools-for-stm32.10.3-2021.10.win32_1.0.100.202210260954/tools/bin/../lib/gcc/arm-none-eabi/10.3.1/thumb/v7e-m+fp/hard\libgcc.a(_arm_fixunsdfsi.o)
                0x00000000080007ac                __aeabi_d2uiz
                0x00000000080007ac                __fixunsdfsi
 .text          0x00000000080007ec       0x30 c:/st/stm32cubeide_1.11.2/stm32cubeide/plugins/com.st.stm32cube.ide.mcu.externaltools.gnu-tools-for-stm32.10.3-2021.10.win32_1.0.100.202210260954/tools/bin/../lib/gcc/arm-none-eabi/10.3.1/thumb/v7e-m+fp/hard\libgcc.a(_aeabi_uldivmod.o)
                0x00000000080007ec                __aeabi_uldivmod
 .text          0x000000000800081c      0x2d0 c:/st/stm32cubeide_1.11.2/stm32cubeide/plugins/com.st.stm32cube.ide.mcu.externaltools.gnu-tools-for-stm32.10.3-2021.10.win32_1.0.100.202210260954/tools/bin/../lib/gcc/arm-none-eabi/10.3.1/thumb/v7e-m+fp/hard\libgcc.a(_udivmoddi4.o)
                0x000000000800081c                __udivmoddi4
 .text          0x0000000008000aec        0x4 c:/st/stm32cubeide_1.11.2/stm32cubeide/plugins/com.st.stm32cube.ide.mcu.externaltools.gnu-tools-for-stm32.10.3-2021.10.win32_1.0.100.202210260954/tools/bin/../lib/gcc/arm-none-eabi/10.3.1/thumb/v7e-m+fp/hard\libgcc.a(_dvmd_tls.o)
                0x0000000008000aec                __aeabi_idiv0
                0x0000000008000aec                __aeabi_ldiv0
 *(.text*)
 .text.main     0x0000000008000af0       0x70 ./Core/Src/main.o
                0x0000000008000af0                main
 .text.SystemClock_Config
                0x0000000008000b60       0xd8 ./Core/Src/main.o
                0x0000000008000b60                SystemClock_Config
 .text.MX_ADC1_Init
                0x0000000008000c38       0xa4 ./Core/Src/main.o
 .text.MX_I2C1_Init
                0x0000000008000cdc       0x5c ./Core/Src/main.o
 .text.MX_I2C2_Init
                0x0000000008000d38       0x5c ./Core/Src/main.o
 .text.MX_I2C3_Init
                0x0000000008000d94       0x5c ./Core/Src/main.o
 .text.MX_SPI1_Init
                0x0000000008000df0       0x6c ./Core/Src/main.o
 .text.MX_SPI2_Init
                0x0000000008000e5c       0x6c ./Core/Src/main.o
 .text.MX_SPI3_Init
                0x0000000008000ec8       0x6c ./Core/Src/main.o
 .text.MX_TIM3_Init
                0x0000000008000f34       0xc8 ./Core/Src/main.o
 .text.MX_TIM4_Init
                0x0000000008000ffc       0xb4 ./Core/Src/main.o
 .text.MX_USART1_UART_Init
                0x00000000080010b0       0x54 ./Core/Src/main.o
 .text.MX_USART2_UART_Init
                0x0000000008001104       0x54 ./Core/Src/main.o
 .text.MX_USART6_UART_Init
                0x0000000008001158       0x54 ./Core/Src/main.o
 .text.MX_GPIO_Init
                0x00000000080011ac      0x1c4 ./Core/Src/main.o
 .text.StartDefaultTask
                0x0000000008001370       0x10 ./Core/Src/main.o
                0x0000000008001370                StartDefaultTask
 .text.Error_Handler
                0x0000000008001380        0xa ./Core/Src/main.o
                0x0000000008001380                Error_Handler
 *fill*         0x000000000800138a        0x2 
 .text.HAL_MspInit
                0x000000000800138c       0x58 ./Core/Src/stm32f4xx_hal_msp.o
                0x000000000800138c                HAL_MspInit
 .text.HAL_ADC_MspInit
                0x00000000080013e4       0x88 ./Core/Src/stm32f4xx_hal_msp.o
                0x00000000080013e4                HAL_ADC_MspInit
 .text.HAL_I2C_MspInit
                0x000000000800146c      0x1cc ./Core/Src/stm32f4xx_hal_msp.o
                0x000000000800146c                HAL_I2C_MspInit
 .text.HAL_SPI_MspInit
                0x0000000008001638      0x1e4 ./Core/Src/stm32f4xx_hal_msp.o
                0x0000000008001638                HAL_SPI_MspInit
 .text.HAL_TIM_PWM_MspInit
                0x000000000800181c       0x70 ./Core/Src/stm32f4xx_hal_msp.o
                0x000000000800181c                HAL_TIM_PWM_MspInit
 .text.HAL_TIM_MspPostInit
                0x000000000800188c       0xc0 ./Core/Src/stm32f4xx_hal_msp.o
                0x000000000800188c                HAL_TIM_MspPostInit
 .text.HAL_UART_MspInit
                0x000000000800194c      0x164 ./Core/Src/stm32f4xx_hal_msp.o
                0x000000000800194c                HAL_UART_MspInit
 .text.SDTimer_Handler
                0x0000000008001ab0       0x48 ./Core/Src/stm32f4xx_it.o
                0x0000000008001ab0                SDTimer_Handler
 .text.NMI_Handler
                0x0000000008001af8        0x6 ./Core/Src/stm32f4xx_it.o
                0x0000000008001af8                NMI_Handler
 .text.HardFault_Handler
                0x0000000008001afe        0x6 ./Core/Src/stm32f4xx_it.o
                0x0000000008001afe                HardFault_Handler
 .text.MemManage_Handler
                0x0000000008001b04        0x6 ./Core/Src/stm32f4xx_it.o
                0x0000000008001b04                MemManage_Handler
 .text.BusFault_Handler
                0x0000000008001b0a        0x6 ./Core/Src/stm32f4xx_it.o
                0x0000000008001b0a                BusFault_Handler
 .text.UsageFault_Handler
                0x0000000008001b10        0x6 ./Core/Src/stm32f4xx_it.o
                0x0000000008001b10                UsageFault_Handler
 .text.DebugMon_Handler
                0x0000000008001b16        0xe ./Core/Src/stm32f4xx_it.o
                0x0000000008001b16                DebugMon_Handler
 .text.SysTick_Handler
                0x0000000008001b24       0x40 ./Core/Src/stm32f4xx_it.o
                0x0000000008001b24                SysTick_Handler
 .text.EXTI0_IRQHandler
                0x0000000008001b64        0xe ./Core/Src/stm32f4xx_it.o
                0x0000000008001b64                EXTI0_IRQHandler
 .text.EXTI2_IRQHandler
                0x0000000008001b72        0xe ./Core/Src/stm32f4xx_it.o
                0x0000000008001b72                EXTI2_IRQHandler
 .text.SystemInit
                0x0000000008001b80       0x24 ./Core/Src/system_stm32f4xx.o
                0x0000000008001b80                SystemInit
 .text.Reset_Handler
                0x0000000008001ba4       0x50 ./Core/Startup/startup_stm32f401rbtx.o
                0x0000000008001ba4                Reset_Handler
 .text.Default_Handler
                0x0000000008001bf4        0x2 ./Core/Startup/startup_stm32f401rbtx.o
                0x0000000008001bf4                RTC_Alarm_IRQHandler
                0x0000000008001bf4                SPI4_IRQHandler
                0x0000000008001bf4                TIM1_CC_IRQHandler
                0x0000000008001bf4                DMA2_Stream5_IRQHandler
                0x0000000008001bf4                DMA1_Stream5_IRQHandler
                0x0000000008001bf4                PVD_IRQHandler
                0x0000000008001bf4                SDIO_IRQHandler
                0x0000000008001bf4                TAMP_STAMP_IRQHandler
                0x0000000008001bf4                EXTI3_IRQHandler
                0x0000000008001bf4                TIM1_UP_TIM10_IRQHandler
                0x0000000008001bf4                I2C3_ER_IRQHandler
                0x0000000008001bf4                I2C2_EV_IRQHandler
                0x0000000008001bf4                DMA1_Stream2_IRQHandler
                0x0000000008001bf4                FPU_IRQHandler
                0x0000000008001bf4                DMA2_Stream2_IRQHandler
                0x0000000008001bf4                SPI1_IRQHandler
                0x0000000008001bf4                TIM1_BRK_TIM9_IRQHandler
                0x0000000008001bf4                DMA2_Stream3_IRQHandler
                0x0000000008001bf4                USART6_IRQHandler
                0x0000000008001bf4                DMA2_Stream0_IRQHandler
                0x0000000008001bf4                TIM4_IRQHandler
                0x0000000008001bf4                I2C1_EV_IRQHandler
                0x0000000008001bf4                DMA1_Stream6_IRQHandler
                0x0000000008001bf4                DMA1_Stream1_IRQHandler
                0x0000000008001bf4                TIM3_IRQHandler
                0x0000000008001bf4                RCC_IRQHandler
                0x0000000008001bf4                Default_Handler
                0x0000000008001bf4                EXTI15_10_IRQHandler
                0x0000000008001bf4                ADC_IRQHandler
                0x0000000008001bf4                DMA1_Stream7_IRQHandler
                0x0000000008001bf4                TIM5_IRQHandler
                0x0000000008001bf4                DMA2_Stream7_IRQHandler
                0x0000000008001bf4                I2C3_EV_IRQHandler
                0x0000000008001bf4                EXTI9_5_IRQHandler
                0x0000000008001bf4                RTC_WKUP_IRQHandler
                0x0000000008001bf4                SPI2_IRQHandler
                0x0000000008001bf4                DMA1_Stream0_IRQHandler
                0x0000000008001bf4                EXTI4_IRQHandler
                0x0000000008001bf4                WWDG_IRQHandler
                0x0000000008001bf4                TIM2_IRQHandler
                0x0000000008001bf4                OTG_FS_WKUP_IRQHandler
                0x0000000008001bf4                TIM1_TRG_COM_TIM11_IRQHandler
                0x0000000008001bf4                EXTI1_IRQHandler
                0x0000000008001bf4                USART2_IRQHandler
                0x0000000008001bf4                I2C2_ER_IRQHandler
                0x0000000008001bf4                DMA2_Stream1_IRQHandler
                0x0000000008001bf4                FLASH_IRQHandler
                0x0000000008001bf4                DMA2_Stream4_IRQHandler
                0x0000000008001bf4                USART1_IRQHandler
                0x0000000008001bf4                OTG_FS_IRQHandler
                0x0000000008001bf4                SPI3_IRQHandler
                0x0000000008001bf4                DMA1_Stream4_IRQHandler
                0x0000000008001bf4                I2C1_ER_IRQHandler
                0x0000000008001bf4                DMA2_Stream6_IRQHandler
                0x0000000008001bf4                DMA1_Stream3_IRQHandler
 *fill*         0x0000000008001bf6        0x2 
 .text.HAL_Init
                0x0000000008001bf8       0x44 ./Drivers/STM32F4xx_HAL_Driver/Src/stm32f4xx_hal.o
                0x0000000008001bf8                HAL_Init
 .text.HAL_InitTick
                0x0000000008001c3c       0x60 ./Drivers/STM32F4xx_HAL_Driver/Src/stm32f4xx_hal.o
                0x0000000008001c3c                HAL_InitTick
 .text.HAL_IncTick
                0x0000000008001c9c       0x28 ./Drivers/STM32F4xx_HAL_Driver/Src/stm32f4xx_hal.o
                0x0000000008001c9c                HAL_IncTick
 .text.HAL_GetTick
                0x0000000008001cc4       0x18 ./Drivers/STM32F4xx_HAL_Driver/Src/stm32f4xx_hal.o
                0x0000000008001cc4                HAL_GetTick
 .text.HAL_ADC_Init
                0x0000000008001cdc       0x86 ./Drivers/STM32F4xx_HAL_Driver/Src/stm32f4xx_hal_adc.o
                0x0000000008001cdc                HAL_ADC_Init
 *fill*         0x0000000008001d62        0x2 
 .text.HAL_ADC_ConfigChannel
                0x0000000008001d64      0x244 ./Drivers/STM32F4xx_HAL_Driver/Src/stm32f4xx_hal_adc.o
                0x0000000008001d64                HAL_ADC_ConfigChannel
 .text.ADC_Init
                0x0000000008001fa8      0x1f8 ./Drivers/STM32F4xx_HAL_Driver/Src/stm32f4xx_hal_adc.o
 .text.__NVIC_SetPriorityGrouping
                0x00000000080021a0       0x48 ./Drivers/STM32F4xx_HAL_Driver/Src/stm32f4xx_hal_cortex.o
 .text.__NVIC_GetPriorityGrouping
                0x00000000080021e8       0x1c ./Drivers/STM32F4xx_HAL_Driver/Src/stm32f4xx_hal_cortex.o
 .text.__NVIC_EnableIRQ
                0x0000000008002204       0x3c ./Drivers/STM32F4xx_HAL_Driver/Src/stm32f4xx_hal_cortex.o
 .text.__NVIC_SetPriority
                0x0000000008002240       0x54 ./Drivers/STM32F4xx_HAL_Driver/Src/stm32f4xx_hal_cortex.o
 .text.NVIC_EncodePriority
                0x0000000008002294       0x66 ./Drivers/STM32F4xx_HAL_Driver/Src/stm32f4xx_hal_cortex.o
 *fill*         0x00000000080022fa        0x2 
 .text.SysTick_Config
                0x00000000080022fc       0x44 ./Drivers/STM32F4xx_HAL_Driver/Src/stm32f4xx_hal_cortex.o
 .text.HAL_NVIC_SetPriorityGrouping
                0x0000000008002340       0x16 ./Drivers/STM32F4xx_HAL_Driver/Src/stm32f4xx_hal_cortex.o
                0x0000000008002340                HAL_NVIC_SetPriorityGrouping
 .text.HAL_NVIC_SetPriority
                0x0000000008002356       0x38 ./Drivers/STM32F4xx_HAL_Driver/Src/stm32f4xx_hal_cortex.o
                0x0000000008002356                HAL_NVIC_SetPriority
 .text.HAL_NVIC_EnableIRQ
                0x000000000800238e       0x1c ./Drivers/STM32F4xx_HAL_Driver/Src/stm32f4xx_hal_cortex.o
                0x000000000800238e                HAL_NVIC_EnableIRQ
 .text.HAL_SYSTICK_Config
                0x00000000080023aa       0x18 ./Drivers/STM32F4xx_HAL_Driver/Src/stm32f4xx_hal_cortex.o
                0x00000000080023aa                HAL_SYSTICK_Config
 *fill*         0x00000000080023c2        0x2 
 .text.HAL_GPIO_Init
                0x00000000080023c4      0x308 ./Drivers/STM32F4xx_HAL_Driver/Src/stm32f4xx_hal_gpio.o
                0x00000000080023c4                HAL_GPIO_Init
 .text.HAL_GPIO_WritePin
                0x00000000080026cc       0x32 ./Drivers/STM32F4xx_HAL_Driver/Src/stm32f4xx_hal_gpio.o
                0x00000000080026cc                HAL_GPIO_WritePin
 *fill*         0x00000000080026fe        0x2 
 .text.HAL_GPIO_EXTI_IRQHandler
                0x0000000008002700       0x30 ./Drivers/STM32F4xx_HAL_Driver/Src/stm32f4xx_hal_gpio.o
                0x0000000008002700                HAL_GPIO_EXTI_IRQHandler
 .text.HAL_GPIO_EXTI_Callback
                0x0000000008002730       0x16 ./Drivers/STM32F4xx_HAL_Driver/Src/stm32f4xx_hal_gpio.o
                0x0000000008002730                HAL_GPIO_EXTI_Callback
 *fill*         0x0000000008002746        0x2 
 .text.HAL_I2C_Init
                0x0000000008002748      0x288 ./Drivers/STM32F4xx_HAL_Driver/Src/stm32f4xx_hal_i2c.o
                0x0000000008002748                HAL_I2C_Init
 .text.HAL_RCC_OscConfig
                0x00000000080029d0      0x4f0 ./Drivers/STM32F4xx_HAL_Driver/Src/stm32f4xx_hal_rcc.o
                0x00000000080029d0                HAL_RCC_OscConfig
 .text.HAL_RCC_ClockConfig
                0x0000000008002ec0      0x1cc ./Drivers/STM32F4xx_HAL_Driver/Src/stm32f4xx_hal_rcc.o
                0x0000000008002ec0                HAL_RCC_ClockConfig
 .text.HAL_RCC_GetSysClockFreq
                0x000000000800308c      0x20c ./Drivers/STM32F4xx_HAL_Driver/Src/stm32f4xx_hal_rcc.o
                0x000000000800308c                HAL_RCC_GetSysClockFreq
 .text.HAL_RCC_GetHCLKFreq
                0x0000000008003298       0x18 ./Drivers/STM32F4xx_HAL_Driver/Src/stm32f4xx_hal_rcc.o
                0x0000000008003298                HAL_RCC_GetHCLKFreq
 .text.HAL_RCC_GetPCLK1Freq
                0x00000000080032b0       0x28 ./Drivers/STM32F4xx_HAL_Driver/Src/stm32f4xx_hal_rcc.o
                0x00000000080032b0                HAL_RCC_GetPCLK1Freq
 .text.HAL_RCC_GetPCLK2Freq
                0x00000000080032d8       0x28 ./Drivers/STM32F4xx_HAL_Driver/Src/stm32f4xx_hal_rcc.o
                0x00000000080032d8                HAL_RCC_GetPCLK2Freq
 .text.HAL_SPI_Init
                0x0000000008003300      0x112 ./Drivers/STM32F4xx_HAL_Driver/Src/stm32f4xx_hal_spi.o
                0x0000000008003300                HAL_SPI_Init
 .text.HAL_TIM_PWM_Init
                0x0000000008003412       0x9e ./Drivers/STM32F4xx_HAL_Driver/Src/stm32f4xx_hal_tim.o
                0x0000000008003412                HAL_TIM_PWM_Init
 .text.HAL_TIM_PWM_ConfigChannel
                0x00000000080034b0      0x184 ./Drivers/STM32F4xx_HAL_Driver/Src/stm32f4xx_hal_tim.o
                0x00000000080034b0                HAL_TIM_PWM_ConfigChannel
 .text.TIM_Base_SetConfig
                0x0000000008003634      0x100 ./Drivers/STM32F4xx_HAL_Driver/Src/stm32f4xx_hal_tim.o
                0x0000000008003634                TIM_Base_SetConfig
 .text.TIM_OC1_SetConfig
                0x0000000008003734       0xcc ./Drivers/STM32F4xx_HAL_Driver/Src/stm32f4xx_hal_tim.o
 .text.TIM_OC2_SetConfig
                0x0000000008003800       0xd8 ./Drivers/STM32F4xx_HAL_Driver/Src/stm32f4xx_hal_tim.o
                0x0000000008003800                TIM_OC2_SetConfig
 .text.TIM_OC3_SetConfig
                0x00000000080038d8       0xd4 ./Drivers/STM32F4xx_HAL_Driver/Src/stm32f4xx_hal_tim.o
 .text.TIM_OC4_SetConfig
                0x00000000080039ac       0xa0 ./Drivers/STM32F4xx_HAL_Driver/Src/stm32f4xx_hal_tim.o
 .text.HAL_TIMEx_MasterConfigSynchronization
                0x0000000008003a4c       0xdc ./Drivers/STM32F4xx_HAL_Driver/Src/stm32f4xx_hal_tim_ex.o
                0x0000000008003a4c                HAL_TIMEx_MasterConfigSynchronization
 .text.HAL_UART_Init
                0x0000000008003b28       0x9a ./Drivers/STM32F4xx_HAL_Driver/Src/stm32f4xx_hal_uart.o
                0x0000000008003b28                HAL_UART_Init
 *fill*         0x0000000008003bc2        0x2 
 .text.UART_SetConfig
                0x0000000008003bc4      0x4e8 ./Drivers/STM32F4xx_HAL_Driver/Src/stm32f4xx_hal_uart.o
 .text.MX_FATFS_Init
                0x00000000080040ac       0x24 ./FATFS/App/fatfs.o
                0x00000000080040ac                MX_FATFS_Init
 .text.get_fattime
                0x00000000080040d0       0x10 ./FATFS/App/fatfs.o
                0x00000000080040d0                get_fattime
 .text.USER_initialize
                0x00000000080040e0       0x28 ./FATFS/Target/user_diskio.o
                0x00000000080040e0                USER_initialize
 .text.USER_status
                0x0000000008004108       0x28 ./FATFS/Target/user_diskio.o
                0x0000000008004108                USER_status
 .text.USER_read
                0x0000000008004130       0x1e ./FATFS/Target/user_diskio.o
                0x0000000008004130                USER_read
 .text.USER_write
                0x000000000800414e       0x1e ./FATFS/Target/user_diskio.o
                0x000000000800414e                USER_write
 .text.USER_ioctl
                0x000000000800416c       0x22 ./FATFS/Target/user_diskio.o
                0x000000000800416c                USER_ioctl
 *fill*         0x000000000800418e        0x2 
 .text.disk_status
                0x0000000008004190       0x34 ./Middlewares/Third_Party/FatFs/src/diskio.o
                0x0000000008004190                disk_status
 .text.disk_initialize
                0x00000000080041c4       0x4c ./Middlewares/Third_Party/FatFs/src/diskio.o
                0x00000000080041c4                disk_initialize
 .text.disk_read
                0x0000000008004210       0x40 ./Middlewares/Third_Party/FatFs/src/diskio.o
                0x0000000008004210                disk_read
 .text.disk_write
                0x0000000008004250       0x40 ./Middlewares/Third_Party/FatFs/src/diskio.o
                0x0000000008004250                disk_write
 .text.disk_ioctl
                0x0000000008004290       0x3c ./Middlewares/Third_Party/FatFs/src/diskio.o
                0x0000000008004290                disk_ioctl
 .text.ld_word  0x00000000080042cc       0x30 ./Middlewares/Third_Party/FatFs/src/ff.o
 .text.ld_dword
                0x00000000080042fc       0x46 ./Middlewares/Third_Party/FatFs/src/ff.o
 .text.st_word  0x0000000008004342       0x36 ./Middlewares/Third_Party/FatFs/src/ff.o
 .text.st_dword
                0x0000000008004378       0x58 ./Middlewares/Third_Party/FatFs/src/ff.o
 .text.mem_cpy  0x00000000080043d0       0x42 ./Middlewares/Third_Party/FatFs/src/ff.o
 .text.mem_set  0x0000000008004412       0x36 ./Middlewares/Third_Party/FatFs/src/ff.o
 .text.mem_cmp  0x0000000008004448       0x4e ./Middlewares/Third_Party/FatFs/src/ff.o
 .text.chk_chr  0x0000000008004496       0x36 ./Middlewares/Third_Party/FatFs/src/ff.o
 .text.lock_fs  0x00000000080044cc       0x2c ./Middlewares/Third_Party/FatFs/src/ff.o
 .text.unlock_fs
                0x00000000080044f8       0x36 ./Middlewares/Third_Party/FatFs/src/ff.o
 *fill*         0x000000000800452e        0x2 
 .text.chk_lock
                0x0000000008004530       0xb8 ./Middlewares/Third_Party/FatFs/src/ff.o
 .text.enq_lock
                0x00000000080045e8       0x44 ./Middlewares/Third_Party/FatFs/src/ff.o
 .text.inc_lock
                0x000000000800462c      0x11c ./Middlewares/Third_Party/FatFs/src/ff.o
 .text.dec_lock
                0x0000000008004748       0x78 ./Middlewares/Third_Party/FatFs/src/ff.o
 .text.clear_lock
                0x00000000080047c0       0x48 ./Middlewares/Third_Party/FatFs/src/ff.o
 .text.sync_window
                0x0000000008004808       0x88 ./Middlewares/Third_Party/FatFs/src/ff.o
 .text.move_window
                0x0000000008004890       0x5a ./Middlewares/Third_Party/FatFs/src/ff.o
 *fill*         0x00000000080048ea        0x2 
 .text.sync_fs  0x00000000080048ec       0xe0 ./Middlewares/Third_Party/FatFs/src/ff.o
 .text.clust2sect
                0x00000000080049cc       0x3e ./Middlewares/Third_Party/FatFs/src/ff.o
 .text.get_fat  0x0000000008004a0a      0x1a8 ./Middlewares/Third_Party/FatFs/src/ff.o
 .text.put_fat  0x0000000008004bb2      0x238 ./Middlewares/Third_Party/FatFs/src/ff.o
 .text.remove_chain
                0x0000000008004dea       0xca ./Middlewares/Third_Party/FatFs/src/ff.o
 .text.create_chain
                0x0000000008004eb4      0x130 ./Middlewares/Third_Party/FatFs/src/ff.o
 .text.clmt_clust
                0x0000000008004fe4       0x70 ./Middlewares/Third_Party/FatFs/src/ff.o
 .text.dir_sdi  0x0000000008005054      0x112 ./Middlewares/Third_Party/FatFs/src/ff.o
 .text.dir_next
                0x0000000008005166      0x1ac ./Middlewares/Third_Party/FatFs/src/ff.o
 .text.dir_alloc
                0x0000000008005312       0x8e ./Middlewares/Third_Party/FatFs/src/ff.o
 .text.ld_clust
                0x00000000080053a0       0x3e ./Middlewares/Third_Party/FatFs/src/ff.o
 .text.st_clust
                0x00000000080053de       0x40 ./Middlewares/Third_Party/FatFs/src/ff.o
 *fill*         0x000000000800541e        0x2 
 .text.cmp_lfn  0x0000000008005420       0xe0 ./Middlewares/Third_Party/FatFs/src/ff.o
 .text.put_lfn  0x0000000008005500       0xd0 ./Middlewares/Third_Party/FatFs/src/ff.o
 .text.gen_numname
                0x00000000080055d0      0x11c ./Middlewares/Third_Party/FatFs/src/ff.o
 .text.sum_sfn  0x00000000080056ec       0x42 ./Middlewares/Third_Party/FatFs/src/ff.o
 .text.dir_find
                0x000000000800572e      0x180 ./Middlewares/Third_Party/FatFs/src/ff.o
 *fill*         0x00000000080058ae        0x2 
 .text.dir_register
                0x00000000080058b0      0x1f0 ./Middlewares/Third_Party/FatFs/src/ff.o
 .text.create_name
                0x0000000008005aa0      0x370 ./Middlewares/Third_Party/FatFs/src/ff.o
 .text.follow_path
                0x0000000008005e10       0xec ./Middlewares/Third_Party/FatFs/src/ff.o
 .text.get_ldnumber
                0x0000000008005efc       0x88 ./Middlewares/Third_Party/FatFs/src/ff.o
 .text.check_fs
                0x0000000008005f84       0xac ./Middlewares/Third_Party/FatFs/src/ff.o
 .text.find_volume
                0x0000000008006030      0x510 ./Middlewares/Third_Party/FatFs/src/ff.o
 .text.validate
                0x0000000008006540       0x8e ./Middlewares/Third_Party/FatFs/src/ff.o
 *fill*         0x00000000080065ce        0x2 
 .text.f_mount  0x00000000080065d0       0xc8 ./Middlewares/Third_Party/FatFs/src/ff.o
                0x00000000080065d0                f_mount
 .text.f_open   0x0000000008006698      0x5a0 ./Middlewares/Third_Party/FatFs/src/ff.o
                0x0000000008006698                f_open
 .text.f_write  0x0000000008006c38      0x386 ./Middlewares/Third_Party/FatFs/src/ff.o
                0x0000000008006c38                f_write
 .text.f_sync   0x0000000008006fbe      0x112 ./Middlewares/Third_Party/FatFs/src/ff.o
                0x0000000008006fbe                f_sync
 .text.f_close  0x00000000080070d0       0x5e ./Middlewares/Third_Party/FatFs/src/ff.o
                0x00000000080070d0                f_close
 .text.f_getfree
                0x000000000800712e      0x178 ./Middlewares/Third_Party/FatFs/src/ff.o
                0x000000000800712e                f_getfree
 .text.putc_bfd
                0x00000000080072a6       0x7a ./Middlewares/Third_Party/FatFs/src/ff.o
 .text.putc_flush
                0x0000000008007320       0x4a ./Middlewares/Third_Party/FatFs/src/ff.o
 .text.putc_init
                0x000000000800736a       0x2a ./Middlewares/Third_Party/FatFs/src/ff.o
 .text.f_puts   0x0000000008007394       0x48 ./Middlewares/Third_Party/FatFs/src/ff.o
                0x0000000008007394                f_puts
 .text.FATFS_LinkDriverEx
                0x00000000080073dc       0x98 ./Middlewares/Third_Party/FatFs/src/ff_gen_drv.o
                0x00000000080073dc                FATFS_LinkDriverEx
 .text.FATFS_LinkDriver
                0x0000000008007474       0x1e ./Middlewares/Third_Party/FatFs/src/ff_gen_drv.o
                0x0000000008007474                FATFS_LinkDriver
 *fill*         0x0000000008007492        0x2 
 .text.ff_convert
                0x0000000008007494       0x78 ./Middlewares/Third_Party/FatFs/src/option/ccsbcs.o
                0x0000000008007494                ff_convert
 .text.ff_wtoupper
                0x000000000800750c      0x114 ./Middlewares/Third_Party/FatFs/src/option/ccsbcs.o
                0x000000000800750c                ff_wtoupper
 .text.ff_cre_syncobj
                0x0000000008007620       0x36 ./Middlewares/Third_Party/FatFs/src/option/syscall.o
                0x0000000008007620                ff_cre_syncobj
 .text.ff_del_syncobj
                0x0000000008007656       0x18 ./Middlewares/Third_Party/FatFs/src/option/syscall.o
                0x0000000008007656                ff_del_syncobj
 .text.ff_req_grant
                0x000000000800766e       0x2a ./Middlewares/Third_Party/FatFs/src/option/syscall.o
                0x000000000800766e                ff_req_grant
 .text.ff_rel_grant
                0x0000000008007698       0x16 ./Middlewares/Third_Party/FatFs/src/option/syscall.o
                0x0000000008007698                ff_rel_grant
 *fill*         0x00000000080076ae        0x2 
 .text.__NVIC_SetPriority
                0x00000000080076b0       0x54 ./Middlewares/Third_Party/FreeRTOS/Source/CMSIS_RTOS_V2/cmsis_os2.o
 .text.SVC_Setup
                0x0000000008007704       0x12 ./Middlewares/Third_Party/FreeRTOS/Source/CMSIS_RTOS_V2/cmsis_os2.o
 *fill*         0x0000000008007716        0x2 
 .text.osKernelInitialize
                0x0000000008007718       0x48 ./Middlewares/Third_Party/FreeRTOS/Source/CMSIS_RTOS_V2/cmsis_os2.o
                0x0000000008007718                osKernelInitialize
 .text.osKernelStart
                0x0000000008007760       0x4c ./Middlewares/Third_Party/FreeRTOS/Source/CMSIS_RTOS_V2/cmsis_os2.o
                0x0000000008007760                osKernelStart
 .text.osThreadNew
                0x00000000080077ac      0x124 ./Middlewares/Third_Party/FreeRTOS/Source/CMSIS_RTOS_V2/cmsis_os2.o
                0x00000000080077ac                osThreadNew
 .text.osDelay  0x00000000080078d0       0x36 ./Middlewares/Third_Party/FreeRTOS/Source/CMSIS_RTOS_V2/cmsis_os2.o
                0x00000000080078d0                osDelay
 .text.TimerCallback
                0x0000000008007906       0x2a ./Middlewares/Third_Party/FreeRTOS/Source/CMSIS_RTOS_V2/cmsis_os2.o
 .text.osTimerNew
                0x0000000008007930       0xf8 ./Middlewares/Third_Party/FreeRTOS/Source/CMSIS_RTOS_V2/cmsis_os2.o
                0x0000000008007930                osTimerNew
 .text.osSemaphoreNew
                0x0000000008007a28      0x112 ./Middlewares/Third_Party/FreeRTOS/Source/CMSIS_RTOS_V2/cmsis_os2.o
                0x0000000008007a28                osSemaphoreNew
 *fill*         0x0000000008007b3a        0x2 
 .text.osSemaphoreAcquire
                0x0000000008007b3c       0xa4 ./Middlewares/Third_Party/FreeRTOS/Source/CMSIS_RTOS_V2/cmsis_os2.o
                0x0000000008007b3c                osSemaphoreAcquire
 .text.osSemaphoreRelease
                0x0000000008007be0       0x88 ./Middlewares/Third_Party/FreeRTOS/Source/CMSIS_RTOS_V2/cmsis_os2.o
                0x0000000008007be0                osSemaphoreRelease
 .text.osSemaphoreDelete
                0x0000000008007c68       0x48 ./Middlewares/Third_Party/FreeRTOS/Source/CMSIS_RTOS_V2/cmsis_os2.o
                0x0000000008007c68                osSemaphoreDelete
 .text.vApplicationGetIdleTaskMemory
                0x0000000008007cb0       0x34 ./Middlewares/Third_Party/FreeRTOS/Source/CMSIS_RTOS_V2/cmsis_os2.o
                0x0000000008007cb0                vApplicationGetIdleTaskMemory
 .text.vApplicationGetTimerTaskMemory
                0x0000000008007ce4       0x34 ./Middlewares/Third_Party/FreeRTOS/Source/CMSIS_RTOS_V2/cmsis_os2.o
                0x0000000008007ce4                vApplicationGetTimerTaskMemory
 .text.vListInitialise
                0x0000000008007d18       0x40 ./Middlewares/Third_Party/FreeRTOS/Source/list.o
                0x0000000008007d18                vListInitialise
 .text.vListInitialiseItem
                0x0000000008007d58       0x1a ./Middlewares/Third_Party/FreeRTOS/Source/list.o
                0x0000000008007d58                vListInitialiseItem
 .text.vListInsertEnd
                0x0000000008007d72       0x48 ./Middlewares/Third_Party/FreeRTOS/Source/list.o
                0x0000000008007d72                vListInsertEnd
 .text.vListInsert
                0x0000000008007dba       0x72 ./Middlewares/Third_Party/FreeRTOS/Source/list.o
                0x0000000008007dba                vListInsert
 .text.uxListRemove
                0x0000000008007e2c       0x54 ./Middlewares/Third_Party/FreeRTOS/Source/list.o
                0x0000000008007e2c                uxListRemove
 .text.xQueueGenericReset
                0x0000000008007e80       0xd0 ./Middlewares/Third_Party/FreeRTOS/Source/queue.o
                0x0000000008007e80                xQueueGenericReset
 .text.xQueueGenericCreateStatic
                0x0000000008007f50       0xf0 ./Middlewares/Third_Party/FreeRTOS/Source/queue.o
                0x0000000008007f50                xQueueGenericCreateStatic
 .text.xQueueGenericCreate
                0x0000000008008040       0x74 ./Middlewares/Third_Party/FreeRTOS/Source/queue.o
                0x0000000008008040                xQueueGenericCreate
 .text.prvInitialiseNewQueue
                0x00000000080080b4       0x46 ./Middlewares/Third_Party/FreeRTOS/Source/queue.o
 .text.xQueueCreateCountingSemaphoreStatic
                0x00000000080080fa       0x6e ./Middlewares/Third_Party/FreeRTOS/Source/queue.o
                0x00000000080080fa                xQueueCreateCountingSemaphoreStatic
 .text.xQueueCreateCountingSemaphore
                0x0000000008008168       0x66 ./Middlewares/Third_Party/FreeRTOS/Source/queue.o
                0x0000000008008168                xQueueCreateCountingSemaphore
 *fill*         0x00000000080081ce        0x2 
 .text.xQueueGenericSend
                0x00000000080081d0      0x1fc ./Middlewares/Third_Party/FreeRTOS/Source/queue.o
                0x00000000080081d0                xQueueGenericSend
 .text.xQueueGenericSendFromISR
                0x00000000080083cc      0x136 ./Middlewares/Third_Party/FreeRTOS/Source/queue.o
                0x00000000080083cc                xQueueGenericSendFromISR
 .text.xQueueGiveFromISR
                0x0000000008008502      0x11a ./Middlewares/Third_Party/FreeRTOS/Source/queue.o
                0x0000000008008502                xQueueGiveFromISR
 .text.xQueueReceive
                0x000000000800861c      0x1c0 ./Middlewares/Third_Party/FreeRTOS/Source/queue.o
                0x000000000800861c                xQueueReceive
 .text.xQueueSemaphoreTake
                0x00000000080087dc      0x218 ./Middlewares/Third_Party/FreeRTOS/Source/queue.o
                0x00000000080087dc                xQueueSemaphoreTake
 .text.xQueueReceiveFromISR
                0x00000000080089f4      0x100 ./Middlewares/Third_Party/FreeRTOS/Source/queue.o
                0x00000000080089f4                xQueueReceiveFromISR
 .text.vQueueDelete
                0x0000000008008af4       0x46 ./Middlewares/Third_Party/FreeRTOS/Source/queue.o
                0x0000000008008af4                vQueueDelete
 .text.prvGetDisinheritPriorityAfterTimeout
                0x0000000008008b3a       0x30 ./Middlewares/Third_Party/FreeRTOS/Source/queue.o
 .text.prvCopyDataToQueue
                0x0000000008008b6a       0xd4 ./Middlewares/Third_Party/FreeRTOS/Source/queue.o
 .text.prvCopyDataFromQueue
                0x0000000008008c3e       0x4c ./Middlewares/Third_Party/FreeRTOS/Source/queue.o
 .text.prvUnlockQueue
                0x0000000008008c8a       0xa4 ./Middlewares/Third_Party/FreeRTOS/Source/queue.o
 .text.prvIsQueueEmpty
                0x0000000008008d2e       0x2c ./Middlewares/Third_Party/FreeRTOS/Source/queue.o
 .text.prvIsQueueFull
                0x0000000008008d5a       0x30 ./Middlewares/Third_Party/FreeRTOS/Source/queue.o
 *fill*         0x0000000008008d8a        0x2 
 .text.vQueueAddToRegistry
                0x0000000008008d8c       0x54 ./Middlewares/Third_Party/FreeRTOS/Source/queue.o
                0x0000000008008d8c                vQueueAddToRegistry
 .text.vQueueUnregisterQueue
                0x0000000008008de0       0x54 ./Middlewares/Third_Party/FreeRTOS/Source/queue.o
                0x0000000008008de0                vQueueUnregisterQueue
 .text.vQueueWaitForMessageRestricted
                0x0000000008008e34       0x68 ./Middlewares/Third_Party/FreeRTOS/Source/queue.o
                0x0000000008008e34                vQueueWaitForMessageRestricted
 .text.xTaskCreateStatic
                0x0000000008008e9c       0xba ./Middlewares/Third_Party/FreeRTOS/Source/tasks.o
                0x0000000008008e9c                xTaskCreateStatic
 .text.xTaskCreate
                0x0000000008008f56       0x8a ./Middlewares/Third_Party/FreeRTOS/Source/tasks.o
                0x0000000008008f56                xTaskCreate
 .text.prvInitialiseNewTask
                0x0000000008008fe0      0x11e ./Middlewares/Third_Party/FreeRTOS/Source/tasks.o
 *fill*         0x00000000080090fe        0x2 
 .text.prvAddNewTaskToReadyList
                0x0000000008009100       0xe0 ./Middlewares/Third_Party/FreeRTOS/Source/tasks.o
 .text.vTaskDelay
                0x00000000080091e0       0x68 ./Middlewares/Third_Party/FreeRTOS/Source/tasks.o
                0x00000000080091e0                vTaskDelay
 .text.vTaskStartScheduler
                0x0000000008009248       0xcc ./Middlewares/Third_Party/FreeRTOS/Source/tasks.o
                0x0000000008009248                vTaskStartScheduler
 .text.vTaskSuspendAll
                0x0000000008009314       0x1c ./Middlewares/Third_Party/FreeRTOS/Source/tasks.o
                0x0000000008009314                vTaskSuspendAll
 .text.xTaskResumeAll
                0x0000000008009330      0x13c ./Middlewares/Third_Party/FreeRTOS/Source/tasks.o
                0x0000000008009330                xTaskResumeAll
 .text.xTaskGetTickCount
                0x000000000800946c       0x20 ./Middlewares/Third_Party/FreeRTOS/Source/tasks.o
                0x000000000800946c                xTaskGetTickCount
 .text.xTaskIncrementTick
                0x000000000800948c      0x174 ./Middlewares/Third_Party/FreeRTOS/Source/tasks.o
                0x000000000800948c                xTaskIncrementTick
 .text.vTaskSwitchContext
                0x0000000008009600       0xbc ./Middlewares/Third_Party/FreeRTOS/Source/tasks.o
                0x0000000008009600                vTaskSwitchContext
 .text.vTaskPlaceOnEventList
                0x00000000080096bc       0x48 ./Middlewares/Third_Party/FreeRTOS/Source/tasks.o
                0x00000000080096bc                vTaskPlaceOnEventList
 .text.vTaskPlaceOnEventListRestricted
                0x0000000008009704       0x58 ./Middlewares/Third_Party/FreeRTOS/Source/tasks.o
                0x0000000008009704                vTaskPlaceOnEventListRestricted
 .text.xTaskRemoveFromEventList
                0x000000000800975c       0xc8 ./Middlewares/Third_Party/FreeRTOS/Source/tasks.o
                0x000000000800975c                xTaskRemoveFromEventList
 .text.vTaskInternalSetTimeOutState
                0x0000000008009824       0x2c ./Middlewares/Third_Party/FreeRTOS/Source/tasks.o
                0x0000000008009824                vTaskInternalSetTimeOutState
 .text.xTaskCheckForTimeOut
                0x0000000008009850       0xc4 ./Middlewares/Third_Party/FreeRTOS/Source/tasks.o
                0x0000000008009850                xTaskCheckForTimeOut
 .text.vTaskMissedYield
                0x0000000008009914       0x18 ./Middlewares/Third_Party/FreeRTOS/Source/tasks.o
                0x0000000008009914                vTaskMissedYield
 .text.prvIdleTask
                0x000000000800992c       0x30 ./Middlewares/Third_Party/FreeRTOS/Source/tasks.o
 .text.prvInitialiseTaskLists
                0x000000000800995c       0x80 ./Middlewares/Third_Party/FreeRTOS/Source/tasks.o
 .text.prvCheckTasksWaitingTermination
                0x00000000080099dc       0x5c ./Middlewares/Third_Party/FreeRTOS/Source/tasks.o
 .text.prvDeleteTCB
                0x0000000008009a38       0x5e ./Middlewares/Third_Party/FreeRTOS/Source/tasks.o
 *fill*         0x0000000008009a96        0x2 
 .text.prvResetNextTaskUnblockTime
                0x0000000008009a98       0x40 ./Middlewares/Third_Party/FreeRTOS/Source/tasks.o
 .text.xTaskGetSchedulerState
                0x0000000008009ad8       0x3c ./Middlewares/Third_Party/FreeRTOS/Source/tasks.o
                0x0000000008009ad8                xTaskGetSchedulerState
 .text.xTaskPriorityInherit
                0x0000000008009b14       0xd0 ./Middlewares/Third_Party/FreeRTOS/Source/tasks.o
                0x0000000008009b14                xTaskPriorityInherit
 .text.xTaskPriorityDisinherit
                0x0000000008009be4       0xdc ./Middlewares/Third_Party/FreeRTOS/Source/tasks.o
                0x0000000008009be4                xTaskPriorityDisinherit
 .text.vTaskPriorityDisinheritAfterTimeout
                0x0000000008009cc0      0x104 ./Middlewares/Third_Party/FreeRTOS/Source/tasks.o
                0x0000000008009cc0                vTaskPriorityDisinheritAfterTimeout
 .text.pvTaskIncrementMutexHeldCount
                0x0000000008009dc4       0x28 ./Middlewares/Third_Party/FreeRTOS/Source/tasks.o
                0x0000000008009dc4                pvTaskIncrementMutexHeldCount
 .text.prvAddCurrentTaskToDelayedList
                0x0000000008009dec       0xa8 ./Middlewares/Third_Party/FreeRTOS/Source/tasks.o
 .text.xTimerCreateTimerTask
                0x0000000008009e94       0x90 ./Middlewares/Third_Party/FreeRTOS/Source/timers.o
                0x0000000008009e94                xTimerCreateTimerTask
 .text.xTimerCreate
                0x0000000008009f24       0x42 ./Middlewares/Third_Party/FreeRTOS/Source/timers.o
                0x0000000008009f24                xTimerCreate
 .text.xTimerCreateStatic
                0x0000000008009f66       0x7c ./Middlewares/Third_Party/FreeRTOS/Source/timers.o
                0x0000000008009f66                xTimerCreateStatic
 .text.prvInitialiseNewTimer
                0x0000000008009fe2       0x76 ./Middlewares/Third_Party/FreeRTOS/Source/timers.o
 .text.xTimerGenericCommand
                0x000000000800a058       0x9c ./Middlewares/Third_Party/FreeRTOS/Source/timers.o
                0x000000000800a058                xTimerGenericCommand
 .text.prvProcessExpiredTimer
                0x000000000800a0f4       0x98 ./Middlewares/Third_Party/FreeRTOS/Source/timers.o
 .text.prvTimerTask
                0x000000000800a18c       0x24 ./Middlewares/Third_Party/FreeRTOS/Source/timers.o
 .text.prvProcessTimerOrBlockTask
                0x000000000800a1b0       0x9c ./Middlewares/Third_Party/FreeRTOS/Source/timers.o
 .text.prvGetNextExpireTime
                0x000000000800a24c       0x48 ./Middlewares/Third_Party/FreeRTOS/Source/timers.o
 .text.prvSampleTimeNow
                0x000000000800a294       0x40 ./Middlewares/Third_Party/FreeRTOS/Source/timers.o
 .text.prvInsertTimerInActiveList
                0x000000000800a2d4       0x84 ./Middlewares/Third_Party/FreeRTOS/Source/timers.o
 .text.prvProcessReceivedCommands
                0x000000000800a358      0x1c4 ./Middlewares/Third_Party/FreeRTOS/Source/timers.o
 .text.prvSwitchTimerLists
                0x000000000800a51c       0xc8 ./Middlewares/Third_Party/FreeRTOS/Source/timers.o
 .text.prvCheckForValidListAndQueue
                0x000000000800a5e4       0x80 ./Middlewares/Third_Party/FreeRTOS/Source/timers.o
 .text.pvTimerGetTimerID
                0x000000000800a664       0x40 ./Middlewares/Third_Party/FreeRTOS/Source/timers.o
                0x000000000800a664                pvTimerGetTimerID
 .text.pxPortInitialiseStack
                0x000000000800a6a4       0x68 ./Middlewares/Third_Party/FreeRTOS/Source/portable/GCC/ARM_CM4F/port.o
                0x000000000800a6a4                pxPortInitialiseStack
 .text.prvTaskExitError
                0x000000000800a70c       0x58 ./Middlewares/Third_Party/FreeRTOS/Source/portable/GCC/ARM_CM4F/port.o
 *fill*         0x000000000800a764        0xc 
 .text.SVC_Handler
                0x000000000800a770       0x28 ./Middlewares/Third_Party/FreeRTOS/Source/portable/GCC/ARM_CM4F/port.o
                0x000000000800a770                SVC_Handler
 .text.prvPortStartFirstTask
                0x000000000800a798       0x28 ./Middlewares/Third_Party/FreeRTOS/Source/portable/GCC/ARM_CM4F/port.o
 .text.xPortStartScheduler
                0x000000000800a7c0      0x144 ./Middlewares/Third_Party/FreeRTOS/Source/portable/GCC/ARM_CM4F/port.o
                0x000000000800a7c0                xPortStartScheduler
 .text.vPortEnterCritical
                0x000000000800a904       0x60 ./Middlewares/Third_Party/FreeRTOS/Source/portable/GCC/ARM_CM4F/port.o
                0x000000000800a904                vPortEnterCritical
 .text.vPortExitCritical
                0x000000000800a964       0x54 ./Middlewares/Third_Party/FreeRTOS/Source/portable/GCC/ARM_CM4F/port.o
                0x000000000800a964                vPortExitCritical
 *fill*         0x000000000800a9b8        0x8 
 .text.PendSV_Handler
                0x000000000800a9c0       0x68 ./Middlewares/Third_Party/FreeRTOS/Source/portable/GCC/ARM_CM4F/port.o
                0x000000000800a9c0                PendSV_Handler
 .text.xPortSysTickHandler
                0x000000000800aa28       0x44 ./Middlewares/Third_Party/FreeRTOS/Source/portable/GCC/ARM_CM4F/port.o
                0x000000000800aa28                xPortSysTickHandler
 .text.vPortSetupTimerInterrupt
                0x000000000800aa6c       0x48 ./Middlewares/Third_Party/FreeRTOS/Source/portable/GCC/ARM_CM4F/port.o
                0x000000000800aa6c                vPortSetupTimerInterrupt
 .text.vPortEnableVFP
                0x000000000800aab4       0x14 ./Middlewares/Third_Party/FreeRTOS/Source/portable/GCC/ARM_CM4F/port.o
 .text.vPortValidateInterruptPriority
                0x000000000800aac8       0x80 ./Middlewares/Third_Party/FreeRTOS/Source/portable/GCC/ARM_CM4F/port.o
                0x000000000800aac8                vPortValidateInterruptPriority
 .text.pvPortMalloc
                0x000000000800ab48      0x198 ./Middlewares/Third_Party/FreeRTOS/Source/portable/MemMang/heap_4.o
                0x000000000800ab48                pvPortMalloc
 .text.vPortFree
                0x000000000800ace0       0xc4 ./Middlewares/Third_Party/FreeRTOS/Source/portable/MemMang/heap_4.o
                0x000000000800ace0                vPortFree
 .text.prvHeapInit
                0x000000000800ada4       0xc4 ./Middlewares/Third_Party/FreeRTOS/Source/portable/MemMang/heap_4.o
 .text.prvInsertBlockIntoFreeList
                0x000000000800ae68       0xb4 ./Middlewares/Third_Party/FreeRTOS/Source/portable/MemMang/heap_4.o
 .text.APP_timeoutTimerIRQHandler
                0x000000000800af1c       0x14 ./application/Src/app.o
                0x000000000800af1c                APP_timeoutTimerIRQHandler
 .text.APP_periodicTimerIRQHandler
                0x000000000800af30       0x14 ./application/Src/app.o
                0x000000000800af30                APP_periodicTimerIRQHandler
 .text.Initilialise_App
                0x000000000800af44      0x238 ./application/Src/app.o
                0x000000000800af44                Initilialise_App
 .text.MAIN_App
                0x000000000800b17c       0x10 ./application/Src/app.o
                0x000000000800b17c                MAIN_App
 .text.Process_TelemetryMAIN_TaskHandler
                0x000000000800b18c       0x2c ./application/Src/app.o
                0x000000000800b18c                Process_TelemetryMAIN_TaskHandler
 .text.Process_Flash_TaskHandler
                0x000000000800b1b8       0x54 ./application/Src/app.o
                0x000000000800b1b8                Process_Flash_TaskHandler
 .text.Process_CAN_TaskHandler
                0x000000000800b20c       0x54 ./application/Src/app.o
                0x000000000800b20c                Process_CAN_TaskHandler
 .text.Process_RTC_TaskHandler
                0x000000000800b260       0x54 ./application/Src/app.o
                0x000000000800b260                Process_RTC_TaskHandler
 .text.Process_SDCARD_TaskHandler
                0x000000000800b2b4       0x54 ./application/Src/app.o
                0x000000000800b2b4                Process_SDCARD_TaskHandler
 .text.Process_WIFI_TaskHandler
                0x000000000800b308       0x54 ./application/Src/app.o
                0x000000000800b308                Process_WIFI_TaskHandler
 .text.Process_NEXTION_TaskHandler
                0x000000000800b35c       0x54 ./application/Src/app.o
                0x000000000800b35c                Process_NEXTION_TaskHandler
 .text.Process_Flash_Run
                0x000000000800b3b0       0x6c ./application/Src/app.o
                0x000000000800b3b0                Process_Flash_Run
 .text.Process_Can_Run
                0x000000000800b41c       0x6c ./application/Src/app.o
                0x000000000800b41c                Process_Can_Run
 .text.Process_SDCARD_Run
                0x000000000800b488       0x6c ./application/Src/app.o
                0x000000000800b488                Process_SDCARD_Run
 .text.Process_WIFI_Run
                0x000000000800b4f4       0x6c ./application/Src/app.o
                0x000000000800b4f4                Process_WIFI_Run
 .text.Process_NEXTION_Run
                0x000000000800b560       0x6c ./application/Src/app.o
                0x000000000800b560                Process_NEXTION_Run
 .text.ModuleCAN_HWInit
                0x000000000800b5cc        0xe ./features/ModuleCAN/Src/ModuleCAN.o
                0x000000000800b5cc                ModuleCAN_HWInit
 .text.ModuleCAN_SWInit
                0x000000000800b5da        0xe ./features/ModuleCAN/Src/ModuleCAN.o
                0x000000000800b5da                ModuleCAN_SWInit
 .text.ModuleCAN_StartUP
                0x000000000800b5e8       0x10 ./features/ModuleCAN/Src/ModuleCAN.o
                0x000000000800b5e8                ModuleCAN_StartUP
 .text.ModuleCAN_MAIN_Routine
                0x000000000800b5f8        0xe ./features/ModuleCAN/Src/ModuleCAN.o
                0x000000000800b5f8                ModuleCAN_MAIN_Routine
 .text.ModuleCAN_MAIN_Process
                0x000000000800b606        0xe ./features/ModuleCAN/Src/ModuleCAN.o
                0x000000000800b606                ModuleCAN_MAIN_Process
 .text.ModuleCAN_MAIN
                0x000000000800b614       0x54 ./features/ModuleCAN/Src/ModuleCAN.o
                0x000000000800b614                ModuleCAN_MAIN
 .text.ModuleFlash_HWInit
                0x000000000800b668        0xe ./features/ModuleFlash/Src/ModuleFlash.o
                0x000000000800b668                ModuleFlash_HWInit
 .text.ModuleFlash_SWInit
                0x000000000800b676        0xe ./features/ModuleFlash/Src/ModuleFlash.o
                0x000000000800b676                ModuleFlash_SWInit
 .text.ModuleFlash_StartUP
                0x000000000800b684       0x10 ./features/ModuleFlash/Src/ModuleFlash.o
                0x000000000800b684                ModuleFlash_StartUP
 .text.ModuleFlash_MAIN_Routine
                0x000000000800b694        0xe ./features/ModuleFlash/Src/ModuleFlash.o
                0x000000000800b694                ModuleFlash_MAIN_Routine
 .text.ModuleFlash_MAIN_Process
                0x000000000800b6a2        0xe ./features/ModuleFlash/Src/ModuleFlash.o
                0x000000000800b6a2                ModuleFlash_MAIN_Process
 .text.ModuleFlash_MAIN
                0x000000000800b6b0       0x50 ./features/ModuleFlash/Src/ModuleFlash.o
                0x000000000800b6b0                ModuleFlash_MAIN
 .text.ModuleNEXTION_HWInit
                0x000000000800b700        0xe ./features/ModuleNEXTION/Src/ModuleNEXTION.o
                0x000000000800b700                ModuleNEXTION_HWInit
 .text.ModuleNEXTION_SWInit
                0x000000000800b70e        0xe ./features/ModuleNEXTION/Src/ModuleNEXTION.o
                0x000000000800b70e                ModuleNEXTION_SWInit
 .text.ModuleNEXTION_StartUP
                0x000000000800b71c       0x10 ./features/ModuleNEXTION/Src/ModuleNEXTION.o
                0x000000000800b71c                ModuleNEXTION_StartUP
 .text.ModuleNEXTION_MAIN_Routine
                0x000000000800b72c        0xe ./features/ModuleNEXTION/Src/ModuleNEXTION.o
                0x000000000800b72c                ModuleNEXTION_MAIN_Routine
 .text.ModuleNEXTION_MAIN_Process
                0x000000000800b73a        0xe ./features/ModuleNEXTION/Src/ModuleNEXTION.o
                0x000000000800b73a                ModuleNEXTION_MAIN_Process
 .text.ModuleNEXTION_MAIN
                0x000000000800b748       0x50 ./features/ModuleNEXTION/Src/ModuleNEXTION.o
                0x000000000800b748                ModuleNEXTION_MAIN
 .text.ModuleRTC_HWInit
                0x000000000800b798        0xe ./features/ModuleRTC/Src/ModuleRTC.o
                0x000000000800b798                ModuleRTC_HWInit
 .text.ModuleRTC_SWInit
                0x000000000800b7a6        0xe ./features/ModuleRTC/Src/ModuleRTC.o
                0x000000000800b7a6                ModuleRTC_SWInit
 .text.ModuleRTC_StartUP
                0x000000000800b7b4       0x10 ./features/ModuleRTC/Src/ModuleRTC.o
                0x000000000800b7b4                ModuleRTC_StartUP
 .text.ModuleRTC_MAIN_Routine
                0x000000000800b7c4        0xe ./features/ModuleRTC/Src/ModuleRTC.o
                0x000000000800b7c4                ModuleRTC_MAIN_Routine
 .text.ModuleRTC_MAIN_Process
                0x000000000800b7d2        0xe ./features/ModuleRTC/Src/ModuleRTC.o
                0x000000000800b7d2                ModuleRTC_MAIN_Process
 .text.ModuleRTC_MAIN
                0x000000000800b7e0       0x50 ./features/ModuleRTC/Src/ModuleRTC.o
                0x000000000800b7e0                ModuleRTC_MAIN
 .text.ModuleSDCard_HWInit
                0x000000000800b830        0xe ./features/ModuleSDCard/Src/ModuleSDCard.o
                0x000000000800b830                ModuleSDCard_HWInit
 .text.ModuleSDCard_SWInit
                0x000000000800b83e        0xe ./features/ModuleSDCard/Src/ModuleSDCard.o
                0x000000000800b83e                ModuleSDCard_SWInit
 .text.ModuleSDCard_StartUP
                0x000000000800b84c       0x10 ./features/ModuleSDCard/Src/ModuleSDCard.o
                0x000000000800b84c                ModuleSDCard_StartUP
 .text.ModuleSDCard_MAIN_Routine
                0x000000000800b85c       0xe0 ./features/ModuleSDCard/Src/ModuleSDCard.o
                0x000000000800b85c                ModuleSDCard_MAIN_Routine
 .text.ModuleSDCard_MAIN_Process
                0x000000000800b93c        0xe ./features/ModuleSDCard/Src/ModuleSDCard.o
                0x000000000800b93c                ModuleSDCard_MAIN_Process
 *fill*         0x000000000800b94a        0x2 
 .text.ModuleSDCard_MAIN
                0x000000000800b94c       0x50 ./features/ModuleSDCard/Src/ModuleSDCard.o
                0x000000000800b94c                ModuleSDCard_MAIN
 .text.ModuleWIFI_HWInit
                0x000000000800b99c        0xe ./features/ModuleWIFI/Src/ModuleWIFI.o
                0x000000000800b99c                ModuleWIFI_HWInit
 .text.ModuleWIFI_SWInit
                0x000000000800b9aa        0xe ./features/ModuleWIFI/Src/ModuleWIFI.o
                0x000000000800b9aa                ModuleWIFI_SWInit
 .text.ModuleWIFI_StartUP
                0x000000000800b9b8       0x10 ./features/ModuleWIFI/Src/ModuleWIFI.o
                0x000000000800b9b8                ModuleWIFI_StartUP
 .text.ModuleWIFI_MAIN_Routine
                0x000000000800b9c8        0xe ./features/ModuleWIFI/Src/ModuleWIFI.o
                0x000000000800b9c8                ModuleWIFI_MAIN_Routine
 .text.ModuleWIFI_MAIN_Process
                0x000000000800b9d6        0xe ./features/ModuleWIFI/Src/ModuleWIFI.o
                0x000000000800b9d6                ModuleWIFI_MAIN_Process
 .text.ModuleWIFI_MAIN
                0x000000000800b9e4       0x50 ./features/ModuleWIFI/Src/ModuleWIFI.o
                0x000000000800b9e4                ModuleWIFI_MAIN
 .text.TelemetryMain_HWInit
                0x000000000800ba34        0xe ./features/TelemetryMAIN/Src/TelemetryMAIN.o
                0x000000000800ba34                TelemetryMain_HWInit
 .text.TelemetryMain_SWInit
                0x000000000800ba42        0xe ./features/TelemetryMAIN/Src/TelemetryMAIN.o
                0x000000000800ba42                TelemetryMain_SWInit
 .text.TelemetryMain_StartUP
                0x000000000800ba50       0x10 ./features/TelemetryMAIN/Src/TelemetryMAIN.o
                0x000000000800ba50                TelemetryMain_StartUP
 .text.TelemetryMain_MAIN_Routine
                0x000000000800ba60        0xe ./features/TelemetryMAIN/Src/TelemetryMAIN.o
                0x000000000800ba60                TelemetryMain_MAIN_Routine
 .text.TelemetryMain_MAIN_Process
                0x000000000800ba6e        0xe ./features/TelemetryMAIN/Src/TelemetryMAIN.o
                0x000000000800ba6e                TelemetryMain_MAIN_Process
 .text.TelemetyMain_MAIN
                0x000000000800ba7c       0x50 ./features/TelemetryMAIN/Src/TelemetryMAIN.o
                0x000000000800ba7c                TelemetyMain_MAIN
 .text.__libc_init_array
                0x000000000800bacc       0x48 c:/st/stm32cubeide_1.11.2/stm32cubeide/plugins/com.st.stm32cube.ide.mcu.externaltools.gnu-tools-for-stm32.10.3-2021.10.win32_1.0.100.202210260954/tools/bin/../lib/gcc/arm-none-eabi/10.3.1/../../../../arm-none-eabi/lib/thumb/v7e-m+fp/hard\libc_nano.a(lib_a-init.o)
                0x000000000800bacc                __libc_init_array
 .text.memcpy   0x000000000800bb14       0x1c c:/st/stm32cubeide_1.11.2/stm32cubeide/plugins/com.st.stm32cube.ide.mcu.externaltools.gnu-tools-for-stm32.10.3-2021.10.win32_1.0.100.202210260954/tools/bin/../lib/gcc/arm-none-eabi/10.3.1/../../../../arm-none-eabi/lib/thumb/v7e-m+fp/hard\libc_nano.a(lib_a-memcpy-stub.o)
                0x000000000800bb14                memcpy
 .text.memset   0x000000000800bb30       0x10 c:/st/stm32cubeide_1.11.2/stm32cubeide/plugins/com.st.stm32cube.ide.mcu.externaltools.gnu-tools-for-stm32.10.3-2021.10.win32_1.0.100.202210260954/tools/bin/../lib/gcc/arm-none-eabi/10.3.1/../../../../arm-none-eabi/lib/thumb/v7e-m+fp/hard\libc_nano.a(lib_a-memset.o)
                0x000000000800bb30                memset
 *(.glue_7)
 .glue_7        0x000000000800bb40        0x0 linker stubs
 *(.glue_7t)
 .glue_7t       0x000000000800bb40        0x0 linker stubs
 *(.eh_frame)
 .eh_frame      0x000000000800bb40        0x0 c:/st/stm32cubeide_1.11.2/stm32cubeide/plugins/com.st.stm32cube.ide.mcu.externaltools.gnu-tools-for-stm32.10.3-2021.10.win32_1.0.100.202210260954/tools/bin/../lib/gcc/arm-none-eabi/10.3.1/thumb/v7e-m+fp/hard/crtbegin.o
 *(.init)
 .init          0x000000000800bb40        0x4 c:/st/stm32cubeide_1.11.2/stm32cubeide/plugins/com.st.stm32cube.ide.mcu.externaltools.gnu-tools-for-stm32.10.3-2021.10.win32_1.0.100.202210260954/tools/bin/../lib/gcc/arm-none-eabi/10.3.1/thumb/v7e-m+fp/hard/crti.o
                0x000000000800bb40                _init
 .init          0x000000000800bb44        0x8 c:/st/stm32cubeide_1.11.2/stm32cubeide/plugins/com.st.stm32cube.ide.mcu.externaltools.gnu-tools-for-stm32.10.3-2021.10.win32_1.0.100.202210260954/tools/bin/../lib/gcc/arm-none-eabi/10.3.1/thumb/v7e-m+fp/hard/crtn.o
 *(.fini)
 .fini          0x000000000800bb4c        0x4 c:/st/stm32cubeide_1.11.2/stm32cubeide/plugins/com.st.stm32cube.ide.mcu.externaltools.gnu-tools-for-stm32.10.3-2021.10.win32_1.0.100.202210260954/tools/bin/../lib/gcc/arm-none-eabi/10.3.1/thumb/v7e-m+fp/hard/crti.o
                0x000000000800bb4c                _fini
 .fini          0x000000000800bb50        0x8 c:/st/stm32cubeide_1.11.2/stm32cubeide/plugins/com.st.stm32cube.ide.mcu.externaltools.gnu-tools-for-stm32.10.3-2021.10.win32_1.0.100.202210260954/tools/bin/../lib/gcc/arm-none-eabi/10.3.1/thumb/v7e-m+fp/hard/crtn.o
                0x000000000800bb58                . = ALIGN (0x4)
                0x000000000800bb58                _etext = .

.vfp11_veneer   0x000000000800bb58        0x0
 .vfp11_veneer  0x000000000800bb58        0x0 linker stubs

.v4_bx          0x000000000800bb58        0x0
 .v4_bx         0x000000000800bb58        0x0 linker stubs

.iplt           0x000000000800bb58        0x0
 .iplt          0x000000000800bb58        0x0 c:/st/stm32cubeide_1.11.2/stm32cubeide/plugins/com.st.stm32cube.ide.mcu.externaltools.gnu-tools-for-stm32.10.3-2021.10.win32_1.0.100.202210260954/tools/bin/../lib/gcc/arm-none-eabi/10.3.1/thumb/v7e-m+fp/hard/crtbegin.o

.rodata         0x000000000800bb58      0x624
                0x000000000800bb58                . = ALIGN (0x4)
 *(.rodata)
 .rodata        0x000000000800bb58        0xc ./Core/Src/main.o
 .rodata        0x000000000800bb64       0x48 ./Middlewares/Third_Party/FatFs/src/ff.o
 .rodata        0x000000000800bbac        0x5 ./Middlewares/Third_Party/FreeRTOS/Source/tasks.o
 *fill*         0x000000000800bbb1        0x3 
 .rodata        0x000000000800bbb4        0xd ./Middlewares/Third_Party/FreeRTOS/Source/timers.o
 *fill*         0x000000000800bbc1        0x3 
 .rodata        0x000000000800bbc4       0xc1 ./application/Src/app.o
 *fill*         0x000000000800bc85        0x3 
 .rodata        0x000000000800bc88       0x58 ./features/ModuleSDCard/Src/ModuleSDCard.o
 *(.rodata*)
 .rodata.defaultTask_attributes
                0x000000000800bce0       0x24 ./Core/Src/main.o
                0x000000000800bce0                defaultTask_attributes
 .rodata.AHBPrescTable
                0x000000000800bd04       0x10 ./Core/Src/system_stm32f4xx.o
                0x000000000800bd04                AHBPrescTable
 .rodata.APBPrescTable
                0x000000000800bd14        0x8 ./Core/Src/system_stm32f4xx.o
                0x000000000800bd14                APBPrescTable
 .rodata.ExCvt  0x000000000800bd1c       0x80 ./Middlewares/Third_Party/FatFs/src/ff.o
 .rodata.LfnOfs
                0x000000000800bd9c        0xd ./Middlewares/Third_Party/FatFs/src/ff.o
 *fill*         0x000000000800bda9        0x3 
 .rodata.Tbl    0x000000000800bdac      0x100 ./Middlewares/Third_Party/FatFs/src/option/ccsbcs.o
 .rodata.cvt1.1
                0x000000000800beac      0x1f2 ./Middlewares/Third_Party/FatFs/src/option/ccsbcs.o
 *fill*         0x000000000800c09e        0x2 
 .rodata.cvt2.0
                0x000000000800c0a0       0xbc ./Middlewares/Third_Party/FatFs/src/option/ccsbcs.o
 .rodata.APP_periodic_attributes
                0x000000000800c15c       0x10 ./application/Src/app.o
                0x000000000800c15c                APP_periodic_attributes
 .rodata.APP_timeout_attributes
                0x000000000800c16c       0x10 ./application/Src/app.o
                0x000000000800c16c                APP_timeout_attributes
                0x000000000800c17c                . = ALIGN (0x4)

.ARM.extab      0x000000000800c17c        0x0
                0x000000000800c17c                . = ALIGN (0x4)
 *(.ARM.extab* .gnu.linkonce.armextab.*)
                0x000000000800c17c                . = ALIGN (0x4)

.ARM            0x000000000800c17c        0x8
                0x000000000800c17c                . = ALIGN (0x4)
                0x000000000800c17c                __exidx_start = .
 *(.ARM.exidx*)
 .ARM.exidx     0x000000000800c17c        0x8 c:/st/stm32cubeide_1.11.2/stm32cubeide/plugins/com.st.stm32cube.ide.mcu.externaltools.gnu-tools-for-stm32.10.3-2021.10.win32_1.0.100.202210260954/tools/bin/../lib/gcc/arm-none-eabi/10.3.1/thumb/v7e-m+fp/hard\libgcc.a(_udivmoddi4.o)
                0x000000000800c184                __exidx_end = .
                0x000000000800c184                . = ALIGN (0x4)

.rel.dyn        0x000000000800c184        0x0
 .rel.iplt      0x000000000800c184        0x0 c:/st/stm32cubeide_1.11.2/stm32cubeide/plugins/com.st.stm32cube.ide.mcu.externaltools.gnu-tools-for-stm32.10.3-2021.10.win32_1.0.100.202210260954/tools/bin/../lib/gcc/arm-none-eabi/10.3.1/thumb/v7e-m+fp/hard/crtbegin.o

.preinit_array  0x000000000800c184        0x0
                0x000000000800c184                . = ALIGN (0x4)
                0x000000000800c184                PROVIDE (__preinit_array_start = .)
 *(.preinit_array*)
                0x000000000800c184                PROVIDE (__preinit_array_end = .)
                0x000000000800c184                . = ALIGN (0x4)

.init_array     0x000000000800c184        0x4
                0x000000000800c184                . = ALIGN (0x4)
                0x000000000800c184                PROVIDE (__init_array_start = .)
 *(SORT_BY_NAME(.init_array.*))
 *(.init_array*)
 .init_array    0x000000000800c184        0x4 c:/st/stm32cubeide_1.11.2/stm32cubeide/plugins/com.st.stm32cube.ide.mcu.externaltools.gnu-tools-for-stm32.10.3-2021.10.win32_1.0.100.202210260954/tools/bin/../lib/gcc/arm-none-eabi/10.3.1/thumb/v7e-m+fp/hard/crtbegin.o
                0x000000000800c188                PROVIDE (__init_array_end = .)
                0x000000000800c188                . = ALIGN (0x4)

.fini_array     0x000000000800c188        0x4
                0x000000000800c188                . = ALIGN (0x4)
                [!provide]                        PROVIDE (__fini_array_start = .)
 *(SORT_BY_NAME(.fini_array.*))
 *(.fini_array*)
 .fini_array    0x000000000800c188        0x4 c:/st/stm32cubeide_1.11.2/stm32cubeide/plugins/com.st.stm32cube.ide.mcu.externaltools.gnu-tools-for-stm32.10.3-2021.10.win32_1.0.100.202210260954/tools/bin/../lib/gcc/arm-none-eabi/10.3.1/thumb/v7e-m+fp/hard/crtbegin.o
                [!provide]                        PROVIDE (__fini_array_end = .)
                0x000000000800c18c                . = ALIGN (0x4)
                0x000000000800c18c                _sidata = LOADADDR (.data)

.data           0x0000000020000000       0x24 load address 0x000000000800c18c
                0x0000000020000000                . = ALIGN (0x4)
                0x0000000020000000                _sdata = .
 *(.data)
 *(.data*)
 .data.SystemCoreClock
                0x0000000020000000        0x4 ./Core/Src/system_stm32f4xx.o
                0x0000000020000000                SystemCoreClock
 .data.uwTickPrio
                0x0000000020000004        0x4 ./Drivers/STM32F4xx_HAL_Driver/Src/stm32f4xx_hal.o
                0x0000000020000004                uwTickPrio
 .data.uwTickFreq
                0x0000000020000008        0x1 ./Drivers/STM32F4xx_HAL_Driver/Src/stm32f4xx_hal.o
                0x0000000020000008                uwTickFreq
 .data.Stat     0x0000000020000009        0x1 ./FATFS/Target/user_diskio.o
 *fill*         0x000000002000000a        0x2 
 .data.USER_Driver
                0x000000002000000c       0x14 ./FATFS/Target/user_diskio.o
                0x000000002000000c                USER_Driver
 .data.uxCriticalNesting
                0x0000000020000020        0x4 ./Middlewares/Third_Party/FreeRTOS/Source/portable/GCC/ARM_CM4F/port.o
 *(.RamFunc)
 *(.RamFunc*)
                0x0000000020000024                . = ALIGN (0x4)
                0x0000000020000024                _edata = .

.igot.plt       0x0000000020000024        0x0 load address 0x000000000800c1b0
 .igot.plt      0x0000000020000024        0x0 c:/st/stm32cubeide_1.11.2/stm32cubeide/plugins/com.st.stm32cube.ide.mcu.externaltools.gnu-tools-for-stm32.10.3-2021.10.win32_1.0.100.202210260954/tools/bin/../lib/gcc/arm-none-eabi/10.3.1/thumb/v7e-m+fp/hard/crtbegin.o

.ARM.__at_0x20000000
                0x0000000020000024     0x1000 load address 0x000000000800c1b0
 .ARM.__at_0x20000000
                0x0000000020000024     0x1000 ./application/Src/app.o
                0x0000000020000024                __GL
                0x0000000020001024                . = ALIGN (0x4)

.bss            0x0000000020001024     0xb6f4 load address 0x000000000800d1b0
                0x0000000020001024                _sbss = .
                0x0000000020001024                __bss_start__ = _sbss
 *(.bss)
 .bss           0x0000000020001024       0x1c c:/st/stm32cubeide_1.11.2/stm32cubeide/plugins/com.st.stm32cube.ide.mcu.externaltools.gnu-tools-for-stm32.10.3-2021.10.win32_1.0.100.202210260954/tools/bin/../lib/gcc/arm-none-eabi/10.3.1/thumb/v7e-m+fp/hard/crtbegin.o
 *(.bss*)
 .bss.hadc1     0x0000000020001040       0x48 ./Core/Src/main.o
                0x0000000020001040                hadc1
 .bss.hi2c1     0x0000000020001088       0x54 ./Core/Src/main.o
                0x0000000020001088                hi2c1
 .bss.hi2c2     0x00000000200010dc       0x54 ./Core/Src/main.o
                0x00000000200010dc                hi2c2
 .bss.hi2c3     0x0000000020001130       0x54 ./Core/Src/main.o
                0x0000000020001130                hi2c3
 .bss.hspi1     0x0000000020001184       0x58 ./Core/Src/main.o
                0x0000000020001184                hspi1
 .bss.hspi2     0x00000000200011dc       0x58 ./Core/Src/main.o
                0x00000000200011dc                hspi2
 .bss.hspi3     0x0000000020001234       0x58 ./Core/Src/main.o
                0x0000000020001234                hspi3
 .bss.htim3     0x000000002000128c       0x48 ./Core/Src/main.o
                0x000000002000128c                htim3
 .bss.htim4     0x00000000200012d4       0x48 ./Core/Src/main.o
                0x00000000200012d4                htim4
 .bss.huart1    0x000000002000131c       0x44 ./Core/Src/main.o
                0x000000002000131c                huart1
 .bss.huart2    0x0000000020001360       0x44 ./Core/Src/main.o
                0x0000000020001360                huart2
 .bss.huart6    0x00000000200013a4       0x44 ./Core/Src/main.o
                0x00000000200013a4                huart6
 .bss.defaultTaskHandle
                0x00000000200013e8        0x4 ./Core/Src/main.o
                0x00000000200013e8                defaultTaskHandle
 .bss.FatFsCnt  0x00000000200013ec        0x1 ./Core/Src/stm32f4xx_it.o
                0x00000000200013ec                FatFsCnt
 .bss.Timer1    0x00000000200013ed        0x1 ./Core/Src/stm32f4xx_it.o
                0x00000000200013ed                Timer1
 .bss.Timer2    0x00000000200013ee        0x1 ./Core/Src/stm32f4xx_it.o
                0x00000000200013ee                Timer2
 *fill*         0x00000000200013ef        0x1 
 .bss.uwTick    0x00000000200013f0        0x4 ./Drivers/STM32F4xx_HAL_Driver/Src/stm32f4xx_hal.o
                0x00000000200013f0                uwTick
 .bss.retUSER   0x00000000200013f4        0x1 ./FATFS/App/fatfs.o
                0x00000000200013f4                retUSER
 *fill*         0x00000000200013f5        0x3 
 .bss.USERPath  0x00000000200013f8        0x4 ./FATFS/App/fatfs.o
                0x00000000200013f8                USERPath
 .bss.FatFs     0x00000000200013fc        0x4 ./Middlewares/Third_Party/FatFs/src/ff.o
 .bss.Fsid      0x0000000020001400        0x2 ./Middlewares/Third_Party/FatFs/src/ff.o
 *fill*         0x0000000020001402        0x2 
 .bss.Files     0x0000000020001404       0x20 ./Middlewares/Third_Party/FatFs/src/ff.o
 .bss.disk      0x0000000020001424        0xc ./Middlewares/Third_Party/FatFs/src/ff_gen_drv.o
                0x0000000020001424                disk
 .bss.KernelState
                0x0000000020001430        0x4 ./Middlewares/Third_Party/FreeRTOS/Source/CMSIS_RTOS_V2/cmsis_os2.o
 .bss.Idle_TCB.3
                0x0000000020001434       0x5c ./Middlewares/Third_Party/FreeRTOS/Source/CMSIS_RTOS_V2/cmsis_os2.o
 .bss.Idle_Stack.2
                0x0000000020001490      0x200 ./Middlewares/Third_Party/FreeRTOS/Source/CMSIS_RTOS_V2/cmsis_os2.o
 .bss.Timer_TCB.1
                0x0000000020001690       0x5c ./Middlewares/Third_Party/FreeRTOS/Source/CMSIS_RTOS_V2/cmsis_os2.o
 .bss.Timer_Stack.0
                0x00000000200016ec      0x400 ./Middlewares/Third_Party/FreeRTOS/Source/CMSIS_RTOS_V2/cmsis_os2.o
 .bss.xQueueRegistry
                0x0000000020001aec       0x40 ./Middlewares/Third_Party/FreeRTOS/Source/queue.o
                0x0000000020001aec                xQueueRegistry
 .bss.pxCurrentTCB
                0x0000000020001b2c        0x4 ./Middlewares/Third_Party/FreeRTOS/Source/tasks.o
                0x0000000020001b2c                pxCurrentTCB
 .bss.pxReadyTasksLists
                0x0000000020001b30      0x460 ./Middlewares/Third_Party/FreeRTOS/Source/tasks.o
 .bss.xDelayedTaskList1
                0x0000000020001f90       0x14 ./Middlewares/Third_Party/FreeRTOS/Source/tasks.o
 .bss.xDelayedTaskList2
                0x0000000020001fa4       0x14 ./Middlewares/Third_Party/FreeRTOS/Source/tasks.o
 .bss.pxDelayedTaskList
                0x0000000020001fb8        0x4 ./Middlewares/Third_Party/FreeRTOS/Source/tasks.o
 .bss.pxOverflowDelayedTaskList
                0x0000000020001fbc        0x4 ./Middlewares/Third_Party/FreeRTOS/Source/tasks.o
 .bss.xPendingReadyList
                0x0000000020001fc0       0x14 ./Middlewares/Third_Party/FreeRTOS/Source/tasks.o
 .bss.xTasksWaitingTermination
                0x0000000020001fd4       0x14 ./Middlewares/Third_Party/FreeRTOS/Source/tasks.o
 .bss.uxDeletedTasksWaitingCleanUp
                0x0000000020001fe8        0x4 ./Middlewares/Third_Party/FreeRTOS/Source/tasks.o
 .bss.xSuspendedTaskList
                0x0000000020001fec       0x14 ./Middlewares/Third_Party/FreeRTOS/Source/tasks.o
 .bss.uxCurrentNumberOfTasks
                0x0000000020002000        0x4 ./Middlewares/Third_Party/FreeRTOS/Source/tasks.o
 .bss.xTickCount
                0x0000000020002004        0x4 ./Middlewares/Third_Party/FreeRTOS/Source/tasks.o
 .bss.uxTopReadyPriority
                0x0000000020002008        0x4 ./Middlewares/Third_Party/FreeRTOS/Source/tasks.o
 .bss.xSchedulerRunning
                0x000000002000200c        0x4 ./Middlewares/Third_Party/FreeRTOS/Source/tasks.o
 .bss.xPendedTicks
                0x0000000020002010        0x4 ./Middlewares/Third_Party/FreeRTOS/Source/tasks.o
 .bss.xYieldPending
                0x0000000020002014        0x4 ./Middlewares/Third_Party/FreeRTOS/Source/tasks.o
 .bss.xNumOfOverflows
                0x0000000020002018        0x4 ./Middlewares/Third_Party/FreeRTOS/Source/tasks.o
 .bss.uxTaskNumber
                0x000000002000201c        0x4 ./Middlewares/Third_Party/FreeRTOS/Source/tasks.o
 .bss.xNextTaskUnblockTime
                0x0000000020002020        0x4 ./Middlewares/Third_Party/FreeRTOS/Source/tasks.o
 .bss.xIdleTaskHandle
                0x0000000020002024        0x4 ./Middlewares/Third_Party/FreeRTOS/Source/tasks.o
 .bss.uxSchedulerSuspended
                0x0000000020002028        0x4 ./Middlewares/Third_Party/FreeRTOS/Source/tasks.o
 .bss.xActiveTimerList1
                0x000000002000202c       0x14 ./Middlewares/Third_Party/FreeRTOS/Source/timers.o
 .bss.xActiveTimerList2
                0x0000000020002040       0x14 ./Middlewares/Third_Party/FreeRTOS/Source/timers.o
 .bss.pxCurrentTimerList
                0x0000000020002054        0x4 ./Middlewares/Third_Party/FreeRTOS/Source/timers.o
 .bss.pxOverflowTimerList
                0x0000000020002058        0x4 ./Middlewares/Third_Party/FreeRTOS/Source/timers.o
 .bss.xTimerQueue
                0x000000002000205c        0x4 ./Middlewares/Third_Party/FreeRTOS/Source/timers.o
 .bss.xTimerTaskHandle
                0x0000000020002060        0x4 ./Middlewares/Third_Party/FreeRTOS/Source/timers.o
 .bss.xLastTime.2
                0x0000000020002064        0x4 ./Middlewares/Third_Party/FreeRTOS/Source/timers.o
 .bss.ucStaticTimerQueueStorage.1
                0x0000000020002068       0xa0 ./Middlewares/Third_Party/FreeRTOS/Source/timers.o
 .bss.xStaticTimerQueue.0
                0x0000000020002108       0x50 ./Middlewares/Third_Party/FreeRTOS/Source/timers.o
 .bss.ucMaxSysCallPriority
                0x0000000020002158        0x1 ./Middlewares/Third_Party/FreeRTOS/Source/portable/GCC/ARM_CM4F/port.o
 *fill*         0x0000000020002159        0x3 
 .bss.ulMaxPRIGROUPValue
                0x000000002000215c        0x4 ./Middlewares/Third_Party/FreeRTOS/Source/portable/GCC/ARM_CM4F/port.o
 .bss.ucHeap    0x0000000020002160     0x3c00 ./Middlewares/Third_Party/FreeRTOS/Source/portable/MemMang/heap_4.o
 .bss.xStart    0x0000000020005d60        0x8 ./Middlewares/Third_Party/FreeRTOS/Source/portable/MemMang/heap_4.o
 .bss.pxEnd     0x0000000020005d68        0x4 ./Middlewares/Third_Party/FreeRTOS/Source/portable/MemMang/heap_4.o
 .bss.xFreeBytesRemaining
                0x0000000020005d6c        0x4 ./Middlewares/Third_Party/FreeRTOS/Source/portable/MemMang/heap_4.o
 .bss.xMinimumEverFreeBytesRemaining
                0x0000000020005d70        0x4 ./Middlewares/Third_Party/FreeRTOS/Source/portable/MemMang/heap_4.o
 .bss.xNumberOfSuccessfulAllocations
                0x0000000020005d74        0x4 ./Middlewares/Third_Party/FreeRTOS/Source/portable/MemMang/heap_4.o
 .bss.xNumberOfSuccessfulFrees
                0x0000000020005d78        0x4 ./Middlewares/Third_Party/FreeRTOS/Source/portable/MemMang/heap_4.o
 .bss.xBlockAllocatedBit
                0x0000000020005d7c        0x4 ./Middlewares/Third_Party/FreeRTOS/Source/portable/MemMang/heap_4.o
 .bss.xTaskBuffer
                0x0000000020005d80      0x284 ./application/Src/app.o
                0x0000000020005d80                xTaskBuffer
 .bss.xStack    0x0000000020006004     0x4400 ./application/Src/app.o
                0x0000000020006004                xStack
 .bss.xHandle   0x000000002000a404       0x1c ./application/Src/app.o
                0x000000002000a404                xHandle
 .bss.xSemaphore
                0x000000002000a420      0x1e0 ./application/Src/app.o
                0x000000002000a420                xSemaphore
 .bss.xSemHandle
                0x000000002000a600       0x18 ./application/Src/app.o
                0x000000002000a600                xSemHandle
 .bss.xSemResult
                0x000000002000a618       0x18 ./application/Src/app.o
                0x000000002000a618                xSemResult
 .bss.xTimerID  0x000000002000a630        0x8 ./application/Src/app.o
                0x000000002000a630                xTimerID
 .bss.xStaticTimerDef
                0x000000002000a638       0x58 ./application/Src/app.o
                0x000000002000a638                xStaticTimerDef
 .bss.ModuleCAN_MAIN_State
                0x000000002000a690        0x1 ./features/ModuleCAN/Src/ModuleCAN.o
                0x000000002000a690                ModuleCAN_MAIN_State
 .bss.ModuleFlash_MAIN_State
                0x000000002000a691        0x1 ./features/ModuleFlash/Src/ModuleFlash.o
                0x000000002000a691                ModuleFlash_MAIN_State
 .bss.ModuleNEXTION_MAIN_State
                0x000000002000a692        0x1 ./features/ModuleNEXTION/Src/ModuleNEXTION.o
                0x000000002000a692                ModuleNEXTION_MAIN_State
 .bss.ModuleRTC_MAIN_State
                0x000000002000a693        0x1 ./features/ModuleRTC/Src/ModuleRTC.o
                0x000000002000a693                ModuleRTC_MAIN_State
 .bss.fs        0x000000002000a694     0x103c ./features/ModuleSDCard/Src/ModuleSDCard.o
                0x000000002000a694                fs
 .bss.file      0x000000002000b6d0     0x1030 ./features/ModuleSDCard/Src/ModuleSDCard.o
                0x000000002000b6d0                file
 .bss.fresult   0x000000002000c700        0x1 ./features/ModuleSDCard/Src/ModuleSDCard.o
                0x000000002000c700                fresult
 *fill*         0x000000002000c701        0x3 
 .bss.pfs       0x000000002000c704        0x4 ./features/ModuleSDCard/Src/ModuleSDCard.o
                0x000000002000c704                pfs
 .bss.fre_clust
                0x000000002000c708        0x4 ./features/ModuleSDCard/Src/ModuleSDCard.o
                0x000000002000c708                fre_clust
 .bss.total     0x000000002000c70c        0x4 ./features/ModuleSDCard/Src/ModuleSDCard.o
                0x000000002000c70c                total
 .bss.free_space
                0x000000002000c710        0x4 ./features/ModuleSDCard/Src/ModuleSDCard.o
                0x000000002000c710                free_space
 .bss.ModuleSDCard_MAIN_State
                0x000000002000c714        0x1 ./features/ModuleSDCard/Src/ModuleSDCard.o
                0x000000002000c714                ModuleSDCard_MAIN_State
 .bss.ModuleWIFI_MAIN_State
                0x000000002000c715        0x1 ./features/ModuleWIFI/Src/ModuleWIFI.o
                0x000000002000c715                ModuleWIFI_MAIN_State
 .bss.TelemetryMain_MAIN_State
                0x000000002000c716        0x1 ./features/TelemetryMAIN/Src/TelemetryMAIN.o
                0x000000002000c716                TelemetryMain_MAIN_State
 *(COMMON)
                0x000000002000c718                . = ALIGN (0x4)
 *fill*         0x000000002000c717        0x1 
                0x000000002000c718                _ebss = .
                0x000000002000c718                __bss_end__ = _ebss

._user_heap_stack
                0x000000002000c718      0x600 load address 0x000000000800d1b0
                0x000000002000c718                . = ALIGN (0x8)
                [!provide]                        PROVIDE (end = .)
                0x000000002000c718                PROVIDE (_end = .)
                0x000000002000c918                . = (. + _Min_Heap_Size)
 *fill*         0x000000002000c718      0x200 
                0x000000002000cd18                . = (. + _Min_Stack_Size)
 *fill*         0x000000002000c918      0x400 
                0x000000002000cd18                . = ALIGN (0x8)

/DISCARD/
 libc.a(*)
 libm.a(*)
 libgcc.a(*)

.ARM.attributes
                0x0000000000000000       0x30
 *(.ARM.attributes)
 .ARM.attributes
                0x0000000000000000       0x1e c:/st/stm32cubeide_1.11.2/stm32cubeide/plugins/com.st.stm32cube.ide.mcu.externaltools.gnu-tools-for-stm32.10.3-2021.10.win32_1.0.100.202210260954/tools/bin/../lib/gcc/arm-none-eabi/10.3.1/thumb/v7e-m+fp/hard/crti.o
 .ARM.attributes
                0x000000000000001e       0x34 c:/st/stm32cubeide_1.11.2/stm32cubeide/plugins/com.st.stm32cube.ide.mcu.externaltools.gnu-tools-for-stm32.10.3-2021.10.win32_1.0.100.202210260954/tools/bin/../lib/gcc/arm-none-eabi/10.3.1/thumb/v7e-m+fp/hard/crtbegin.o
 .ARM.attributes
                0x0000000000000052       0x34 ./Core/Src/main.o
 .ARM.attributes
                0x0000000000000086       0x34 ./Core/Src/stm32f4xx_hal_msp.o
 .ARM.attributes
                0x00000000000000ba       0x34 ./Core/Src/stm32f4xx_it.o
 .ARM.attributes
                0x00000000000000ee       0x34 ./Core/Src/system_stm32f4xx.o
 .ARM.attributes
                0x0000000000000122       0x21 ./Core/Startup/startup_stm32f401rbtx.o
 .ARM.attributes
                0x0000000000000143       0x34 ./Drivers/STM32F4xx_HAL_Driver/Src/stm32f4xx_hal.o
 .ARM.attributes
                0x0000000000000177       0x34 ./Drivers/STM32F4xx_HAL_Driver/Src/stm32f4xx_hal_adc.o
 .ARM.attributes
                0x00000000000001ab       0x34 ./Drivers/STM32F4xx_HAL_Driver/Src/stm32f4xx_hal_cortex.o
 .ARM.attributes
                0x00000000000001df       0x34 ./Drivers/STM32F4xx_HAL_Driver/Src/stm32f4xx_hal_gpio.o
 .ARM.attributes
                0x0000000000000213       0x34 ./Drivers/STM32F4xx_HAL_Driver/Src/stm32f4xx_hal_i2c.o
 .ARM.attributes
                0x0000000000000247       0x34 ./Drivers/STM32F4xx_HAL_Driver/Src/stm32f4xx_hal_rcc.o
 .ARM.attributes
                0x000000000000027b       0x34 ./Drivers/STM32F4xx_HAL_Driver/Src/stm32f4xx_hal_spi.o
 .ARM.attributes
                0x00000000000002af       0x34 ./Drivers/STM32F4xx_HAL_Driver/Src/stm32f4xx_hal_tim.o
 .ARM.attributes
                0x00000000000002e3       0x34 ./Drivers/STM32F4xx_HAL_Driver/Src/stm32f4xx_hal_tim_ex.o
 .ARM.attributes
                0x0000000000000317       0x34 ./Drivers/STM32F4xx_HAL_Driver/Src/stm32f4xx_hal_uart.o
 .ARM.attributes
                0x000000000000034b       0x34 ./FATFS/App/fatfs.o
 .ARM.attributes
                0x000000000000037f       0x34 ./FATFS/Target/user_diskio.o
 .ARM.attributes
                0x00000000000003b3       0x34 ./Middlewares/Third_Party/FatFs/src/diskio.o
 .ARM.attributes
                0x00000000000003e7       0x34 ./Middlewares/Third_Party/FatFs/src/ff.o
 .ARM.attributes
                0x000000000000041b       0x34 ./Middlewares/Third_Party/FatFs/src/ff_gen_drv.o
 .ARM.attributes
                0x000000000000044f       0x34 ./Middlewares/Third_Party/FatFs/src/option/ccsbcs.o
 .ARM.attributes
                0x0000000000000483       0x34 ./Middlewares/Third_Party/FatFs/src/option/syscall.o
 .ARM.attributes
                0x00000000000004b7       0x34 ./Middlewares/Third_Party/FreeRTOS/Source/CMSIS_RTOS_V2/cmsis_os2.o
 .ARM.attributes
                0x00000000000004eb       0x34 ./Middlewares/Third_Party/FreeRTOS/Source/list.o
 .ARM.attributes
                0x000000000000051f       0x34 ./Middlewares/Third_Party/FreeRTOS/Source/queue.o
 .ARM.attributes
                0x0000000000000553       0x34 ./Middlewares/Third_Party/FreeRTOS/Source/tasks.o
 .ARM.attributes
                0x0000000000000587       0x34 ./Middlewares/Third_Party/FreeRTOS/Source/timers.o
 .ARM.attributes
                0x00000000000005bb       0x34 ./Middlewares/Third_Party/FreeRTOS/Source/portable/GCC/ARM_CM4F/port.o
 .ARM.attributes
                0x00000000000005ef       0x34 ./Middlewares/Third_Party/FreeRTOS/Source/portable/MemMang/heap_4.o
 .ARM.attributes
                0x0000000000000623       0x34 ./application/Src/app.o
 .ARM.attributes
                0x0000000000000657       0x34 ./features/ModuleCAN/Src/ModuleCAN.o
 .ARM.attributes
                0x000000000000068b       0x34 ./features/ModuleFlash/Src/ModuleFlash.o
 .ARM.attributes
                0x00000000000006bf       0x34 ./features/ModuleNEXTION/Src/ModuleNEXTION.o
 .ARM.attributes
                0x00000000000006f3       0x34 ./features/ModuleRTC/Src/ModuleRTC.o
 .ARM.attributes
                0x0000000000000727       0x34 ./features/ModuleSDCard/Src/ModuleSDCard.o
 .ARM.attributes
                0x000000000000075b       0x34 ./features/ModuleWIFI/Src/ModuleWIFI.o
 .ARM.attributes
                0x000000000000078f       0x34 ./features/TelemetryMAIN/Src/TelemetryMAIN.o
 .ARM.attributes
                0x00000000000007c3       0x34 c:/st/stm32cubeide_1.11.2/stm32cubeide/plugins/com.st.stm32cube.ide.mcu.externaltools.gnu-tools-for-stm32.10.3-2021.10.win32_1.0.100.202210260954/tools/bin/../lib/gcc/arm-none-eabi/10.3.1/../../../../arm-none-eabi/lib/thumb/v7e-m+fp/hard\libc_nano.a(lib_a-init.o)
 .ARM.attributes
                0x00000000000007f7       0x34 c:/st/stm32cubeide_1.11.2/stm32cubeide/plugins/com.st.stm32cube.ide.mcu.externaltools.gnu-tools-for-stm32.10.3-2021.10.win32_1.0.100.202210260954/tools/bin/../lib/gcc/arm-none-eabi/10.3.1/../../../../arm-none-eabi/lib/thumb/v7e-m+fp/hard\libc_nano.a(lib_a-memcpy-stub.o)
 .ARM.attributes
                0x000000000000082b       0x34 c:/st/stm32cubeide_1.11.2/stm32cubeide/plugins/com.st.stm32cube.ide.mcu.externaltools.gnu-tools-for-stm32.10.3-2021.10.win32_1.0.100.202210260954/tools/bin/../lib/gcc/arm-none-eabi/10.3.1/../../../../arm-none-eabi/lib/thumb/v7e-m+fp/hard\libc_nano.a(lib_a-memset.o)