Archive member included to satisfy reference by file (symbol)

c:/st/stm32cubeide_1.11.2/stm32cubeide/plugins/com.st.stm32cube.ide.mcu.externaltools.gnu-tools-for-stm32.10.3-2021.10.win32_1.0.100.202210260954/tools/bin/../lib/gcc/arm-none-eabi/10.3.1/../../../../arm-none-eabi/lib/thumb/v7e-m+fp/hard\libc_nano.a(lib_a-errno.o)
                              ./Core/Src/syscalls.o (__errno)
c:/st/stm32cubeide_1.11.2/stm32cubeide/plugins/com.st.stm32cube.ide.mcu.externaltools.gnu-tools-for-stm32.10.3-2021.10.win32_1.0.100.202210260954/tools/bin/../lib/gcc/arm-none-eabi/10.3.1/../../../../arm-none-eabi/lib/thumb/v7e-m+fp/hard\libc_nano.a(lib_a-exit.o)
                              c:/st/stm32cubeide_1.11.2/stm32cubeide/plugins/com.st.stm32cube.ide.mcu.externaltools.gnu-tools-for-stm32.10.3-2021.10.win32_1.0.100.202210260954/tools/bin/../lib/gcc/arm-none-eabi/10.3.1/../../../../arm-none-eabi/lib/thumb/v7e-m+fp/hard/crt0.o (exit)
c:/st/stm32cubeide_1.11.2/stm32cubeide/plugins/com.st.stm32cube.ide.mcu.externaltools.gnu-tools-for-stm32.10.3-2021.10.win32_1.0.100.202210260954/tools/bin/../lib/gcc/arm-none-eabi/10.3.1/../../../../arm-none-eabi/lib/thumb/v7e-m+fp/hard\libc_nano.a(lib_a-impure.o)
                              c:/st/stm32cubeide_1.11.2/stm32cubeide/plugins/com.st.stm32cube.ide.mcu.externaltools.gnu-tools-for-stm32.10.3-2021.10.win32_1.0.100.202210260954/tools/bin/../lib/gcc/arm-none-eabi/10.3.1/../../../../arm-none-eabi/lib/thumb/v7e-m+fp/hard\libc_nano.a(lib_a-exit.o) (_global_impure_ptr)
c:/st/stm32cubeide_1.11.2/stm32cubeide/plugins/com.st.stm32cube.ide.mcu.externaltools.gnu-tools-for-stm32.10.3-2021.10.win32_1.0.100.202210260954/tools/bin/../lib/gcc/arm-none-eabi/10.3.1/../../../../arm-none-eabi/lib/thumb/v7e-m+fp/hard\libc_nano.a(lib_a-init.o)
                              c:/st/stm32cubeide_1.11.2/stm32cubeide/plugins/com.st.stm32cube.ide.mcu.externaltools.gnu-tools-for-stm32.10.3-2021.10.win32_1.0.100.202210260954/tools/bin/../lib/gcc/arm-none-eabi/10.3.1/../../../../arm-none-eabi/lib/thumb/v7e-m+fp/hard/crt0.o (__libc_init_array)
c:/st/stm32cubeide_1.11.2/stm32cubeide/plugins/com.st.stm32cube.ide.mcu.externaltools.gnu-tools-for-stm32.10.3-2021.10.win32_1.0.100.202210260954/tools/bin/../lib/gcc/arm-none-eabi/10.3.1/../../../../arm-none-eabi/lib/thumb/v7e-m+fp/hard\libc_nano.a(lib_a-memcpy-stub.o)
                              ./Middlewares/Third_Party/FreeRTOS/Source/CMSIS_RTOS_V2/cmsis_os2.o (memcpy)
c:/st/stm32cubeide_1.11.2/stm32cubeide/plugins/com.st.stm32cube.ide.mcu.externaltools.gnu-tools-for-stm32.10.3-2021.10.win32_1.0.100.202210260954/tools/bin/../lib/gcc/arm-none-eabi/10.3.1/../../../../arm-none-eabi/lib/thumb/v7e-m+fp/hard\libc_nano.a(lib_a-memset.o)
                              c:/st/stm32cubeide_1.11.2/stm32cubeide/plugins/com.st.stm32cube.ide.mcu.externaltools.gnu-tools-for-stm32.10.3-2021.10.win32_1.0.100.202210260954/tools/bin/../lib/gcc/arm-none-eabi/10.3.1/../../../../arm-none-eabi/lib/thumb/v7e-m+fp/hard/crt0.o (memset)
c:/st/stm32cubeide_1.11.2/stm32cubeide/plugins/com.st.stm32cube.ide.mcu.externaltools.gnu-tools-for-stm32.10.3-2021.10.win32_1.0.100.202210260954/tools/bin/../lib/gcc/arm-none-eabi/10.3.1/thumb/v7e-m+fp/hard\libgcc.a(_aeabi_uldivmod.o)
                              ./Drivers/STM32F4xx_HAL_Driver/Src/stm32f4xx_hal_rcc.o (__aeabi_uldivmod)
c:/st/stm32cubeide_1.11.2/stm32cubeide/plugins/com.st.stm32cube.ide.mcu.externaltools.gnu-tools-for-stm32.10.3-2021.10.win32_1.0.100.202210260954/tools/bin/../lib/gcc/arm-none-eabi/10.3.1/thumb/v7e-m+fp/hard\libgcc.a(_udivmoddi4.o)
                              c:/st/stm32cubeide_1.11.2/stm32cubeide/plugins/com.st.stm32cube.ide.mcu.externaltools.gnu-tools-for-stm32.10.3-2021.10.win32_1.0.100.202210260954/tools/bin/../lib/gcc/arm-none-eabi/10.3.1/thumb/v7e-m+fp/hard\libgcc.a(_aeabi_uldivmod.o) (__udivmoddi4)
c:/st/stm32cubeide_1.11.2/stm32cubeide/plugins/com.st.stm32cube.ide.mcu.externaltools.gnu-tools-for-stm32.10.3-2021.10.win32_1.0.100.202210260954/tools/bin/../lib/gcc/arm-none-eabi/10.3.1/thumb/v7e-m+fp/hard\libgcc.a(_dvmd_tls.o)
                              c:/st/stm32cubeide_1.11.2/stm32cubeide/plugins/com.st.stm32cube.ide.mcu.externaltools.gnu-tools-for-stm32.10.3-2021.10.win32_1.0.100.202210260954/tools/bin/../lib/gcc/arm-none-eabi/10.3.1/thumb/v7e-m+fp/hard\libgcc.a(_aeabi_uldivmod.o) (__aeabi_ldiv0)

Discarded input sections

 .text          0x0000000000000000        0x0 c:/st/stm32cubeide_1.11.2/stm32cubeide/plugins/com.st.stm32cube.ide.mcu.externaltools.gnu-tools-for-stm32.10.3-2021.10.win32_1.0.100.202210260954/tools/bin/../lib/gcc/arm-none-eabi/10.3.1/thumb/v7e-m+fp/hard/crti.o
 .data          0x0000000000000000        0x0 c:/st/stm32cubeide_1.11.2/stm32cubeide/plugins/com.st.stm32cube.ide.mcu.externaltools.gnu-tools-for-stm32.10.3-2021.10.win32_1.0.100.202210260954/tools/bin/../lib/gcc/arm-none-eabi/10.3.1/thumb/v7e-m+fp/hard/crti.o
[...]
Memory Configuration

Name             Origin             Length             Attributes
RAM              0x0000000020000000 0x0000000000010000 xrw
FLASH            0x0000000008000000 0x0000000000020000 xr
*default*        0x0000000000000000 0xffffffffffffffff

Linker script and memory map

LOAD c:/st/stm32cubeide_1.11.2/stm32cubeide/plugins/com.st.stm32cube.ide.mcu.externaltools.gnu-tools-for-stm32.10.3-2021.10.win32_1.0.100.202210260954/tools/bin/../lib/gcc/arm-none-eabi/10.3.1/thumb/v7e-m+fp/hard/crti.o
LOAD c:/st/stm32cubeide_1.11.2/stm32cubeide/plugins/com.st.stm32cube.ide.mcu.externaltools.gnu-tools-for-stm32.10.3-2021.10.win32_1.0.100.202210260954/tools/bin/../lib/gcc/arm-none-eabi/10.3.1/thumb/v7e-m+fp/hard/crtbegin.o
LOAD c:/st/stm32cubeide_1.11.2/stm32cubeide/plugins/com.st.stm32cube.ide.mcu.externaltools.gnu-tools-for-stm32.10.3-2021.10.win32_1.0.100.202210260954/tools/bin/../lib/gcc/arm-none-eabi/10.3.1/../../../../arm-none-eabi/lib/thumb/v7e-m+fp/hard/crt0.o
LOAD ./Core/Src/freertos.o
LOAD ./Core/Src/main.o
LOAD ./Core/Src/stm32f4xx_hal_msp.o
LOAD ./Core/Src/stm32f4xx_it.o
LOAD ./Core/Src/syscalls.o
LOAD ./Core/Src/sysmem.o
LOAD ./Core/Src/system_stm32f4xx.o
LOAD ./Core/Startup/startup_stm32f401rbtx.o
LOAD ./Drivers/STM32F4xx_HAL_Driver/Src/stm32f4xx_hal.o
LOAD ./Drivers/STM32F4xx_HAL_Driver/Src/stm32f4xx_hal_adc.o
LOAD ./Drivers/STM32F4xx_HAL_Driver/Src/stm32f4xx_hal_adc_ex.o
LOAD ./Drivers/STM32F4xx_HAL_Driver/Src/stm32f4xx_hal_cortex.o
LOAD ./Drivers/STM32F4xx_HAL_Driver/Src/stm32f4xx_hal_dma.o
LOAD ./Drivers/STM32F4xx_HAL_Driver/Src/stm32f4xx_hal_dma_ex.o
LOAD ./Drivers/STM32F4xx_HAL_Driver/Src/stm32f4xx_hal_exti.o
LOAD ./Drivers/STM32F4xx_HAL_Driver/Src/stm32f4xx_hal_flash.o
LOAD ./Drivers/STM32F4xx_HAL_Driver/Src/stm32f4xx_hal_flash_ex.o
LOAD ./Drivers/STM32F4xx_HAL_Driver/Src/stm32f4xx_hal_flash_ramfunc.o
LOAD ./Drivers/STM32F4xx_HAL_Driver/Src/stm32f4xx_hal_gpio.o
LOAD ./Drivers/STM32F4xx_HAL_Driver/Src/stm32f4xx_hal_i2c.o
LOAD ./Drivers/STM32F4xx_HAL_Driver/Src/stm32f4xx_hal_i2c_ex.o
LOAD ./Drivers/STM32F4xx_HAL_Driver/Src/stm32f4xx_hal_pwr.o
LOAD ./Drivers/STM32F4xx_HAL_Driver/Src/stm32f4xx_hal_pwr_ex.o
LOAD ./Drivers/STM32F4xx_HAL_Driver/Src/stm32f4xx_hal_rcc.o
LOAD ./Drivers/STM32F4xx_HAL_Driver/Src/stm32f4xx_hal_rcc_ex.o
LOAD ./Drivers/STM32F4xx_HAL_Driver/Src/stm32f4xx_hal_spi.o
LOAD ./Drivers/STM32F4xx_HAL_Driver/Src/stm32f4xx_hal_tim.o
LOAD ./Drivers/STM32F4xx_HAL_Driver/Src/stm32f4xx_hal_tim_ex.o
LOAD ./Drivers/STM32F4xx_HAL_Driver/Src/stm32f4xx_hal_uart.o
LOAD ./Drivers/STM32F4xx_HAL_Driver/Src/stm32f4xx_ll_adc.o
LOAD ./Middlewares/Third_Party/FreeRTOS/Source/CMSIS_RTOS_V2/cmsis_os2.o
LOAD ./Middlewares/Third_Party/FreeRTOS/Source/croutine.o
LOAD ./Middlewares/Third_Party/FreeRTOS/Source/event_groups.o
LOAD ./Middlewares/Third_Party/FreeRTOS/Source/list.o
LOAD ./Middlewares/Third_Party/FreeRTOS/Source/queue.o
LOAD ./Middlewares/Third_Party/FreeRTOS/Source/stream_buffer.o
LOAD ./Middlewares/Third_Party/FreeRTOS/Source/tasks.o
LOAD ./Middlewares/Third_Party/FreeRTOS/Source/timers.o
LOAD ./Middlewares/Third_Party/FreeRTOS/Source/portable/GCC/ARM_CM4F/port.o
LOAD ./Middlewares/Third_Party/FreeRTOS/Source/portable/MemMang/heap_4.o
LOAD ./application/Src/app.o
LOAD ./features/ModuleCAN/Src/ModuleCAN.o
LOAD ./features/ModuleFlash/Src/ModuleFlash.o
LOAD ./features/ModuleNEXTION/Src/ModuleNEXTION.o
LOAD ./features/ModuleRTC/Src/ModuleRTC.o
LOAD ./features/ModuleSDCard/Src/ModuleSDCard.o
LOAD ./features/ModuleWIFI/Src/ModuleWIFI.o
LOAD ./features/TelemetryMAIN/Src/TelemetryMAIN.o
START GROUP
LOAD c:/st/stm32cubeide_1.11.2/stm32cubeide/plugins/com.st.stm32cube.ide.mcu.externaltools.gnu-tools-for-stm32.10.3-2021.10.win32_1.0.100.202210260954/tools/bin/../lib/gcc/arm-none-eabi/10.3.1/../../../../arm-none-eabi/lib/thumb/v7e-m+fp/hard\libc_nano.a
LOAD c:/st/stm32cubeide_1.11.2/stm32cubeide/plugins/com.st.stm32cube.ide.mcu.externaltools.gnu-tools-for-stm32.10.3-2021.10.win32_1.0.100.202210260954/tools/bin/../lib/gcc/arm-none-eabi/10.3.1/../../../../arm-none-eabi/lib/thumb/v7e-m+fp/hard\libm.a
END GROUP
START GROUP
LOAD c:/st/stm32cubeide_1.11.2/stm32cubeide/plugins/com.st.stm32cube.ide.mcu.externaltools.gnu-tools-for-stm32.10.3-2021.10.win32_1.0.100.202210260954/tools/bin/../lib/gcc/arm-none-eabi/10.3.1/thumb/v7e-m+fp/hard\libgcc.a
LOAD c:/st/stm32cubeide_1.11.2/stm32cubeide/plugins/com.st.stm32cube.ide.mcu.externaltools.gnu-tools-for-stm32.10.3-2021.10.win32_1.0.100.202210260954/tools/bin/../lib/gcc/arm-none-eabi/10.3.1/../../../../arm-none-eabi/lib/thumb/v7e-m+fp/hard\libc_nano.a
END GROUP
START GROUP
LOAD c:/st/stm32cubeide_1.11.2/stm32cubeide/plugins/com.st.stm32cube.ide.mcu.externaltools.gnu-tools-for-stm32.10.3-2021.10.win32_1.0.100.202210260954/tools/bin/../lib/gcc/arm-none-eabi/10.3.1/thumb/v7e-m+fp/hard\libgcc.a
LOAD c:/st/stm32cubeide_1.11.2/stm32cubeide/plugins/com.st.stm32cube.ide.mcu.externaltools.gnu-tools-for-stm32.10.3-2021.10.win32_1.0.100.202210260954/tools/bin/../lib/gcc/arm-none-eabi/10.3.1/../../../../arm-none-eabi/lib/thumb/v7e-m+fp/hard\libc_nano.a
LOAD c:/st/stm32cubeide_1.11.2/stm32cubeide/plugins/com.st.stm32cube.ide.mcu.externaltools.gnu-tools-for-stm32.10.3-2021.10.win32_1.0.100.202210260954/tools/bin/../lib/gcc/arm-none-eabi/10.3.1/../../../../arm-none-eabi/lib/thumb/v7e-m+fp/hard\libnosys.a
END GROUP
START GROUP
LOAD c:/st/stm32cubeide_1.11.2/stm32cubeide/plugins/com.st.stm32cube.ide.mcu.externaltools.gnu-tools-for-stm32.10.3-2021.10.win32_1.0.100.202210260954/tools/bin/../lib/gcc/arm-none-eabi/10.3.1/thumb/v7e-m+fp/hard\libgcc.a
LOAD c:/st/stm32cubeide_1.11.2/stm32cubeide/plugins/com.st.stm32cube.ide.mcu.externaltools.gnu-tools-for-stm32.10.3-2021.10.win32_1.0.100.202210260954/tools/bin/../lib/gcc/arm-none-eabi/10.3.1/../../../../arm-none-eabi/lib/thumb/v7e-m+fp/hard\libc_nano.a
LOAD c:/st/stm32cubeide_1.11.2/stm32cubeide/plugins/com.st.stm32cube.ide.mcu.externaltools.gnu-tools-for-stm32.10.3-2021.10.win32_1.0.100.202210260954/tools/bin/../lib/gcc/arm-none-eabi/10.3.1/../../../../arm-none-eabi/lib/thumb/v7e-m+fp/hard\libnosys.a
END GROUP
LOAD c:/st/stm32cubeide_1.11.2/stm32cubeide/plugins/com.st.stm32cube.ide.mcu.externaltools.gnu-tools-for-stm32.10.3-2021.10.win32_1.0.100.202210260954/tools/bin/../lib/gcc/arm-none-eabi/10.3.1/thumb/v7e-m+fp/hard/crtend.o
LOAD c:/st/stm32cubeide_1.11.2/stm32cubeide/plugins/com.st.stm32cube.ide.mcu.externaltools.gnu-tools-for-stm32.10.3-2021.10.win32_1.0.100.202210260954/tools/bin/../lib/gcc/arm-none-eabi/10.3.1/thumb/v7e-m+fp/hard/crtn.o
                0x0000000020010000                _estack = (ORIGIN (RAM) + LENGTH (RAM))
                0x0000000000000200                _Min_Heap_Size = 0x200
                0x0000000000000400                _Min_Stack_Size = 0x400

.isr_vector     0x0000000008000000      0x194
                0x0000000008000000                . = ALIGN (0x4)
 *(.isr_vector)
 .isr_vector    0x0000000008000000      0x194 ./Core/Startup/startup_stm32f401rbtx.o
                0x0000000008000000                g_pfnVectors
                0x0000000008000194                . = ALIGN (0x4)

.text           0x00000000080001a0     0x73bc
                0x00000000080001a0                . = ALIGN (0x4)
 *(.text)
 .text          0x00000000080001a0       0x40 c:/st/stm32cubeide_1.11.2/stm32cubeide/plugins/com.st.stm32cube.ide.mcu.externaltools.gnu-tools-for-stm32.10.3-2021.10.win32_1.0.100.202210260954/tools/bin/../lib/gcc/arm-none-eabi/10.3.1/thumb/v7e-m+fp/hard/crtbegin.o
 .text          0x00000000080001e0       0x30 c:/st/stm32cubeide_1.11.2/stm32cubeide/plugins/com.st.stm32cube.ide.mcu.externaltools.gnu-tools-for-stm32.10.3-2021.10.win32_1.0.100.202210260954/tools/bin/../lib/gcc/arm-none-eabi/10.3.1/thumb/v7e-m+fp/hard\libgcc.a(_aeabi_uldivmod.o)
                0x00000000080001e0                __aeabi_uldivmod
 .text          0x0000000008000210      0x2d0 c:/st/stm32cubeide_1.11.2/stm32cubeide/plugins/com.st.stm32cube.ide.mcu.externaltools.gnu-tools-for-stm32.10.3-2021.10.win32_1.0.100.202210260954/tools/bin/../lib/gcc/arm-none-eabi/10.3.1/thumb/v7e-m+fp/hard\libgcc.a(_udivmoddi4.o)
                0x0000000008000210                __udivmoddi4
 .text          0x00000000080004e0        0x4 c:/st/stm32cubeide_1.11.2/stm32cubeide/plugins/com.st.stm32cube.ide.mcu.externaltools.gnu-tools-for-stm32.10.3-2021.10.win32_1.0.100.202210260954/tools/bin/../lib/gcc/arm-none-eabi/10.3.1/thumb/v7e-m+fp/hard\libgcc.a(_dvmd_tls.o)
                0x00000000080004e0                __aeabi_idiv0
                0x00000000080004e0                __aeabi_ldiv0
 *(.text*)
 .text.main     0x00000000080004e4       0x6c ./Core/Src/main.o
                0x00000000080004e4                main
 .text.SystemClock_Config
                0x0000000008000550       0xd8 ./Core/Src/main.o
                0x0000000008000550                SystemClock_Config
 .text.MX_ADC1_Init
                0x0000000008000628       0xa4 ./Core/Src/main.o
 .text.MX_I2C1_Init
                0x00000000080006cc       0x5c ./Core/Src/main.o
 .text.MX_I2C2_Init
                0x0000000008000728       0x5c ./Core/Src/main.o
 .text.MX_I2C3_Init
                0x0000000008000784       0x5c ./Core/Src/main.o
 .text.MX_SPI1_Init
                0x00000000080007e0       0x6c ./Core/Src/main.o
 .text.MX_SPI2_Init
                0x000000000800084c       0x6c ./Core/Src/main.o
 .text.MX_SPI3_Init
                0x00000000080008b8       0x6c ./Core/Src/main.o
 .text.MX_TIM3_Init
                0x0000000008000924       0xc8 ./Core/Src/main.o
 .text.MX_TIM4_Init
                0x00000000080009ec       0xb4 ./Core/Src/main.o
 .text.MX_USART1_UART_Init
                0x0000000008000aa0       0x54 ./Core/Src/main.o
 .text.MX_USART2_UART_Init
                0x0000000008000af4       0x54 ./Core/Src/main.o
 .text.MX_USART6_UART_Init
                0x0000000008000b48       0x54 ./Core/Src/main.o
 .text.MX_GPIO_Init
                0x0000000008000b9c      0x1c4 ./Core/Src/main.o
 .text.StartDefaultTask
                0x0000000008000d60       0x10 ./Core/Src/main.o
                0x0000000008000d60                StartDefaultTask
 .text.Error_Handler
                0x0000000008000d70        0xa ./Core/Src/main.o
                0x0000000008000d70                Error_Handler
 *fill*         0x0000000008000d7a        0x2 
 .text.HAL_MspInit
                0x0000000008000d7c       0x58 ./Core/Src/stm32f4xx_hal_msp.o
                0x0000000008000d7c                HAL_MspInit
 .text.HAL_ADC_MspInit
                0x0000000008000dd4       0x88 ./Core/Src/stm32f4xx_hal_msp.o
                0x0000000008000dd4                HAL_ADC_MspInit
 .text.HAL_I2C_MspInit
                0x0000000008000e5c      0x1cc ./Core/Src/stm32f4xx_hal_msp.o
                0x0000000008000e5c                HAL_I2C_MspInit
 .text.HAL_SPI_MspInit
                0x0000000008001028      0x1e4 ./Core/Src/stm32f4xx_hal_msp.o
                0x0000000008001028                HAL_SPI_MspInit
 .text.HAL_TIM_PWM_MspInit
                0x000000000800120c       0x70 ./Core/Src/stm32f4xx_hal_msp.o
                0x000000000800120c                HAL_TIM_PWM_MspInit
 .text.HAL_TIM_MspPostInit
                0x000000000800127c       0xc0 ./Core/Src/stm32f4xx_hal_msp.o
                0x000000000800127c                HAL_TIM_MspPostInit
 .text.HAL_UART_MspInit
                0x000000000800133c      0x164 ./Core/Src/stm32f4xx_hal_msp.o
                0x000000000800133c                HAL_UART_MspInit
 .text.NMI_Handler
                0x00000000080014a0        0x6 ./Core/Src/stm32f4xx_it.o
                0x00000000080014a0                NMI_Handler
 .text.HardFault_Handler
                0x00000000080014a6        0x6 ./Core/Src/stm32f4xx_it.o
                0x00000000080014a6                HardFault_Handler
 .text.MemManage_Handler
                0x00000000080014ac        0x6 ./Core/Src/stm32f4xx_it.o
                0x00000000080014ac                MemManage_Handler
 .text.BusFault_Handler
                0x00000000080014b2        0x6 ./Core/Src/stm32f4xx_it.o
                0x00000000080014b2                BusFault_Handler
 .text.UsageFault_Handler
                0x00000000080014b8        0x6 ./Core/Src/stm32f4xx_it.o
                0x00000000080014b8                UsageFault_Handler
 .text.DebugMon_Handler
                0x00000000080014be        0xe ./Core/Src/stm32f4xx_it.o
                0x00000000080014be                DebugMon_Handler
 .text.SysTick_Handler
                0x00000000080014cc       0x1a ./Core/Src/stm32f4xx_it.o
                0x00000000080014cc                SysTick_Handler
 .text.EXTI0_IRQHandler
                0x00000000080014e6        0xe ./Core/Src/stm32f4xx_it.o
                0x00000000080014e6                EXTI0_IRQHandler
 .text.EXTI2_IRQHandler
                0x00000000080014f4        0xe ./Core/Src/stm32f4xx_it.o
                0x00000000080014f4                EXTI2_IRQHandler
 *fill*         0x0000000008001502        0x2 
 .text.SystemInit
                0x0000000008001504       0x24 ./Core/Src/system_stm32f4xx.o
                0x0000000008001504                SystemInit
 .text.Reset_Handler
                0x0000000008001528       0x50 ./Core/Startup/startup_stm32f401rbtx.o
                0x0000000008001528                Reset_Handler
 .text.Default_Handler
                0x0000000008001578        0x2 ./Core/Startup/startup_stm32f401rbtx.o
                0x0000000008001578                RTC_Alarm_IRQHandler
                0x0000000008001578                SPI4_IRQHandler
                0x0000000008001578                TIM1_CC_IRQHandler
                0x0000000008001578                DMA2_Stream5_IRQHandler
                0x0000000008001578                DMA1_Stream5_IRQHandler
                0x0000000008001578                PVD_IRQHandler
                0x0000000008001578                SDIO_IRQHandler
                0x0000000008001578                TAMP_STAMP_IRQHandler
                0x0000000008001578                EXTI3_IRQHandler
                0x0000000008001578                TIM1_UP_TIM10_IRQHandler
                0x0000000008001578                I2C3_ER_IRQHandler
                0x0000000008001578                I2C2_EV_IRQHandler
                0x0000000008001578                DMA1_Stream2_IRQHandler
                0x0000000008001578                FPU_IRQHandler
                0x0000000008001578                DMA2_Stream2_IRQHandler
                0x0000000008001578                SPI1_IRQHandler
                0x0000000008001578                TIM1_BRK_TIM9_IRQHandler
                0x0000000008001578                DMA2_Stream3_IRQHandler
                0x0000000008001578                USART6_IRQHandler
                0x0000000008001578                DMA2_Stream0_IRQHandler
                0x0000000008001578                TIM4_IRQHandler
                0x0000000008001578                I2C1_EV_IRQHandler
                0x0000000008001578                DMA1_Stream6_IRQHandler
                0x0000000008001578                DMA1_Stream1_IRQHandler
                0x0000000008001578                TIM3_IRQHandler
                0x0000000008001578                RCC_IRQHandler
                0x0000000008001578                Default_Handler
                0x0000000008001578                EXTI15_10_IRQHandler
                0x0000000008001578                ADC_IRQHandler
                0x0000000008001578                DMA1_Stream7_IRQHandler
                0x0000000008001578                TIM5_IRQHandler
                0x0000000008001578                DMA2_Stream7_IRQHandler
                0x0000000008001578                I2C3_EV_IRQHandler
                0x0000000008001578                EXTI9_5_IRQHandler
                0x0000000008001578                RTC_WKUP_IRQHandler
                0x0000000008001578                SPI2_IRQHandler
                0x0000000008001578                DMA1_Stream0_IRQHandler
                0x0000000008001578                EXTI4_IRQHandler
                0x0000000008001578                WWDG_IRQHandler
                0x0000000008001578                TIM2_IRQHandler
                0x0000000008001578                OTG_FS_WKUP_IRQHandler
                0x0000000008001578                TIM1_TRG_COM_TIM11_IRQHandler
                0x0000000008001578                EXTI1_IRQHandler
                0x0000000008001578                USART2_IRQHandler
                0x0000000008001578                I2C2_ER_IRQHandler
                0x0000000008001578                DMA2_Stream1_IRQHandler
                0x0000000008001578                FLASH_IRQHandler
                0x0000000008001578                DMA2_Stream4_IRQHandler
                0x0000000008001578                USART1_IRQHandler
                0x0000000008001578                OTG_FS_IRQHandler
                0x0000000008001578                SPI3_IRQHandler
                0x0000000008001578                DMA1_Stream4_IRQHandler
                0x0000000008001578                I2C1_ER_IRQHandler
                0x0000000008001578                DMA2_Stream6_IRQHandler
                0x0000000008001578                DMA1_Stream3_IRQHandler
 *fill*         0x000000000800157a        0x2 
 .text.HAL_Init
                0x000000000800157c       0x44 ./Drivers/STM32F4xx_HAL_Driver/Src/stm32f4xx_hal.o
                0x000000000800157c                HAL_Init
 .text.HAL_InitTick
                0x00000000080015c0       0x60 ./Drivers/STM32F4xx_HAL_Driver/Src/stm32f4xx_hal.o
                0x00000000080015c0                HAL_InitTick
 .text.HAL_IncTick
                0x0000000008001620       0x28 ./Drivers/STM32F4xx_HAL_Driver/Src/stm32f4xx_hal.o
                0x0000000008001620                HAL_IncTick
 .text.HAL_GetTick
                0x0000000008001648       0x18 ./Drivers/STM32F4xx_HAL_Driver/Src/stm32f4xx_hal.o
                0x0000000008001648                HAL_GetTick
 .text.HAL_ADC_Init
                0x0000000008001660       0x86 ./Drivers/STM32F4xx_HAL_Driver/Src/stm32f4xx_hal_adc.o
                0x0000000008001660                HAL_ADC_Init
 *fill*         0x00000000080016e6        0x2 
 .text.HAL_ADC_ConfigChannel
                0x00000000080016e8      0x244 ./Drivers/STM32F4xx_HAL_Driver/Src/stm32f4xx_hal_adc.o
                0x00000000080016e8                HAL_ADC_ConfigChannel
 .text.ADC_Init
                0x000000000800192c      0x1f8 ./Drivers/STM32F4xx_HAL_Driver/Src/stm32f4xx_hal_adc.o
 .text.__NVIC_SetPriorityGrouping
                0x0000000008001b24       0x48 ./Drivers/STM32F4xx_HAL_Driver/Src/stm32f4xx_hal_cortex.o
 .text.__NVIC_GetPriorityGrouping
                0x0000000008001b6c       0x1c ./Drivers/STM32F4xx_HAL_Driver/Src/stm32f4xx_hal_cortex.o
 .text.__NVIC_EnableIRQ
                0x0000000008001b88       0x3c ./Drivers/STM32F4xx_HAL_Driver/Src/stm32f4xx_hal_cortex.o
 .text.__NVIC_SetPriority
                0x0000000008001bc4       0x54 ./Drivers/STM32F4xx_HAL_Driver/Src/stm32f4xx_hal_cortex.o
 .text.NVIC_EncodePriority
                0x0000000008001c18       0x66 ./Drivers/STM32F4xx_HAL_Driver/Src/stm32f4xx_hal_cortex.o
 *fill*         0x0000000008001c7e        0x2 
 .text.SysTick_Config
                0x0000000008001c80       0x44 ./Drivers/STM32F4xx_HAL_Driver/Src/stm32f4xx_hal_cortex.o
 .text.HAL_NVIC_SetPriorityGrouping
                0x0000000008001cc4       0x16 ./Drivers/STM32F4xx_HAL_Driver/Src/stm32f4xx_hal_cortex.o
                0x0000000008001cc4                HAL_NVIC_SetPriorityGrouping
 .text.HAL_NVIC_SetPriority
                0x0000000008001cda       0x38 ./Drivers/STM32F4xx_HAL_Driver/Src/stm32f4xx_hal_cortex.o
                0x0000000008001cda                HAL_NVIC_SetPriority
 .text.HAL_NVIC_EnableIRQ
                0x0000000008001d12       0x1c ./Drivers/STM32F4xx_HAL_Driver/Src/stm32f4xx_hal_cortex.o
                0x0000000008001d12                HAL_NVIC_EnableIRQ
 .text.HAL_SYSTICK_Config
                0x0000000008001d2e       0x18 ./Drivers/STM32F4xx_HAL_Driver/Src/stm32f4xx_hal_cortex.o
                0x0000000008001d2e                HAL_SYSTICK_Config
 *fill*         0x0000000008001d46        0x2 
 .text.HAL_GPIO_Init
                0x0000000008001d48      0x308 ./Drivers/STM32F4xx_HAL_Driver/Src/stm32f4xx_hal_gpio.o
                0x0000000008001d48                HAL_GPIO_Init
 .text.HAL_GPIO_WritePin
                0x0000000008002050       0x32 ./Drivers/STM32F4xx_HAL_Driver/Src/stm32f4xx_hal_gpio.o
                0x0000000008002050                HAL_GPIO_WritePin
 *fill*         0x0000000008002082        0x2 
 .text.HAL_GPIO_EXTI_IRQHandler
                0x0000000008002084       0x30 ./Drivers/STM32F4xx_HAL_Driver/Src/stm32f4xx_hal_gpio.o
                0x0000000008002084                HAL_GPIO_EXTI_IRQHandler
 .text.HAL_GPIO_EXTI_Callback
                0x00000000080020b4       0x16 ./Drivers/STM32F4xx_HAL_Driver/Src/stm32f4xx_hal_gpio.o
                0x00000000080020b4                HAL_GPIO_EXTI_Callback
 *fill*         0x00000000080020ca        0x2 
 .text.HAL_I2C_Init
                0x00000000080020cc      0x288 ./Drivers/STM32F4xx_HAL_Driver/Src/stm32f4xx_hal_i2c.o
                0x00000000080020cc                HAL_I2C_Init
 .text.HAL_RCC_OscConfig
                0x0000000008002354      0x4f0 ./Drivers/STM32F4xx_HAL_Driver/Src/stm32f4xx_hal_rcc.o
                0x0000000008002354                HAL_RCC_OscConfig
 .text.HAL_RCC_ClockConfig
                0x0000000008002844      0x1cc ./Drivers/STM32F4xx_HAL_Driver/Src/stm32f4xx_hal_rcc.o
                0x0000000008002844                HAL_RCC_ClockConfig
 .text.HAL_RCC_GetSysClockFreq
                0x0000000008002a10      0x20c ./Drivers/STM32F4xx_HAL_Driver/Src/stm32f4xx_hal_rcc.o
                0x0000000008002a10                HAL_RCC_GetSysClockFreq
 .text.HAL_RCC_GetHCLKFreq
                0x0000000008002c1c       0x18 ./Drivers/STM32F4xx_HAL_Driver/Src/stm32f4xx_hal_rcc.o
                0x0000000008002c1c                HAL_RCC_GetHCLKFreq
 .text.HAL_RCC_GetPCLK1Freq
                0x0000000008002c34       0x28 ./Drivers/STM32F4xx_HAL_Driver/Src/stm32f4xx_hal_rcc.o
                0x0000000008002c34                HAL_RCC_GetPCLK1Freq
 .text.HAL_RCC_GetPCLK2Freq
                0x0000000008002c5c       0x28 ./Drivers/STM32F4xx_HAL_Driver/Src/stm32f4xx_hal_rcc.o
                0x0000000008002c5c                HAL_RCC_GetPCLK2Freq
 .text.HAL_SPI_Init
                0x0000000008002c84      0x112 ./Drivers/STM32F4xx_HAL_Driver/Src/stm32f4xx_hal_spi.o
                0x0000000008002c84                HAL_SPI_Init
 .text.HAL_TIM_PWM_Init
                0x0000000008002d96       0x9e ./Drivers/STM32F4xx_HAL_Driver/Src/stm32f4xx_hal_tim.o
                0x0000000008002d96                HAL_TIM_PWM_Init
 .text.HAL_TIM_PWM_ConfigChannel
                0x0000000008002e34      0x184 ./Drivers/STM32F4xx_HAL_Driver/Src/stm32f4xx_hal_tim.o
                0x0000000008002e34                HAL_TIM_PWM_ConfigChannel
 .text.TIM_Base_SetConfig
                0x0000000008002fb8      0x100 ./Drivers/STM32F4xx_HAL_Driver/Src/stm32f4xx_hal_tim.o
                0x0000000008002fb8                TIM_Base_SetConfig
 .text.TIM_OC1_SetConfig
                0x00000000080030b8       0xcc ./Drivers/STM32F4xx_HAL_Driver/Src/stm32f4xx_hal_tim.o
 .text.TIM_OC2_SetConfig
                0x0000000008003184       0xd8 ./Drivers/STM32F4xx_HAL_Driver/Src/stm32f4xx_hal_tim.o
                0x0000000008003184                TIM_OC2_SetConfig
 .text.TIM_OC3_SetConfig
                0x000000000800325c       0xd4 ./Drivers/STM32F4xx_HAL_Driver/Src/stm32f4xx_hal_tim.o
 .text.TIM_OC4_SetConfig
                0x0000000008003330       0xa0 ./Drivers/STM32F4xx_HAL_Driver/Src/stm32f4xx_hal_tim.o
 .text.HAL_TIMEx_MasterConfigSynchronization
                0x00000000080033d0       0xdc ./Drivers/STM32F4xx_HAL_Driver/Src/stm32f4xx_hal_tim_ex.o
                0x00000000080033d0                HAL_TIMEx_MasterConfigSynchronization
 .text.HAL_UART_Init
                0x00000000080034ac       0x9a ./Drivers/STM32F4xx_HAL_Driver/Src/stm32f4xx_hal_uart.o
                0x00000000080034ac                HAL_UART_Init
 *fill*         0x0000000008003546        0x2 
 .text.UART_SetConfig
                0x0000000008003548      0x4e8 ./Drivers/STM32F4xx_HAL_Driver/Src/stm32f4xx_hal_uart.o
 .text.__NVIC_SetPriority
                0x0000000008003a30       0x54 ./Middlewares/Third_Party/FreeRTOS/Source/CMSIS_RTOS_V2/cmsis_os2.o
 .text.SVC_Setup
                0x0000000008003a84       0x12 ./Middlewares/Third_Party/FreeRTOS/Source/CMSIS_RTOS_V2/cmsis_os2.o
 *fill*         0x0000000008003a96        0x2 
 .text.osKernelInitialize
                0x0000000008003a98       0x48 ./Middlewares/Third_Party/FreeRTOS/Source/CMSIS_RTOS_V2/cmsis_os2.o
                0x0000000008003a98                osKernelInitialize
 .text.osKernelStart
                0x0000000008003ae0       0x4c ./Middlewares/Third_Party/FreeRTOS/Source/CMSIS_RTOS_V2/cmsis_os2.o
                0x0000000008003ae0                osKernelStart
 .text.osThreadNew
                0x0000000008003b2c      0x124 ./Middlewares/Third_Party/FreeRTOS/Source/CMSIS_RTOS_V2/cmsis_os2.o
                0x0000000008003b2c                osThreadNew
 .text.osDelay  0x0000000008003c50       0x36 ./Middlewares/Third_Party/FreeRTOS/Source/CMSIS_RTOS_V2/cmsis_os2.o
                0x0000000008003c50                osDelay
 .text.TimerCallback
                0x0000000008003c86       0x2a ./Middlewares/Third_Party/FreeRTOS/Source/CMSIS_RTOS_V2/cmsis_os2.o
 .text.osTimerNew
                0x0000000008003cb0       0xf8 ./Middlewares/Third_Party/FreeRTOS/Source/CMSIS_RTOS_V2/cmsis_os2.o
                0x0000000008003cb0                osTimerNew
 .text.vApplicationGetIdleTaskMemory
                0x0000000008003da8       0x34 ./Middlewares/Third_Party/FreeRTOS/Source/CMSIS_RTOS_V2/cmsis_os2.o
                0x0000000008003da8                vApplicationGetIdleTaskMemory
 .text.vApplicationGetTimerTaskMemory
                0x0000000008003ddc       0x34 ./Middlewares/Third_Party/FreeRTOS/Source/CMSIS_RTOS_V2/cmsis_os2.o
                0x0000000008003ddc                vApplicationGetTimerTaskMemory
 .text.vListInitialise
                0x0000000008003e10       0x40 ./Middlewares/Third_Party/FreeRTOS/Source/list.o
                0x0000000008003e10                vListInitialise
 .text.vListInitialiseItem
                0x0000000008003e50       0x1a ./Middlewares/Third_Party/FreeRTOS/Source/list.o
                0x0000000008003e50                vListInitialiseItem
 .text.vListInsertEnd
                0x0000000008003e6a       0x48 ./Middlewares/Third_Party/FreeRTOS/Source/list.o
                0x0000000008003e6a                vListInsertEnd
 .text.vListInsert
                0x0000000008003eb2       0x72 ./Middlewares/Third_Party/FreeRTOS/Source/list.o
                0x0000000008003eb2                vListInsert
 .text.uxListRemove
                0x0000000008003f24       0x54 ./Middlewares/Third_Party/FreeRTOS/Source/list.o
                0x0000000008003f24                uxListRemove
 .text.xQueueGenericReset
                0x0000000008003f78       0xd0 ./Middlewares/Third_Party/FreeRTOS/Source/queue.o
                0x0000000008003f78                xQueueGenericReset
 .text.xQueueGenericCreateStatic
                0x0000000008004048       0xf0 ./Middlewares/Third_Party/FreeRTOS/Source/queue.o
                0x0000000008004048                xQueueGenericCreateStatic
 .text.prvInitialiseNewQueue
                0x0000000008004138       0x46 ./Middlewares/Third_Party/FreeRTOS/Source/queue.o
 *fill*         0x000000000800417e        0x2 
 .text.xQueueGenericSend
                0x0000000008004180      0x1fc ./Middlewares/Third_Party/FreeRTOS/Source/queue.o
                0x0000000008004180                xQueueGenericSend
 .text.xQueueGenericSendFromISR
                0x000000000800437c      0x136 ./Middlewares/Third_Party/FreeRTOS/Source/queue.o
                0x000000000800437c                xQueueGenericSendFromISR
 *fill*         0x00000000080044b2        0x2 
 .text.xQueueReceive
                0x00000000080044b4      0x1c0 ./Middlewares/Third_Party/FreeRTOS/Source/queue.o
                0x00000000080044b4                xQueueReceive
 .text.xQueueSemaphoreTake
                0x0000000008004674      0x218 ./Middlewares/Third_Party/FreeRTOS/Source/queue.o
                0x0000000008004674                xQueueSemaphoreTake
 .text.prvGetDisinheritPriorityAfterTimeout
                0x000000000800488c       0x30 ./Middlewares/Third_Party/FreeRTOS/Source/queue.o
 .text.prvCopyDataToQueue
                0x00000000080048bc       0xd4 ./Middlewares/Third_Party/FreeRTOS/Source/queue.o
 .text.prvCopyDataFromQueue
                0x0000000008004990       0x4c ./Middlewares/Third_Party/FreeRTOS/Source/queue.o
 .text.prvUnlockQueue
                0x00000000080049dc       0xa4 ./Middlewares/Third_Party/FreeRTOS/Source/queue.o
 .text.prvIsQueueEmpty
                0x0000000008004a80       0x2c ./Middlewares/Third_Party/FreeRTOS/Source/queue.o
 .text.prvIsQueueFull
                0x0000000008004aac       0x30 ./Middlewares/Third_Party/FreeRTOS/Source/queue.o
 .text.vQueueAddToRegistry
                0x0000000008004adc       0x54 ./Middlewares/Third_Party/FreeRTOS/Source/queue.o
                0x0000000008004adc                vQueueAddToRegistry
 .text.vQueueWaitForMessageRestricted
                0x0000000008004b30       0x68 ./Middlewares/Third_Party/FreeRTOS/Source/queue.o
                0x0000000008004b30                vQueueWaitForMessageRestricted
 .text.xTaskCreateStatic
                0x0000000008004b98       0xba ./Middlewares/Third_Party/FreeRTOS/Source/tasks.o
                0x0000000008004b98                xTaskCreateStatic
 .text.xTaskCreate
                0x0000000008004c52       0x8a ./Middlewares/Third_Party/FreeRTOS/Source/tasks.o
                0x0000000008004c52                xTaskCreate
 .text.prvInitialiseNewTask
                0x0000000008004cdc      0x11e ./Middlewares/Third_Party/FreeRTOS/Source/tasks.o
 *fill*         0x0000000008004dfa        0x2 
 .text.prvAddNewTaskToReadyList
                0x0000000008004dfc       0xe0 ./Middlewares/Third_Party/FreeRTOS/Source/tasks.o
 .text.vTaskDelay
                0x0000000008004edc       0x68 ./Middlewares/Third_Party/FreeRTOS/Source/tasks.o
                0x0000000008004edc                vTaskDelay
 .text.vTaskStartScheduler
                0x0000000008004f44       0xcc ./Middlewares/Third_Party/FreeRTOS/Source/tasks.o
                0x0000000008004f44                vTaskStartScheduler
 .text.vTaskSuspendAll
                0x0000000008005010       0x1c ./Middlewares/Third_Party/FreeRTOS/Source/tasks.o
                0x0000000008005010                vTaskSuspendAll
 .text.xTaskResumeAll
                0x000000000800502c      0x13c ./Middlewares/Third_Party/FreeRTOS/Source/tasks.o
                0x000000000800502c                xTaskResumeAll
 .text.xTaskGetTickCount
                0x0000000008005168       0x20 ./Middlewares/Third_Party/FreeRTOS/Source/tasks.o
                0x0000000008005168                xTaskGetTickCount
 .text.xTaskIncrementTick
                0x0000000008005188      0x174 ./Middlewares/Third_Party/FreeRTOS/Source/tasks.o
                0x0000000008005188                xTaskIncrementTick
 .text.vTaskSwitchContext
                0x00000000080052fc       0xbc ./Middlewares/Third_Party/FreeRTOS/Source/tasks.o
                0x00000000080052fc                vTaskSwitchContext
 .text.vTaskPlaceOnEventList
                0x00000000080053b8       0x48 ./Middlewares/Third_Party/FreeRTOS/Source/tasks.o
                0x00000000080053b8                vTaskPlaceOnEventList
 .text.vTaskPlaceOnEventListRestricted
                0x0000000008005400       0x58 ./Middlewares/Third_Party/FreeRTOS/Source/tasks.o
                0x0000000008005400                vTaskPlaceOnEventListRestricted
 .text.xTaskRemoveFromEventList
                0x0000000008005458       0xc8 ./Middlewares/Third_Party/FreeRTOS/Source/tasks.o
                0x0000000008005458                xTaskRemoveFromEventList
 .text.vTaskInternalSetTimeOutState
                0x0000000008005520       0x2c ./Middlewares/Third_Party/FreeRTOS/Source/tasks.o
                0x0000000008005520                vTaskInternalSetTimeOutState
 .text.xTaskCheckForTimeOut
                0x000000000800554c       0xc4 ./Middlewares/Third_Party/FreeRTOS/Source/tasks.o
                0x000000000800554c                xTaskCheckForTimeOut
 .text.vTaskMissedYield
                0x0000000008005610       0x18 ./Middlewares/Third_Party/FreeRTOS/Source/tasks.o
                0x0000000008005610                vTaskMissedYield
 .text.prvIdleTask
                0x0000000008005628       0x30 ./Middlewares/Third_Party/FreeRTOS/Source/tasks.o
 .text.prvInitialiseTaskLists
                0x0000000008005658       0x80 ./Middlewares/Third_Party/FreeRTOS/Source/tasks.o
 .text.prvCheckTasksWaitingTermination
                0x00000000080056d8       0x5c ./Middlewares/Third_Party/FreeRTOS/Source/tasks.o
 .text.prvDeleteTCB
                0x0000000008005734       0x5e ./Middlewares/Third_Party/FreeRTOS/Source/tasks.o
 *fill*         0x0000000008005792        0x2 
 .text.prvResetNextTaskUnblockTime
                0x0000000008005794       0x40 ./Middlewares/Third_Party/FreeRTOS/Source/tasks.o
 .text.xTaskGetSchedulerState
                0x00000000080057d4       0x3c ./Middlewares/Third_Party/FreeRTOS/Source/tasks.o
                0x00000000080057d4                xTaskGetSchedulerState
 .text.xTaskPriorityInherit
                0x0000000008005810       0xd0 ./Middlewares/Third_Party/FreeRTOS/Source/tasks.o
                0x0000000008005810                xTaskPriorityInherit
 .text.xTaskPriorityDisinherit
                0x00000000080058e0       0xdc ./Middlewares/Third_Party/FreeRTOS/Source/tasks.o
                0x00000000080058e0                xTaskPriorityDisinherit
 .text.vTaskPriorityDisinheritAfterTimeout
                0x00000000080059bc      0x104 ./Middlewares/Third_Party/FreeRTOS/Source/tasks.o
                0x00000000080059bc                vTaskPriorityDisinheritAfterTimeout
 .text.pvTaskIncrementMutexHeldCount
                0x0000000008005ac0       0x28 ./Middlewares/Third_Party/FreeRTOS/Source/tasks.o
                0x0000000008005ac0                pvTaskIncrementMutexHeldCount
 .text.prvAddCurrentTaskToDelayedList
                0x0000000008005ae8       0xa8 ./Middlewares/Third_Party/FreeRTOS/Source/tasks.o
 .text.xTimerCreateTimerTask
                0x0000000008005b90       0x90 ./Middlewares/Third_Party/FreeRTOS/Source/timers.o
                0x0000000008005b90                xTimerCreateTimerTask
 .text.xTimerCreate
                0x0000000008005c20       0x42 ./Middlewares/Third_Party/FreeRTOS/Source/timers.o
                0x0000000008005c20                xTimerCreate
 .text.xTimerCreateStatic
                0x0000000008005c62       0x7c ./Middlewares/Third_Party/FreeRTOS/Source/timers.o
                0x0000000008005c62                xTimerCreateStatic
 .text.prvInitialiseNewTimer
                0x0000000008005cde       0x76 ./Middlewares/Third_Party/FreeRTOS/Source/timers.o
 .text.xTimerGenericCommand
                0x0000000008005d54       0x9c ./Middlewares/Third_Party/FreeRTOS/Source/timers.o
                0x0000000008005d54                xTimerGenericCommand
 .text.prvProcessExpiredTimer
                0x0000000008005df0       0x98 ./Middlewares/Third_Party/FreeRTOS/Source/timers.o
 .text.prvTimerTask
                0x0000000008005e88       0x24 ./Middlewares/Third_Party/FreeRTOS/Source/timers.o
 .text.prvProcessTimerOrBlockTask
                0x0000000008005eac       0x9c ./Middlewares/Third_Party/FreeRTOS/Source/timers.o
 .text.prvGetNextExpireTime
                0x0000000008005f48       0x48 ./Middlewares/Third_Party/FreeRTOS/Source/timers.o
 .text.prvSampleTimeNow
                0x0000000008005f90       0x40 ./Middlewares/Third_Party/FreeRTOS/Source/timers.o
 .text.prvInsertTimerInActiveList
                0x0000000008005fd0       0x84 ./Middlewares/Third_Party/FreeRTOS/Source/timers.o
 .text.prvProcessReceivedCommands
                0x0000000008006054      0x1c4 ./Middlewares/Third_Party/FreeRTOS/Source/timers.o
 .text.prvSwitchTimerLists
                0x0000000008006218       0xc8 ./Middlewares/Third_Party/FreeRTOS/Source/timers.o
 .text.prvCheckForValidListAndQueue
                0x00000000080062e0       0x80 ./Middlewares/Third_Party/FreeRTOS/Source/timers.o
 .text.pvTimerGetTimerID
                0x0000000008006360       0x40 ./Middlewares/Third_Party/FreeRTOS/Source/timers.o
                0x0000000008006360                pvTimerGetTimerID
 .text.pxPortInitialiseStack
                0x00000000080063a0       0x68 ./Middlewares/Third_Party/FreeRTOS/Source/portable/GCC/ARM_CM4F/port.o
                0x00000000080063a0                pxPortInitialiseStack
 .text.prvTaskExitError
                0x0000000008006408       0x58 ./Middlewares/Third_Party/FreeRTOS/Source/portable/GCC/ARM_CM4F/port.o
 .text.SVC_Handler
                0x0000000008006460       0x28 ./Middlewares/Third_Party/FreeRTOS/Source/portable/GCC/ARM_CM4F/port.o
                0x0000000008006460                SVC_Handler
 .text.prvPortStartFirstTask
                0x0000000008006488       0x28 ./Middlewares/Third_Party/FreeRTOS/Source/portable/GCC/ARM_CM4F/port.o
 .text.xPortStartScheduler
                0x00000000080064b0      0x144 ./Middlewares/Third_Party/FreeRTOS/Source/portable/GCC/ARM_CM4F/port.o
                0x00000000080064b0                xPortStartScheduler
 .text.vPortEnterCritical
                0x00000000080065f4       0x60 ./Middlewares/Third_Party/FreeRTOS/Source/portable/GCC/ARM_CM4F/port.o
                0x00000000080065f4                vPortEnterCritical
 .text.vPortExitCritical
                0x0000000008006654       0x54 ./Middlewares/Third_Party/FreeRTOS/Source/portable/GCC/ARM_CM4F/port.o
                0x0000000008006654                vPortExitCritical
 *fill*         0x00000000080066a8        0x8 
 .text.PendSV_Handler
                0x00000000080066b0       0x68 ./Middlewares/Third_Party/FreeRTOS/Source/portable/GCC/ARM_CM4F/port.o
                0x00000000080066b0                PendSV_Handler
 .text.xPortSysTickHandler
                0x0000000008006718       0x44 ./Middlewares/Third_Party/FreeRTOS/Source/portable/GCC/ARM_CM4F/port.o
                0x0000000008006718                xPortSysTickHandler
 .text.vPortSetupTimerInterrupt
                0x000000000800675c       0x48 ./Middlewares/Third_Party/FreeRTOS/Source/portable/GCC/ARM_CM4F/port.o
                0x000000000800675c                vPortSetupTimerInterrupt
 .text.vPortEnableVFP
                0x00000000080067a4       0x14 ./Middlewares/Third_Party/FreeRTOS/Source/portable/GCC/ARM_CM4F/port.o
 .text.vPortValidateInterruptPriority
                0x00000000080067b8       0x80 ./Middlewares/Third_Party/FreeRTOS/Source/portable/GCC/ARM_CM4F/port.o
                0x00000000080067b8                vPortValidateInterruptPriority
 .text.pvPortMalloc
                0x0000000008006838      0x198 ./Middlewares/Third_Party/FreeRTOS/Source/portable/MemMang/heap_4.o
                0x0000000008006838                pvPortMalloc
 .text.vPortFree
                0x00000000080069d0       0xc4 ./Middlewares/Third_Party/FreeRTOS/Source/portable/MemMang/heap_4.o
                0x00000000080069d0                vPortFree
 .text.prvHeapInit
                0x0000000008006a94       0xc4 ./Middlewares/Third_Party/FreeRTOS/Source/portable/MemMang/heap_4.o
 .text.prvInsertBlockIntoFreeList
                0x0000000008006b58       0xb4 ./Middlewares/Third_Party/FreeRTOS/Source/portable/MemMang/heap_4.o
 .text.APP_timeoutTimerIRQHandler
                0x0000000008006c0c       0x14 ./application/Src/app.o
                0x0000000008006c0c                APP_timeoutTimerIRQHandler
 .text.APP_periodicTimerIRQHandler
                0x0000000008006c20       0x14 ./application/Src/app.o
                0x0000000008006c20                APP_periodicTimerIRQHandler
 .text.Initilialise_App
                0x0000000008006c34      0x238 ./application/Src/app.o
                0x0000000008006c34                Initilialise_App
 .text.MAIN_App
                0x0000000008006e6c       0x10 ./application/Src/app.o
                0x0000000008006e6c                MAIN_App
 .text.Process_TelemetryMAIN_TaskHandler
                0x0000000008006e7c       0x18 ./application/Src/app.o
                0x0000000008006e7c                Process_TelemetryMAIN_TaskHandler
 .text.Process_Flash_TaskHandler
                0x0000000008006e94       0x58 ./application/Src/app.o
                0x0000000008006e94                Process_Flash_TaskHandler
 .text.Process_CAN_TaskHandler
                0x0000000008006eec       0x58 ./application/Src/app.o
                0x0000000008006eec                Process_CAN_TaskHandler
 .text.Process_RTC_TaskHandler
                0x0000000008006f44       0x58 ./application/Src/app.o
                0x0000000008006f44                Process_RTC_TaskHandler
 .text.Process_SDCARD_TaskHandler
                0x0000000008006f9c       0x58 ./application/Src/app.o
                0x0000000008006f9c                Process_SDCARD_TaskHandler
 .text.Process_WIFI_TaskHandler
                0x0000000008006ff4       0x58 ./application/Src/app.o
                0x0000000008006ff4                Process_WIFI_TaskHandler
 .text.Process_NEXTION_TaskHandler
                0x000000000800704c       0x58 ./application/Src/app.o
                0x000000000800704c                Process_NEXTION_TaskHandler
 .text.ModuleCAN_HWInit
                0x00000000080070a4        0xe ./features/ModuleCAN/Src/ModuleCAN.o
                0x00000000080070a4                ModuleCAN_HWInit
 .text.ModuleCAN_SWInit
                0x00000000080070b2        0xe ./features/ModuleCAN/Src/ModuleCAN.o
                0x00000000080070b2                ModuleCAN_SWInit
 .text.ModuleCAN_StartUP
                0x00000000080070c0       0x10 ./features/ModuleCAN/Src/ModuleCAN.o
                0x00000000080070c0                ModuleCAN_StartUP
 .text.ModuleCAN_MAIN_Routine
                0x00000000080070d0        0xe ./features/ModuleCAN/Src/ModuleCAN.o
                0x00000000080070d0                ModuleCAN_MAIN_Routine
 .text.ModuleCAN_MAIN_Process
                0x00000000080070de        0xe ./features/ModuleCAN/Src/ModuleCAN.o
                0x00000000080070de                ModuleCAN_MAIN_Process
 .text.ModuleCAN_MAIN
                0x00000000080070ec       0x54 ./features/ModuleCAN/Src/ModuleCAN.o
                0x00000000080070ec                ModuleCAN_MAIN
 .text.ModuleFlash_HWInit
                0x0000000008007140        0xe ./features/ModuleFlash/Src/ModuleFlash.o
                0x0000000008007140                ModuleFlash_HWInit
 .text.ModuleFlash_SWInit
                0x000000000800714e        0xe ./features/ModuleFlash/Src/ModuleFlash.o
                0x000000000800714e                ModuleFlash_SWInit
 .text.ModuleFlash_StartUP
                0x000000000800715c       0x10 ./features/ModuleFlash/Src/ModuleFlash.o
                0x000000000800715c                ModuleFlash_StartUP
 .text.ModuleFlash_MAIN_Routine
                0x000000000800716c        0xe ./features/ModuleFlash/Src/ModuleFlash.o
                0x000000000800716c                ModuleFlash_MAIN_Routine
 .text.ModuleFlash_MAIN_Process
                0x000000000800717a        0xe ./features/ModuleFlash/Src/ModuleFlash.o
                0x000000000800717a                ModuleFlash_MAIN_Process
 .text.ModuleFlash_MAIN
                0x0000000008007188       0x50 ./features/ModuleFlash/Src/ModuleFlash.o
                0x0000000008007188                ModuleFlash_MAIN
 .text.ModuleNEXTION_HWInit
                0x00000000080071d8        0xe ./features/ModuleNEXTION/Src/ModuleNEXTION.o
                0x00000000080071d8                ModuleNEXTION_HWInit
 .text.ModuleNEXTION_SWInit
                0x00000000080071e6        0xe ./features/ModuleNEXTION/Src/ModuleNEXTION.o
                0x00000000080071e6                ModuleNEXTION_SWInit
 .text.ModuleNEXTION_StartUP
                0x00000000080071f4       0x10 ./features/ModuleNEXTION/Src/ModuleNEXTION.o
                0x00000000080071f4                ModuleNEXTION_StartUP
 .text.ModuleNEXTION_MAIN_Routine
                0x0000000008007204        0xe ./features/ModuleNEXTION/Src/ModuleNEXTION.o
                0x0000000008007204                ModuleNEXTION_MAIN_Routine
 .text.ModuleNEXTION_MAIN_Process
                0x0000000008007212        0xe ./features/ModuleNEXTION/Src/ModuleNEXTION.o
                0x0000000008007212                ModuleNEXTION_MAIN_Process
 .text.ModuleNEXTION_MAIN
                0x0000000008007220       0x50 ./features/ModuleNEXTION/Src/ModuleNEXTION.o
                0x0000000008007220                ModuleNEXTION_MAIN
 .text.ModuleRTC_HWInit
                0x0000000008007270        0xe ./features/ModuleRTC/Src/ModuleRTC.o
                0x0000000008007270                ModuleRTC_HWInit
 .text.ModuleRTC_SWInit
                0x000000000800727e        0xe ./features/ModuleRTC/Src/ModuleRTC.o
                0x000000000800727e                ModuleRTC_SWInit
 .text.ModuleRTC_StartUP
                0x000000000800728c       0x10 ./features/ModuleRTC/Src/ModuleRTC.o
                0x000000000800728c                ModuleRTC_StartUP
 .text.ModuleRTC_MAIN_Routine
                0x000000000800729c        0xe ./features/ModuleRTC/Src/ModuleRTC.o
                0x000000000800729c                ModuleRTC_MAIN_Routine
 .text.ModuleRTC_MAIN_Process
                0x00000000080072aa        0xe ./features/ModuleRTC/Src/ModuleRTC.o
                0x00000000080072aa                ModuleRTC_MAIN_Process
 .text.ModuleRTC_MAIN
                0x00000000080072b8       0x50 ./features/ModuleRTC/Src/ModuleRTC.o
                0x00000000080072b8                ModuleRTC_MAIN
 .text.ModuleSDCard_HWInit
                0x0000000008007308        0xe ./features/ModuleSDCard/Src/ModuleSDCard.o
                0x0000000008007308                ModuleSDCard_HWInit
 .text.ModuleSDCard_SWInit
                0x0000000008007316        0xe ./features/ModuleSDCard/Src/ModuleSDCard.o
                0x0000000008007316                ModuleSDCard_SWInit
 .text.ModuleSDCard_StartUP
                0x0000000008007324       0x10 ./features/ModuleSDCard/Src/ModuleSDCard.o
                0x0000000008007324                ModuleSDCard_StartUP
 .text.ModuleSDCard_MAIN_Routine
                0x0000000008007334        0xe ./features/ModuleSDCard/Src/ModuleSDCard.o
                0x0000000008007334                ModuleSDCard_MAIN_Routine
 .text.ModuleSDCard_MAIN_Process
                0x0000000008007342        0xe ./features/ModuleSDCard/Src/ModuleSDCard.o
                0x0000000008007342                ModuleSDCard_MAIN_Process
 .text.ModuleSDCard_MAIN
                0x0000000008007350       0x50 ./features/ModuleSDCard/Src/ModuleSDCard.o
                0x0000000008007350                ModuleSDCard_MAIN
 .text.ModuleWIFI_HWInit
                0x00000000080073a0        0xe ./features/ModuleWIFI/Src/ModuleWIFI.o
                0x00000000080073a0                ModuleWIFI_HWInit
 .text.ModuleWIFI_SWInit
                0x00000000080073ae        0xe ./features/ModuleWIFI/Src/ModuleWIFI.o
                0x00000000080073ae                ModuleWIFI_SWInit
 .text.ModuleWIFI_StartUP
                0x00000000080073bc       0x10 ./features/ModuleWIFI/Src/ModuleWIFI.o
                0x00000000080073bc                ModuleWIFI_StartUP
 .text.ModuleWIFI_MAIN_Routine
                0x00000000080073cc        0xe ./features/ModuleWIFI/Src/ModuleWIFI.o
                0x00000000080073cc                ModuleWIFI_MAIN_Routine
 .text.ModuleWIFI_MAIN_Process
                0x00000000080073da        0xe ./features/ModuleWIFI/Src/ModuleWIFI.o
                0x00000000080073da                ModuleWIFI_MAIN_Process
 .text.ModuleWIFI_MAIN
                0x00000000080073e8       0x50 ./features/ModuleWIFI/Src/ModuleWIFI.o
                0x00000000080073e8                ModuleWIFI_MAIN
 .text.TelemetryMain_HWInit
                0x0000000008007438        0xe ./features/TelemetryMAIN/Src/TelemetryMAIN.o
                0x0000000008007438                TelemetryMain_HWInit
 .text.TelemetryMain_SWInit
                0x0000000008007446        0xe ./features/TelemetryMAIN/Src/TelemetryMAIN.o
                0x0000000008007446                TelemetryMain_SWInit
 .text.TelemetryMain_StartUP
                0x0000000008007454       0x10 ./features/TelemetryMAIN/Src/TelemetryMAIN.o
                0x0000000008007454                TelemetryMain_StartUP
 .text.TelemetryMain_MAIN_Routine
                0x0000000008007464        0xe ./features/TelemetryMAIN/Src/TelemetryMAIN.o
                0x0000000008007464                TelemetryMain_MAIN_Routine
 .text.TelemetryMain_MAIN_Process
                0x0000000008007472        0xe ./features/TelemetryMAIN/Src/TelemetryMAIN.o
                0x0000000008007472                TelemetryMain_MAIN_Process
 .text.TelemetyMain_MAIN
                0x0000000008007480       0x50 ./features/TelemetryMAIN/Src/TelemetryMAIN.o
                0x0000000008007480                TelemetyMain_MAIN
 .text.__libc_init_array
                0x00000000080074d0       0x48 c:/st/stm32cubeide_1.11.2/stm32cubeide/plugins/com.st.stm32cube.ide.mcu.externaltools.gnu-tools-for-stm32.10.3-2021.10.win32_1.0.100.202210260954/tools/bin/../lib/gcc/arm-none-eabi/10.3.1/../../../../arm-none-eabi/lib/thumb/v7e-m+fp/hard\libc_nano.a(lib_a-init.o)
                0x00000000080074d0                __libc_init_array
 .text.memcpy   0x0000000008007518       0x1c c:/st/stm32cubeide_1.11.2/stm32cubeide/plugins/com.st.stm32cube.ide.mcu.externaltools.gnu-tools-for-stm32.10.3-2021.10.win32_1.0.100.202210260954/tools/bin/../lib/gcc/arm-none-eabi/10.3.1/../../../../arm-none-eabi/lib/thumb/v7e-m+fp/hard\libc_nano.a(lib_a-memcpy-stub.o)
                0x0000000008007518                memcpy
 .text.memset   0x0000000008007534       0x10 c:/st/stm32cubeide_1.11.2/stm32cubeide/plugins/com.st.stm32cube.ide.mcu.externaltools.gnu-tools-for-stm32.10.3-2021.10.win32_1.0.100.202210260954/tools/bin/../lib/gcc/arm-none-eabi/10.3.1/../../../../arm-none-eabi/lib/thumb/v7e-m+fp/hard\libc_nano.a(lib_a-memset.o)
                0x0000000008007534                memset
 *(.glue_7)
 .glue_7        0x0000000008007544        0x0 linker stubs
 *(.glue_7t)
 .glue_7t       0x0000000008007544        0x0 linker stubs
 *(.eh_frame)
 .eh_frame      0x0000000008007544        0x0 c:/st/stm32cubeide_1.11.2/stm32cubeide/plugins/com.st.stm32cube.ide.mcu.externaltools.gnu-tools-for-stm32.10.3-2021.10.win32_1.0.100.202210260954/tools/bin/../lib/gcc/arm-none-eabi/10.3.1/thumb/v7e-m+fp/hard/crtbegin.o
 *(.init)
 .init          0x0000000008007544        0x4 c:/st/stm32cubeide_1.11.2/stm32cubeide/plugins/com.st.stm32cube.ide.mcu.externaltools.gnu-tools-for-stm32.10.3-2021.10.win32_1.0.100.202210260954/tools/bin/../lib/gcc/arm-none-eabi/10.3.1/thumb/v7e-m+fp/hard/crti.o
                0x0000000008007544                _init
 .init          0x0000000008007548        0x8 c:/st/stm32cubeide_1.11.2/stm32cubeide/plugins/com.st.stm32cube.ide.mcu.externaltools.gnu-tools-for-stm32.10.3-2021.10.win32_1.0.100.202210260954/tools/bin/../lib/gcc/arm-none-eabi/10.3.1/thumb/v7e-m+fp/hard/crtn.o
 *(.fini)
 .fini          0x0000000008007550        0x4 c:/st/stm32cubeide_1.11.2/stm32cubeide/plugins/com.st.stm32cube.ide.mcu.externaltools.gnu-tools-for-stm32.10.3-2021.10.win32_1.0.100.202210260954/tools/bin/../lib/gcc/arm-none-eabi/10.3.1/thumb/v7e-m+fp/hard/crti.o
                0x0000000008007550                _fini
 .fini          0x0000000008007554        0x8 c:/st/stm32cubeide_1.11.2/stm32cubeide/plugins/com.st.stm32cube.ide.mcu.externaltools.gnu-tools-for-stm32.10.3-2021.10.win32_1.0.100.202210260954/tools/bin/../lib/gcc/arm-none-eabi/10.3.1/thumb/v7e-m+fp/hard/crtn.o
                0x000000000800755c                . = ALIGN (0x4)
                0x000000000800755c                _etext = .

.vfp11_veneer   0x000000000800755c        0x0
 .vfp11_veneer  0x000000000800755c        0x0 linker stubs

.v4_bx          0x000000000800755c        0x0
 .v4_bx         0x000000000800755c        0x0 linker stubs

.iplt           0x000000000800755c        0x0
 .iplt          0x000000000800755c        0x0 c:/st/stm32cubeide_1.11.2/stm32cubeide/plugins/com.st.stm32cube.ide.mcu.externaltools.gnu-tools-for-stm32.10.3-2021.10.win32_1.0.100.202210260954/tools/bin/../lib/gcc/arm-none-eabi/10.3.1/thumb/v7e-m+fp/hard/crtbegin.o

.rodata         0x000000000800755c      0x144
                0x000000000800755c                . = ALIGN (0x4)
 *(.rodata)
 .rodata        0x000000000800755c        0xc ./Core/Src/main.o
 .rodata        0x0000000008007568        0x5 ./Middlewares/Third_Party/FreeRTOS/Source/tasks.o
 *fill*         0x000000000800756d        0x3 
 .rodata        0x0000000008007570        0xd ./Middlewares/Third_Party/FreeRTOS/Source/timers.o
 *fill*         0x000000000800757d        0x3 
 .rodata        0x0000000008007580       0xc1 ./application/Src/app.o
 *(.rodata*)
 *fill*         0x0000000008007641        0x3 
 .rodata.defaultTask_attributes
                0x0000000008007644       0x24 ./Core/Src/main.o
                0x0000000008007644                defaultTask_attributes
 .rodata.AHBPrescTable
                0x0000000008007668       0x10 ./Core/Src/system_stm32f4xx.o
                0x0000000008007668                AHBPrescTable
 .rodata.APBPrescTable
                0x0000000008007678        0x8 ./Core/Src/system_stm32f4xx.o
                0x0000000008007678                APBPrescTable
 .rodata.APP_periodic_attributes
                0x0000000008007680       0x10 ./application/Src/app.o
                0x0000000008007680                APP_periodic_attributes
 .rodata.APP_timeout_attributes
                0x0000000008007690       0x10 ./application/Src/app.o
                0x0000000008007690                APP_timeout_attributes
                0x00000000080076a0                . = ALIGN (0x4)

.ARM.extab      0x00000000080076a0        0x0
                0x00000000080076a0                . = ALIGN (0x4)
 *(.ARM.extab* .gnu.linkonce.armextab.*)
                0x00000000080076a0                . = ALIGN (0x4)

.ARM            0x00000000080076a0        0x8
                0x00000000080076a0                . = ALIGN (0x4)
                0x00000000080076a0                __exidx_start = .
 *(.ARM.exidx*)
 .ARM.exidx     0x00000000080076a0        0x8 c:/st/stm32cubeide_1.11.2/stm32cubeide/plugins/com.st.stm32cube.ide.mcu.externaltools.gnu-tools-for-stm32.10.3-2021.10.win32_1.0.100.202210260954/tools/bin/../lib/gcc/arm-none-eabi/10.3.1/thumb/v7e-m+fp/hard\libgcc.a(_udivmoddi4.o)
                0x00000000080076a8                __exidx_end = .
                0x00000000080076a8                . = ALIGN (0x4)

.rel.dyn        0x00000000080076a8        0x0
 .rel.iplt      0x00000000080076a8        0x0 c:/st/stm32cubeide_1.11.2/stm32cubeide/plugins/com.st.stm32cube.ide.mcu.externaltools.gnu-tools-for-stm32.10.3-2021.10.win32_1.0.100.202210260954/tools/bin/../lib/gcc/arm-none-eabi/10.3.1/thumb/v7e-m+fp/hard/crtbegin.o

.preinit_array  0x00000000080076a8        0x0
                0x00000000080076a8                . = ALIGN (0x4)
                0x00000000080076a8                PROVIDE (__preinit_array_start = .)
 *(.preinit_array*)
                0x00000000080076a8                PROVIDE (__preinit_array_end = .)
                0x00000000080076a8                . = ALIGN (0x4)

.init_array     0x00000000080076a8        0x4
                0x00000000080076a8                . = ALIGN (0x4)
                0x00000000080076a8                PROVIDE (__init_array_start = .)
 *(SORT_BY_NAME(.init_array.*))
 *(.init_array*)
 .init_array    0x00000000080076a8        0x4 c:/st/stm32cubeide_1.11.2/stm32cubeide/plugins/com.st.stm32cube.ide.mcu.externaltools.gnu-tools-for-stm32.10.3-2021.10.win32_1.0.100.202210260954/tools/bin/../lib/gcc/arm-none-eabi/10.3.1/thumb/v7e-m+fp/hard/crtbegin.o
                0x00000000080076ac                PROVIDE (__init_array_end = .)
                0x00000000080076ac                . = ALIGN (0x4)

.fini_array     0x00000000080076ac        0x4
                0x00000000080076ac                . = ALIGN (0x4)
                [!provide]                        PROVIDE (__fini_array_start = .)
 *(SORT_BY_NAME(.fini_array.*))
 *(.fini_array*)
 .fini_array    0x00000000080076ac        0x4 c:/st/stm32cubeide_1.11.2/stm32cubeide/plugins/com.st.stm32cube.ide.mcu.externaltools.gnu-tools-for-stm32.10.3-2021.10.win32_1.0.100.202210260954/tools/bin/../lib/gcc/arm-none-eabi/10.3.1/thumb/v7e-m+fp/hard/crtbegin.o
                [!provide]                        PROVIDE (__fini_array_end = .)
                0x00000000080076b0                . = ALIGN (0x4)
                0x00000000080076b0                _sidata = LOADADDR (.data)

.data           0x0000000020000000       0x10 load address 0x00000000080076b0
                0x0000000020000000                . = ALIGN (0x4)
                0x0000000020000000                _sdata = .
 *(.data)
 *(.data*)
 .data.SystemCoreClock
                0x0000000020000000        0x4 ./Core/Src/system_stm32f4xx.o
                0x0000000020000000                SystemCoreClock
 .data.uwTickPrio
                0x0000000020000004        0x4 ./Drivers/STM32F4xx_HAL_Driver/Src/stm32f4xx_hal.o
                0x0000000020000004                uwTickPrio
 .data.uwTickFreq
                0x0000000020000008        0x1 ./Drivers/STM32F4xx_HAL_Driver/Src/stm32f4xx_hal.o
                0x0000000020000008                uwTickFreq
 *fill*         0x0000000020000009        0x3 
 .data.uxCriticalNesting
                0x000000002000000c        0x4 ./Middlewares/Third_Party/FreeRTOS/Source/portable/GCC/ARM_CM4F/port.o
 *(.RamFunc)
 *(.RamFunc*)
                0x0000000020000010                . = ALIGN (0x4)
                0x0000000020000010                _edata = .

.igot.plt       0x0000000020000010        0x0 load address 0x00000000080076c0
 .igot.plt      0x0000000020000010        0x0 c:/st/stm32cubeide_1.11.2/stm32cubeide/plugins/com.st.stm32cube.ide.mcu.externaltools.gnu-tools-for-stm32.10.3-2021.10.win32_1.0.100.202210260954/tools/bin/../lib/gcc/arm-none-eabi/10.3.1/thumb/v7e-m+fp/hard/crtbegin.o
                0x0000000020000010                . = ALIGN (0x4)

.bss            0x0000000020000010     0x9634 load address 0x00000000080076c0
                0x0000000020000010                _sbss = .
                0x0000000020000010                __bss_start__ = _sbss
 *(.bss)
 .bss           0x0000000020000010       0x1c c:/st/stm32cubeide_1.11.2/stm32cubeide/plugins/com.st.stm32cube.ide.mcu.externaltools.gnu-tools-for-stm32.10.3-2021.10.win32_1.0.100.202210260954/tools/bin/../lib/gcc/arm-none-eabi/10.3.1/thumb/v7e-m+fp/hard/crtbegin.o
 *(.bss*)
 .bss.hadc1     0x000000002000002c       0x48 ./Core/Src/main.o
                0x000000002000002c                hadc1
 .bss.hi2c1     0x0000000020000074       0x54 ./Core/Src/main.o
                0x0000000020000074                hi2c1
 .bss.hi2c2     0x00000000200000c8       0x54 ./Core/Src/main.o
                0x00000000200000c8                hi2c2
 .bss.hi2c3     0x000000002000011c       0x54 ./Core/Src/main.o
                0x000000002000011c                hi2c3
 .bss.hspi1     0x0000000020000170       0x58 ./Core/Src/main.o
                0x0000000020000170                hspi1
 .bss.hspi2     0x00000000200001c8       0x58 ./Core/Src/main.o
                0x00000000200001c8                hspi2
 .bss.hspi3     0x0000000020000220       0x58 ./Core/Src/main.o
                0x0000000020000220                hspi3
 .bss.htim3     0x0000000020000278       0x48 ./Core/Src/main.o
                0x0000000020000278                htim3
 .bss.htim4     0x00000000200002c0       0x48 ./Core/Src/main.o
                0x00000000200002c0                htim4
 .bss.huart1    0x0000000020000308       0x44 ./Core/Src/main.o
                0x0000000020000308                huart1
 .bss.huart2    0x000000002000034c       0x44 ./Core/Src/main.o
                0x000000002000034c                huart2
 .bss.huart6    0x0000000020000390       0x44 ./Core/Src/main.o
                0x0000000020000390                huart6
 .bss.defaultTaskHandle
                0x00000000200003d4        0x4 ./Core/Src/main.o
                0x00000000200003d4                defaultTaskHandle
 .bss.uwTick    0x00000000200003d8        0x4 ./Drivers/STM32F4xx_HAL_Driver/Src/stm32f4xx_hal.o
                0x00000000200003d8                uwTick
 .bss.KernelState
                0x00000000200003dc        0x4 ./Middlewares/Third_Party/FreeRTOS/Source/CMSIS_RTOS_V2/cmsis_os2.o
 .bss.Idle_TCB.3
                0x00000000200003e0       0x5c ./Middlewares/Third_Party/FreeRTOS/Source/CMSIS_RTOS_V2/cmsis_os2.o
 .bss.Idle_Stack.2
                0x000000002000043c      0x200 ./Middlewares/Third_Party/FreeRTOS/Source/CMSIS_RTOS_V2/cmsis_os2.o
 .bss.Timer_TCB.1
                0x000000002000063c       0x5c ./Middlewares/Third_Party/FreeRTOS/Source/CMSIS_RTOS_V2/cmsis_os2.o
 .bss.Timer_Stack.0
                0x0000000020000698      0x400 ./Middlewares/Third_Party/FreeRTOS/Source/CMSIS_RTOS_V2/cmsis_os2.o
 .bss.xQueueRegistry
                0x0000000020000a98       0x40 ./Middlewares/Third_Party/FreeRTOS/Source/queue.o
                0x0000000020000a98                xQueueRegistry
 .bss.pxCurrentTCB
                0x0000000020000ad8        0x4 ./Middlewares/Third_Party/FreeRTOS/Source/tasks.o
                0x0000000020000ad8                pxCurrentTCB
 .bss.pxReadyTasksLists
                0x0000000020000adc      0x460 ./Middlewares/Third_Party/FreeRTOS/Source/tasks.o
 .bss.xDelayedTaskList1
                0x0000000020000f3c       0x14 ./Middlewares/Third_Party/FreeRTOS/Source/tasks.o
 .bss.xDelayedTaskList2
                0x0000000020000f50       0x14 ./Middlewares/Third_Party/FreeRTOS/Source/tasks.o
 .bss.pxDelayedTaskList
                0x0000000020000f64        0x4 ./Middlewares/Third_Party/FreeRTOS/Source/tasks.o
 .bss.pxOverflowDelayedTaskList
                0x0000000020000f68        0x4 ./Middlewares/Third_Party/FreeRTOS/Source/tasks.o
 .bss.xPendingReadyList
                0x0000000020000f6c       0x14 ./Middlewares/Third_Party/FreeRTOS/Source/tasks.o
 .bss.xTasksWaitingTermination
                0x0000000020000f80       0x14 ./Middlewares/Third_Party/FreeRTOS/Source/tasks.o
 .bss.uxDeletedTasksWaitingCleanUp
                0x0000000020000f94        0x4 ./Middlewares/Third_Party/FreeRTOS/Source/tasks.o
 .bss.xSuspendedTaskList
                0x0000000020000f98       0x14 ./Middlewares/Third_Party/FreeRTOS/Source/tasks.o
 .bss.uxCurrentNumberOfTasks
                0x0000000020000fac        0x4 ./Middlewares/Third_Party/FreeRTOS/Source/tasks.o
 .bss.xTickCount
                0x0000000020000fb0        0x4 ./Middlewares/Third_Party/FreeRTOS/Source/tasks.o
 .bss.uxTopReadyPriority
                0x0000000020000fb4        0x4 ./Middlewares/Third_Party/FreeRTOS/Source/tasks.o
 .bss.xSchedulerRunning
                0x0000000020000fb8        0x4 ./Middlewares/Third_Party/FreeRTOS/Source/tasks.o
 .bss.xPendedTicks
                0x0000000020000fbc        0x4 ./Middlewares/Third_Party/FreeRTOS/Source/tasks.o
 .bss.xYieldPending
                0x0000000020000fc0        0x4 ./Middlewares/Third_Party/FreeRTOS/Source/tasks.o
 .bss.xNumOfOverflows
                0x0000000020000fc4        0x4 ./Middlewares/Third_Party/FreeRTOS/Source/tasks.o
 .bss.uxTaskNumber
                0x0000000020000fc8        0x4 ./Middlewares/Third_Party/FreeRTOS/Source/tasks.o
 .bss.xNextTaskUnblockTime
                0x0000000020000fcc        0x4 ./Middlewares/Third_Party/FreeRTOS/Source/tasks.o
 .bss.xIdleTaskHandle
                0x0000000020000fd0        0x4 ./Middlewares/Third_Party/FreeRTOS/Source/tasks.o
 .bss.uxSchedulerSuspended
                0x0000000020000fd4        0x4 ./Middlewares/Third_Party/FreeRTOS/Source/tasks.o
 .bss.xActiveTimerList1
                0x0000000020000fd8       0x14 ./Middlewares/Third_Party/FreeRTOS/Source/timers.o
 .bss.xActiveTimerList2
                0x0000000020000fec       0x14 ./Middlewares/Third_Party/FreeRTOS/Source/timers.o
 .bss.pxCurrentTimerList
                0x0000000020001000        0x4 ./Middlewares/Third_Party/FreeRTOS/Source/timers.o
 .bss.pxOverflowTimerList
                0x0000000020001004        0x4 ./Middlewares/Third_Party/FreeRTOS/Source/timers.o
 .bss.xTimerQueue
                0x0000000020001008        0x4 ./Middlewares/Third_Party/FreeRTOS/Source/timers.o
 .bss.xTimerTaskHandle
                0x000000002000100c        0x4 ./Middlewares/Third_Party/FreeRTOS/Source/timers.o
 .bss.xLastTime.2
                0x0000000020001010        0x4 ./Middlewares/Third_Party/FreeRTOS/Source/timers.o
 .bss.ucStaticTimerQueueStorage.1
                0x0000000020001014       0xa0 ./Middlewares/Third_Party/FreeRTOS/Source/timers.o
 .bss.xStaticTimerQueue.0
                0x00000000200010b4       0x50 ./Middlewares/Third_Party/FreeRTOS/Source/timers.o
 .bss.ucMaxSysCallPriority
                0x0000000020001104        0x1 ./Middlewares/Third_Party/FreeRTOS/Source/portable/GCC/ARM_CM4F/port.o
 *fill*         0x0000000020001105        0x3 
 .bss.ulMaxPRIGROUPValue
                0x0000000020001108        0x4 ./Middlewares/Third_Party/FreeRTOS/Source/portable/GCC/ARM_CM4F/port.o
 .bss.ucHeap    0x000000002000110c     0x3c00 ./Middlewares/Third_Party/FreeRTOS/Source/portable/MemMang/heap_4.o
 .bss.xStart    0x0000000020004d0c        0x8 ./Middlewares/Third_Party/FreeRTOS/Source/portable/MemMang/heap_4.o
 .bss.pxEnd     0x0000000020004d14        0x4 ./Middlewares/Third_Party/FreeRTOS/Source/portable/MemMang/heap_4.o
 .bss.xFreeBytesRemaining
                0x0000000020004d18        0x4 ./Middlewares/Third_Party/FreeRTOS/Source/portable/MemMang/heap_4.o
 .bss.xMinimumEverFreeBytesRemaining
                0x0000000020004d1c        0x4 ./Middlewares/Third_Party/FreeRTOS/Source/portable/MemMang/heap_4.o
 .bss.xNumberOfSuccessfulAllocations
                0x0000000020004d20        0x4 ./Middlewares/Third_Party/FreeRTOS/Source/portable/MemMang/heap_4.o
 .bss.xNumberOfSuccessfulFrees
                0x0000000020004d24        0x4 ./Middlewares/Third_Party/FreeRTOS/Source/portable/MemMang/heap_4.o
 .bss.xBlockAllocatedBit
                0x0000000020004d28        0x4 ./Middlewares/Third_Party/FreeRTOS/Source/portable/MemMang/heap_4.o
 .bss.xTaskBuffer
                0x0000000020004d2c      0x284 ./application/Src/app.o
                0x0000000020004d2c                xTaskBuffer
 .bss.xStack    0x0000000020004fb0     0x4400 ./application/Src/app.o
                0x0000000020004fb0                xStack
 .bss.xHandle   0x00000000200093b0       0x1c ./application/Src/app.o
                0x00000000200093b0                xHandle
 .bss.xSemaphore
                0x00000000200093cc      0x1e0 ./application/Src/app.o
                0x00000000200093cc                xSemaphore
 .bss.xSemHandle
                0x00000000200095ac       0x18 ./application/Src/app.o
                0x00000000200095ac                xSemHandle
 .bss.xSemResult
                0x00000000200095c4       0x18 ./application/Src/app.o
                0x00000000200095c4                xSemResult
 .bss.xTimerID  0x00000000200095dc        0x8 ./application/Src/app.o
                0x00000000200095dc                xTimerID
 .bss.xStaticTimerDef
                0x00000000200095e4       0x58 ./application/Src/app.o
                0x00000000200095e4                xStaticTimerDef
 .bss.ModuleCAN_MAIN_State
                0x000000002000963c        0x1 ./features/ModuleCAN/Src/ModuleCAN.o
                0x000000002000963c                ModuleCAN_MAIN_State
 .bss.ModuleFlash_MAIN_State
                0x000000002000963d        0x1 ./features/ModuleFlash/Src/ModuleFlash.o
                0x000000002000963d                ModuleFlash_MAIN_State
 .bss.ModuleNEXTION_MAIN_State
                0x000000002000963e        0x1 ./features/ModuleNEXTION/Src/ModuleNEXTION.o
                0x000000002000963e                ModuleNEXTION_MAIN_State
 .bss.ModuleRTC_MAIN_State
                0x000000002000963f        0x1 ./features/ModuleRTC/Src/ModuleRTC.o
                0x000000002000963f                ModuleRTC_MAIN_State
 .bss.ModuleSDCard_MAIN_State
                0x0000000020009640        0x1 ./features/ModuleSDCard/Src/ModuleSDCard.o
                0x0000000020009640                ModuleSDCard_MAIN_State
 .bss.ModuleWIFI_MAIN_State
                0x0000000020009641        0x1 ./features/ModuleWIFI/Src/ModuleWIFI.o
                0x0000000020009641                ModuleWIFI_MAIN_State
 .bss.TelemetryMain_MAIN_State
                0x0000000020009642        0x1 ./features/TelemetryMAIN/Src/TelemetryMAIN.o
                0x0000000020009642                TelemetryMain_MAIN_State
 *(COMMON)
                0x0000000020009644                . = ALIGN (0x4)
 *fill*         0x0000000020009643        0x1 
                0x0000000020009644                _ebss = .
                0x0000000020009644                __bss_end__ = _ebss

._user_heap_stack
                0x0000000020009644      0x604 load address 0x00000000080076c0
                0x0000000020009648                . = ALIGN (0x8)
 *fill*         0x0000000020009644        0x4 
                [!provide]                        PROVIDE (end = .)
                0x0000000020009648                PROVIDE (_end = .)
                0x0000000020009848                . = (. + _Min_Heap_Size)
 *fill*         0x0000000020009648      0x200 
                0x0000000020009c48                . = (. + _Min_Stack_Size)
 *fill*         0x0000000020009848      0x400 
                0x0000000020009c48                . = ALIGN (0x8)

/DISCARD/
 libc.a(*)
 libm.a(*)
 libgcc.a(*)

.ARM.attributes
                0x0000000000000000       0x30
 *(.ARM.attributes)
 .ARM.attributes
                0x0000000000000000       0x1e c:/st/stm32cubeide_1.11.2/stm32cubeide/plugins/com.st.stm32cube.ide.mcu.externaltools.gnu-tools-for-stm32.10.3-2021.10.win32_1.0.100.202210260954/tools/bin/../lib/gcc/arm-none-eabi/10.3.1/thumb/v7e-m+fp/hard/crti.o
 .ARM.attributes
                0x000000000000001e       0x34 c:/st/stm32cubeide_1.11.2/stm32cubeide/plugins/com.st.stm32cube.ide.mcu.externaltools.gnu-tools-for-stm32.10.3-2021.10.win32_1.0.100.202210260954/tools/bin/../lib/gcc/arm-none-eabi/10.3.1/thumb/v7e-m+fp/hard/crtbegin.o
 .ARM.attributes
                0x0000000000000052       0x34 ./Core/Src/main.o
 .ARM.attributes
                0x0000000000000086       0x34 ./Core/Src/stm32f4xx_hal_msp.o
 .ARM.attributes
                0x00000000000000ba       0x34 ./Core/Src/stm32f4xx_it.o
 .ARM.attributes
                0x00000000000000ee       0x34 ./Core/Src/system_stm32f4xx.o
 .ARM.attributes
                0x0000000000000122       0x21 ./Core/Startup/startup_stm32f401rbtx.o
 .ARM.attributes
                0x0000000000000143       0x34 ./Drivers/STM32F4xx_HAL_Driver/Src/stm32f4xx_hal.o
 .ARM.attributes
                0x0000000000000177       0x34 ./Drivers/STM32F4xx_HAL_Driver/Src/stm32f4xx_hal_adc.o
 .ARM.attributes
                0x00000000000001ab       0x34 ./Drivers/STM32F4xx_HAL_Driver/Src/stm32f4xx_hal_cortex.o
 .ARM.attributes
                0x00000000000001df       0x34 ./Drivers/STM32F4xx_HAL_Driver/Src/stm32f4xx_hal_gpio.o
 .ARM.attributes
                0x0000000000000213       0x34 ./Drivers/STM32F4xx_HAL_Driver/Src/stm32f4xx_hal_i2c.o
 .ARM.attributes
                0x0000000000000247       0x34 ./Drivers/STM32F4xx_HAL_Driver/Src/stm32f4xx_hal_rcc.o
 .ARM.attributes
                0x000000000000027b       0x34 ./Drivers/STM32F4xx_HAL_Driver/Src/stm32f4xx_hal_spi.o
 .ARM.attributes
                0x00000000000002af       0x34 ./Drivers/STM32F4xx_HAL_Driver/Src/stm32f4xx_hal_tim.o
 .ARM.attributes
                0x00000000000002e3       0x34 ./Drivers/STM32F4xx_HAL_Driver/Src/stm32f4xx_hal_tim_ex.o
 .ARM.attributes
                0x0000000000000317       0x34 ./Drivers/STM32F4xx_HAL_Driver/Src/stm32f4xx_hal_uart.o
 .ARM.attributes
                0x000000000000034b       0x34 ./Middlewares/Third_Party/FreeRTOS/Source/CMSIS_RTOS_V2/cmsis_os2.o
 .ARM.attributes
                0x000000000000037f       0x34 ./Middlewares/Third_Party/FreeRTOS/Source/list.o
 .ARM.attributes
                0x00000000000003b3       0x34 ./Middlewares/Third_Party/FreeRTOS/Source/queue.o
 .ARM.attributes
                0x00000000000003e7       0x34 ./Middlewares/Third_Party/FreeRTOS/Source/tasks.o
 .ARM.attributes
                0x000000000000041b       0x34 ./Middlewares/Third_Party/FreeRTOS/Source/timers.o
 .ARM.attributes
                0x000000000000044f       0x34 ./Middlewares/Third_Party/FreeRTOS/Source/portable/GCC/ARM_CM4F/port.o
 .ARM.attributes
                0x0000000000000483       0x34 ./Middlewares/Third_Party/FreeRTOS/Source/portable/MemMang/heap_4.o
 .ARM.attributes
                0x00000000000004b7       0x34 ./application/Src/app.o
 .ARM.attributes
                0x00000000000004eb       0x34 ./features/ModuleCAN/Src/ModuleCAN.o
 .ARM.attributes
                0x000000000000051f       0x34 ./features/ModuleFlash/Src/ModuleFlash.o
 .ARM.attributes
                0x0000000000000553       0x34 ./features/ModuleNEXTION/Src/ModuleNEXTION.o
 .ARM.attributes
                0x0000000000000587       0x34 ./features/ModuleRTC/Src/ModuleRTC.o
 .ARM.attributes
                0x00000000000005bb       0x34 ./features/ModuleSDCard/Src/ModuleSDCard.o
 .ARM.attributes
                0x00000000000005ef       0x34 ./features/ModuleWIFI/Src/ModuleWIFI.o
 .ARM.attributes
                0x0000000000000623       0x34 ./features/TelemetryMAIN/Src/TelemetryMAIN.o
 .ARM.attributes
                0x0000000000000657       0x34 c:/st/stm32cubeide_1.11.2/stm32cubeide/plugins/com.st.stm32cube.ide.mcu.externaltools.gnu-tools-for-stm32.10.3-2021.10.win32_1.0.100.202210260954/tools/bin/../lib/gcc/arm-none-eabi/10.3.1/../../../../arm-none-eabi/lib/thumb/v7e-m+fp/hard\libc_nano.a(lib_a-init.o)
 .ARM.attributes
                0x000000000000068b       0x34 c:/st/stm32cubeide_1.11.2/stm32cubeide/plugins/com.st.stm32cube.ide.mcu.externaltools.gnu-tools-for-stm32.10.3-2021.10.win32_1.0.100.202210260954/tools/bin/../lib/gcc/arm-none-eabi/10.3.1/../../../../arm-none-eabi/lib/thumb/v7e-m+fp/hard\libc_nano.a(lib_a-memcpy-stub.o)
 .ARM.attributes
                0x00000000000006bf       0x34 c:/st/stm32cubeide_1.11.2/stm32cubeide/plugins/com.st.stm32cube.ide.mcu.externaltools.gnu-tools-for-stm32.10.3-2021.10.win32_1.0.100.202210260954/tools/bin/../lib/gcc/arm-none-eabi/10.3.1/../../../../arm-none-eabi/lib/thumb/v7e-m+fp/hard\libc_nano.a(lib_a-memset.o)
 .ARM.attributes
                0x00000000000006f3       0x1e c:/st/stm32cubeide_1.11.2/stm32cubeide/plugins/com.st.stm32cube.ide.mcu.externaltools.gnu-tools-for-stm32.10.3-2021.10.win32_1.0.100.202210260954/tools/bin/../lib/gcc/arm-none-eabi/10.3.1/thumb/v7e-m+fp/hard\libgcc.a(_aeabi_uldivmod.o)
 .ARM.attributes
                0x0000000000000711       0x34 c:/st/stm32cubeide_1.11.2/stm32cubeide/plugins/com.st.stm32cube.ide.mcu.externaltools.gnu-tools-for-stm32.10.3-2021.10.win32_1.0.100.202210260954/tools/bin/../lib/gcc/arm-none-eabi/10.3.1/thumb/v7e-m+fp/hard\libgcc.a(_udivmoddi4.o)
 .ARM.attributes
                0x0000000000000745       0x1e c:/st/stm32cubeide_1.11.2/stm32cubeide/plugins/com.st.stm32cube.ide.mcu.externaltools.gnu-tools-for-stm32.10.3-2021.10.win32_1.0.100.202210260954/tools/bin/../lib/gcc/arm-none-eabi/10.3.1/thumb/v7e-m+fp/hard\libgcc.a(_dvmd_tls.o)
 .ARM.attributes
                0x0000000000000763       0x1e c:/st/stm32cubeide_1.11.2/stm32cubeide/plugins/com.st.stm32cube.ide.mcu.externaltools.gnu-tools-for-stm32.10.3-2021.10.win32_1.0.100.202210260954/tools/bin/../lib/gcc/arm-none-eabi/10.3.1/thumb/v7e-m+fp/hard/crtn.o
OUTPUT(TELEMETRY.elf elf32-littlearm)
LOAD linker stubs
LOAD c:/st/stm32cubeide_1.11.2/stm32cubeide/plugins/com.st.stm32cube.ide.mcu.externaltools.gnu-tools-for-stm32.10.3-2021.10.win32_1.0.100.202210260954/tools/bin/../lib/gcc/arm-none-eabi/10.3.1/../../../../arm-none-eabi/lib/thumb/v7e-m+fp/hard\libc.a
LOAD c:/st/stm32cubeide_1.11.2/stm32cubeide/plugins/com.st.stm32cube.ide.mcu.externaltools.gnu-tools-for-stm32.10.3-2021.10.win32_1.0.100.202210260954/tools/bin/../lib/gcc/arm-none-eabi/10.3.1/../../../../arm-none-eabi/lib/thumb/v7e-m+fp/hard\libm.a
LOAD c:/st/stm32cubeide_1.11.2/stm32cubeide/plugins/com.st.stm32cube.ide.mcu.externaltools.gnu-tools-for-stm32.10.3-2021.10.win32_1.0.100.202210260954/tools/bin/../lib/gcc/arm-none-eabi/10.3.1/thumb/v7e-m+fp/hard\libgcc.a

.debug_info     0x0000000000000000    0x1ddd8
 .debug_info    0x0000000000000000     0x2075 ./Core/Src/main.o
 .debug_info    0x0000000000002075     0x1ab9 ./Core/Src/stm32f4xx_hal_msp.o
 .debug_info    0x0000000000003b2e      0x173 ./Core/Src/stm32f4xx_it.o
 .debug_info    0x0000000000003ca1      0x54f ./Core/Src/system_stm32f4xx.o
 .debug_info    0x00000000000041f0       0x22 ./Core/Startup/startup_stm32f401rbtx.o
 .debug_info    0x0000000000004212      0x906 ./Drivers/STM32F4xx_HAL_Driver/Src/stm32f4xx_hal.o
 .debug_info    0x0000000000004b18      0xd68 ./Drivers/STM32F4xx_HAL_Driver/Src/stm32f4xx_hal_adc.o
 .debug_info    0x0000000000005880      0xd85 ./Drivers/STM32F4xx_HAL_Driver/Src/stm32f4xx_hal_cortex.o
 .debug_info    0x0000000000006605      0x78e ./Drivers/STM32F4xx_HAL_Driver/Src/stm32f4xx_hal_gpio.o
 .debug_info    0x0000000000006d93     0x260f ./Drivers/STM32F4xx_HAL_Driver/Src/stm32f4xx_hal_i2c.o
 .debug_info    0x00000000000093a2      0x98c ./Drivers/STM32F4xx_HAL_Driver/Src/stm32f4xx_hal_rcc.o
 .debug_info    0x0000000000009d2e     0x1750 ./Drivers/STM32F4xx_HAL_Driver/Src/stm32f4xx_hal_spi.o
 .debug_info    0x000000000000b47e     0x2bb6 ./Drivers/STM32F4xx_HAL_Driver/Src/stm32f4xx_hal_tim.o
 .debug_info    0x000000000000e034     0x15d8 ./Drivers/STM32F4xx_HAL_Driver/Src/stm32f4xx_hal_tim_ex.o
 .debug_info    0x000000000000f60c     0x31b4 ./Drivers/STM32F4xx_HAL_Driver/Src/stm32f4xx_hal_uart.o
 .debug_info    0x00000000000127c0     0x3b80 ./Middlewares/Third_Party/FreeRTOS/Source/CMSIS_RTOS_V2/cmsis_os2.o
 .debug_info    0x0000000000016340      0x2d1 ./Middlewares/Third_Party/FreeRTOS/Source/list.o
 .debug_info    0x0000000000016611     0x1cbf ./Middlewares/Third_Party/FreeRTOS/Source/queue.o
 .debug_info    0x00000000000182d0     0x2362 ./Middlewares/Third_Party/FreeRTOS/Source/tasks.o
 .debug_info    0x000000000001a632     0x1572 ./Middlewares/Third_Party/FreeRTOS/Source/timers.o
 .debug_info    0x000000000001bba4      0x507 ./Middlewares/Third_Party/FreeRTOS/Source/portable/GCC/ARM_CM4F/port.o
 .debug_info    0x000000000001c0ab      0x50b ./Middlewares/Third_Party/FreeRTOS/Source/portable/MemMang/heap_4.o
 .debug_info    0x000000000001c5b6      0xf77 ./application/Src/app.o
 .debug_info    0x000000000001d52d      0x13d ./features/ModuleCAN/Src/ModuleCAN.o
 .debug_info    0x000000000001d66a      0x13d ./features/ModuleFlash/Src/ModuleFlash.o
 .debug_info    0x000000000001d7a7      0x13d ./features/ModuleNEXTION/Src/ModuleNEXTION.o
 .debug_info    0x000000000001d8e4      0x13d ./features/ModuleRTC/Src/ModuleRTC.o
 .debug_info    0x000000000001da21      0x13d ./features/ModuleSDCard/Src/ModuleSDCard.o
 .debug_info    0x000000000001db5e      0x13d ./features/ModuleWIFI/Src/ModuleWIFI.o
 .debug_info    0x000000000001dc9b      0x13d ./features/TelemetryMAIN/Src/TelemetryMAIN.o

.debug_abbrev   0x0000000000000000     0x3bec
 .debug_abbrev  0x0000000000000000      0x317 ./Core/Src/main.o
 .debug_abbrev  0x0000000000000317      0x226 ./Core/Src/stm32f4xx_hal_msp.o
 .debug_abbrev  0x000000000000053d       0xb4 ./Core/Src/stm32f4xx_it.o
 .debug_abbrev  0x00000000000005f1      0x116 ./Core/Src/system_stm32f4xx.o
 .debug_abbrev  0x0000000000000707       0x12 ./Core/Startup/startup_stm32f401rbtx.o
 .debug_abbrev  0x0000000000000719      0x23e ./Drivers/STM32F4xx_HAL_Driver/Src/stm32f4xx_hal.o
 .debug_abbrev  0x0000000000000957      0x204 ./Drivers/STM32F4xx_HAL_Driver/Src/stm32f4xx_hal_adc.o
 .debug_abbrev  0x0000000000000b5b      0x316 ./Drivers/STM32F4xx_HAL_Driver/Src/stm32f4xx_hal_cortex.o
 .debug_abbrev  0x0000000000000e71      0x1c4 ./Drivers/STM32F4xx_HAL_Driver/Src/stm32f4xx_hal_gpio.o
 .debug_abbrev  0x0000000000001035      0x2a8 ./Drivers/STM32F4xx_HAL_Driver/Src/stm32f4xx_hal_i2c.o
 .debug_abbrev  0x00000000000012dd      0x2aa ./Drivers/STM32F4xx_HAL_Driver/Src/stm32f4xx_hal_rcc.o
 .debug_abbrev  0x0000000000001587      0x26e ./Drivers/STM32F4xx_HAL_Driver/Src/stm32f4xx_hal_spi.o
 .debug_abbrev  0x00000000000017f5      0x26e ./Drivers/STM32F4xx_HAL_Driver/Src/stm32f4xx_hal_tim.o
 .debug_abbrev  0x0000000000001a63      0x276 ./Drivers/STM32F4xx_HAL_Driver/Src/stm32f4xx_hal_tim_ex.o
 .debug_abbrev  0x0000000000001cd9      0x305 ./Drivers/STM32F4xx_HAL_Driver/Src/stm32f4xx_hal_uart.o
 .debug_abbrev  0x0000000000001fde      0x4e6 ./Middlewares/Third_Party/FreeRTOS/Source/CMSIS_RTOS_V2/cmsis_os2.o
 .debug_abbrev  0x00000000000024c4       0xf2 ./Middlewares/Third_Party/FreeRTOS/Source/list.o
 .debug_abbrev  0x00000000000025b6      0x3a1 ./Middlewares/Third_Party/FreeRTOS/Source/queue.o
 .debug_abbrev  0x0000000000002957      0x37d ./Middlewares/Third_Party/FreeRTOS/Source/tasks.o
 .debug_abbrev  0x0000000000002cd4      0x346 ./Middlewares/Third_Party/FreeRTOS/Source/timers.o
 .debug_abbrev  0x000000000000301a      0x259 ./Middlewares/Third_Party/FreeRTOS/Source/portable/GCC/ARM_CM4F/port.o
 .debug_abbrev  0x0000000000003273      0x212 ./Middlewares/Third_Party/FreeRTOS/Source/portable/MemMang/heap_4.o
 .debug_abbrev  0x0000000000003485      0x30e ./application/Src/app.o
 .debug_abbrev  0x0000000000003793       0x9f ./features/ModuleCAN/Src/ModuleCAN.o
 .debug_abbrev  0x0000000000003832       0x9f ./features/ModuleFlash/Src/ModuleFlash.o
 .debug_abbrev  0x00000000000038d1       0x9f ./features/ModuleNEXTION/Src/ModuleNEXTION.o
 .debug_abbrev  0x0000000000003970       0x9f ./features/ModuleRTC/Src/ModuleRTC.o
 .debug_abbrev  0x0000000000003a0f       0x9f ./features/ModuleSDCard/Src/ModuleSDCard.o
 .debug_abbrev  0x0000000000003aae       0x9f ./features/ModuleWIFI/Src/ModuleWIFI.o
 .debug_abbrev  0x0000000000003b4d       0x9f ./features/TelemetryMAIN/Src/TelemetryMAIN.o

.debug_aranges  0x0000000000000000     0x1be8
 .debug_aranges
                0x0000000000000000       0xa0 ./Core/Src/main.o
 .debug_aranges
                0x00000000000000a0       0x78 ./Core/Src/stm32f4xx_hal_msp.o
 .debug_aranges
                0x0000000000000118       0x60 ./Core/Src/stm32f4xx_it.o
 .debug_aranges
                0x0000000000000178       0x28 ./Core/Src/system_stm32f4xx.o
 .debug_aranges
                0x00000000000001a0       0x28 ./Core/Startup/startup_stm32f401rbtx.o
 .debug_aranges
                0x00000000000001c8       0xf0 ./Drivers/STM32F4xx_HAL_Driver/Src/stm32f4xx_hal.o
 .debug_aranges
                0x00000000000002b8       0xe8 ./Drivers/STM32F4xx_HAL_Driver/Src/stm32f4xx_hal_adc.o
 .debug_aranges
                0x00000000000003a0      0x118 ./Drivers/STM32F4xx_HAL_Driver/Src/stm32f4xx_hal_cortex.o
 .debug_aranges
                0x00000000000004b8       0x58 ./Drivers/STM32F4xx_HAL_Driver/Src/stm32f4xx_hal_gpio.o
 .debug_aranges
                0x0000000000000510      0x2a0 ./Drivers/STM32F4xx_HAL_Driver/Src/stm32f4xx_hal_i2c.o
 .debug_aranges
                0x00000000000007b0       0x88 ./Drivers/STM32F4xx_HAL_Driver/Src/stm32f4xx_hal_rcc.o
 .debug_aranges
                0x0000000000000838      0x1d0 ./Drivers/STM32F4xx_HAL_Driver/Src/stm32f4xx_hal_spi.o
 .debug_aranges
                0x0000000000000a08      0x3d0 ./Drivers/STM32F4xx_HAL_Driver/Src/stm32f4xx_hal_tim.o
 .debug_aranges
                0x0000000000000dd8      0x168 ./Drivers/STM32F4xx_HAL_Driver/Src/stm32f4xx_hal_tim_ex.o
 .debug_aranges
                0x0000000000000f40      0x200 ./Drivers/STM32F4xx_HAL_Driver/Src/stm32f4xx_hal_uart.o
 .debug_aranges
                0x0000000000001140      0x2a8 ./Middlewares/Third_Party/FreeRTOS/Source/CMSIS_RTOS_V2/cmsis_os2.o
 .debug_aranges
                0x00000000000013e8       0x40 ./Middlewares/Third_Party/FreeRTOS/Source/list.o
 .debug_aranges
                0x0000000000001428      0x158 ./Middlewares/Third_Party/FreeRTOS/Source/queue.o
 .debug_aranges
                0x0000000000001580      0x208 ./Middlewares/Third_Party/FreeRTOS/Source/tasks.o
 .debug_aranges
                0x0000000000001788       0xf0 ./Middlewares/Third_Party/FreeRTOS/Source/timers.o
 .debug_aranges
                0x0000000000001878       0x80 ./Middlewares/Third_Party/FreeRTOS/Source/portable/GCC/ARM_CM4F/port.o
 .debug_aranges
                0x00000000000018f8       0x58 ./Middlewares/Third_Party/FreeRTOS/Source/portable/MemMang/heap_4.o
 .debug_aranges
                0x0000000000001950       0xa0 ./application/Src/app.o
 .debug_aranges
                0x00000000000019f0       0x48 ./features/ModuleCAN/Src/ModuleCAN.o
 .debug_aranges
                0x0000000000001a38       0x48 ./features/ModuleFlash/Src/ModuleFlash.o
 .debug_aranges
                0x0000000000001a80       0x48 ./features/ModuleNEXTION/Src/ModuleNEXTION.o
 .debug_aranges
                0x0000000000001ac8       0x48 ./features/ModuleRTC/Src/ModuleRTC.o
 .debug_aranges
                0x0000000000001b10       0x48 ./features/ModuleSDCard/Src/ModuleSDCard.o
 .debug_aranges
                0x0000000000001b58       0x48 ./features/ModuleWIFI/Src/ModuleWIFI.o
 .debug_aranges
                0x0000000000001ba0       0x48 ./features/TelemetryMAIN/Src/TelemetryMAIN.o

.debug_ranges   0x0000000000000000     0x1a58
 .debug_ranges  0x0000000000000000       0x90 ./Core/Src/main.o
 .debug_ranges  0x0000000000000090       0x68 ./Core/Src/stm32f4xx_hal_msp.o
 .debug_ranges  0x00000000000000f8       0x50 ./Core/Src/stm32f4xx_it.o
 .debug_ranges  0x0000000000000148       0x18 ./Core/Src/system_stm32f4xx.o
 .debug_ranges  0x0000000000000160       0x20 ./Core/Startup/startup_stm32f401rbtx.o
 .debug_ranges  0x0000000000000180       0xe0 ./Drivers/STM32F4xx_HAL_Driver/Src/stm32f4xx_hal.o
 .debug_ranges  0x0000000000000260       0xd8 ./Drivers/STM32F4xx_HAL_Driver/Src/stm32f4xx_hal_adc.o
 .debug_ranges  0x0000000000000338      0x108 ./Drivers/STM32F4xx_HAL_Driver/Src/stm32f4xx_hal_cortex.o
 .debug_ranges  0x0000000000000440       0x48 ./Drivers/STM32F4xx_HAL_Driver/Src/stm32f4xx_hal_gpio.o
 .debug_ranges  0x0000000000000488      0x2a8 ./Drivers/STM32F4xx_HAL_Driver/Src/stm32f4xx_hal_i2c.o
 .debug_ranges  0x0000000000000730       0x78 ./Drivers/STM32F4xx_HAL_Driver/Src/stm32f4xx_hal_rcc.o
 .debug_ranges  0x00000000000007a8      0x1c0 ./Drivers/STM32F4xx_HAL_Driver/Src/stm32f4xx_hal_spi.o
 .debug_ranges  0x0000000000000968      0x3c0 ./Drivers/STM32F4xx_HAL_Driver/Src/stm32f4xx_hal_tim.o
 .debug_ranges  0x0000000000000d28      0x158 ./Drivers/STM32F4xx_HAL_Driver/Src/stm32f4xx_hal_tim_ex.o
 .debug_ranges  0x0000000000000e80      0x220 ./Drivers/STM32F4xx_HAL_Driver/Src/stm32f4xx_hal_uart.o
 .debug_ranges  0x00000000000010a0      0x298 ./Middlewares/Third_Party/FreeRTOS/Source/CMSIS_RTOS_V2/cmsis_os2.o
 .debug_ranges  0x0000000000001338       0x30 ./Middlewares/Third_Party/FreeRTOS/Source/list.o
 .debug_ranges  0x0000000000001368      0x148 ./Middlewares/Third_Party/FreeRTOS/Source/queue.o
 .debug_ranges  0x00000000000014b0      0x1f8 ./Middlewares/Third_Party/FreeRTOS/Source/tasks.o
 .debug_ranges  0x00000000000016a8       0xe0 ./Middlewares/Third_Party/FreeRTOS/Source/timers.o
 .debug_ranges  0x0000000000001788       0x70 ./Middlewares/Third_Party/FreeRTOS/Source/portable/GCC/ARM_CM4F/port.o
 .debug_ranges  0x00000000000017f8       0x48 ./Middlewares/Third_Party/FreeRTOS/Source/portable/MemMang/heap_4.o
 .debug_ranges  0x0000000000001840       0x90 ./application/Src/app.o
 .debug_ranges  0x00000000000018d0       0x38 ./features/ModuleCAN/Src/ModuleCAN.o
 .debug_ranges  0x0000000000001908       0x38 ./features/ModuleFlash/Src/ModuleFlash.o
 .debug_ranges  0x0000000000001940       0x38 ./features/ModuleNEXTION/Src/ModuleNEXTION.o
 .debug_ranges  0x0000000000001978       0x38 ./features/ModuleRTC/Src/ModuleRTC.o
 .debug_ranges  0x00000000000019b0       0x38 ./features/ModuleSDCard/Src/ModuleSDCard.o
 .debug_ranges  0x00000000000019e8       0x38 ./features/ModuleWIFI/Src/ModuleWIFI.o
 .debug_ranges  0x0000000000001a20       0x38 ./features/TelemetryMAIN/Src/TelemetryMAIN.o

.debug_macro    0x0000000000000000     0x6596
 .debug_macro   0x0000000000000000      0x2b8 ./Core/Src/main.o
 .debug_macro   0x00000000000002b8      0x169 ./Core/Src/main.o
 .debug_macro   0x0000000000000421       0x66 ./Core/Src/main.o
 .debug_macro   0x0000000000000487       0x74 ./Core/Src/main.o
 .debug_macro   0x00000000000004fb       0xdd ./Core/Src/main.o
 .debug_macro   0x00000000000005d8      0x278 ./Core/Src/stm32f4xx_hal_msp.o
 .debug_macro   0x0000000000000850      0x29a ./Core/Src/stm32f4xx_it.o
 .debug_macro   0x0000000000000aea      0x219 ./Core/Src/system_stm32f4xx.o
 .debug_macro   0x0000000000000d03      0x279 ./Drivers/STM32F4xx_HAL_Driver/Src/stm32f4xx_hal.o
 .debug_macro   0x0000000000000f7c      0x21a ./Drivers/STM32F4xx_HAL_Driver/Src/stm32f4xx_hal_adc.o
 .debug_macro   0x0000000000001196      0x219 ./Drivers/STM32F4xx_HAL_Driver/Src/stm32f4xx_hal_cortex.o
 .debug_macro   0x00000000000013af      0x21f ./Drivers/STM32F4xx_HAL_Driver/Src/stm32f4xx_hal_gpio.o
 .debug_macro   0x00000000000015ce      0x260 ./Drivers/STM32F4xx_HAL_Driver/Src/stm32f4xx_hal_i2c.o
 .debug_macro   0x000000000000182e      0x23d ./Drivers/STM32F4xx_HAL_Driver/Src/stm32f4xx_hal_rcc.o
 .debug_macro   0x0000000000001a6b      0x228 ./Drivers/STM32F4xx_HAL_Driver/Src/stm32f4xx_hal_spi.o
 .debug_macro   0x0000000000001c93      0x21a ./Drivers/STM32F4xx_HAL_Driver/Src/stm32f4xx_hal_tim.o
 .debug_macro   0x0000000000001ead      0x219 ./Drivers/STM32F4xx_HAL_Driver/Src/stm32f4xx_hal_tim_ex.o
 .debug_macro   0x00000000000020c6      0x21a ./Drivers/STM32F4xx_HAL_Driver/Src/stm32f4xx_hal_uart.o
 .debug_macro   0x00000000000022e0      0x410 ./Middlewares/Third_Party/FreeRTOS/Source/CMSIS_RTOS_V2/cmsis_os2.o
 .debug_macro   0x00000000000026f0       0x10 ./Middlewares/Third_Party/FreeRTOS/Source/CMSIS_RTOS_V2/cmsis_os2.o
 .debug_macro   0x0000000000002700       0x20 ./Middlewares/Third_Party/FreeRTOS/Source/CMSIS_RTOS_V2/cmsis_os2.o
 .debug_macro   0x0000000000002720       0x10 ./Middlewares/Third_Party/FreeRTOS/Source/CMSIS_RTOS_V2/cmsis_os2.o
 .debug_macro   0x0000000000002730       0xd3 ./Middlewares/Third_Party/FreeRTOS/Source/CMSIS_RTOS_V2/cmsis_os2.o
 .debug_macro   0x0000000000002803       0x91 ./Middlewares/Third_Party/FreeRTOS/Source/CMSIS_RTOS_V2/cmsis_os2.o
 .debug_macro   0x0000000000002894       0x8d ./Middlewares/Third_Party/FreeRTOS/Source/CMSIS_RTOS_V2/cmsis_os2.o
 .debug_macro   0x0000000000002921       0x9a ./Middlewares/Third_Party/FreeRTOS/Source/CMSIS_RTOS_V2/cmsis_os2.o
 .debug_macro   0x00000000000029bb       0x22 ./Middlewares/Third_Party/FreeRTOS/Source/CMSIS_RTOS_V2/cmsis_os2.o
 .debug_macro   0x00000000000029dd       0x56 ./Middlewares/Third_Party/FreeRTOS/Source/CMSIS_RTOS_V2/cmsis_os2.o
 .debug_macro   0x0000000000002a33      0x187 ./Middlewares/Third_Party/FreeRTOS/Source/list.o
 .debug_macro   0x0000000000002bba      0x216 ./Middlewares/Third_Party/FreeRTOS/Source/queue.o
 .debug_macro   0x0000000000002dd0       0x16 ./Middlewares/Third_Party/FreeRTOS/Source/queue.o
 .debug_macro   0x0000000000002de6       0x87 ./Middlewares/Third_Party/FreeRTOS/Source/queue.o
 .debug_macro   0x0000000000002e6d      0x27f ./Middlewares/Third_Party/FreeRTOS/Source/tasks.o
 .debug_macro   0x00000000000030ec       0x10 ./Middlewares/Third_Party/FreeRTOS/Source/tasks.o
 .debug_macro   0x00000000000030fc      0x1dc ./Middlewares/Third_Party/FreeRTOS/Source/timers.o
 .debug_macro   0x00000000000032d8       0x97 ./Middlewares/Third_Party/FreeRTOS/Source/timers.o
 .debug_macro   0x000000000000336f      0x196 ./Middlewares/Third_Party/FreeRTOS/Source/portable/GCC/ARM_CM4F/port.o
 .debug_macro   0x0000000000003505      0x1ae ./Middlewares/Third_Party/FreeRTOS/Source/portable/MemMang/heap_4.o
 .debug_macro   0x00000000000036b3      0x57d ./application/Src/app.o
 .debug_macro   0x0000000000003c30       0x22 ./application/Src/app.o
 .debug_macro   0x0000000000003c52      0x119 ./application/Src/app.o
 .debug_macro   0x0000000000003d6b      0x19b ./application/Src/app.o
 .debug_macro   0x0000000000003f06       0x6a ./application/Src/app.o
 .debug_macro   0x0000000000003f70       0xb2 ./application/Src/app.o
 .debug_macro   0x0000000000004022      0x556 ./features/ModuleCAN/Src/ModuleCAN.o
 .debug_macro   0x0000000000004578      0x56a ./features/ModuleFlash/Src/ModuleFlash.o
 .debug_macro   0x0000000000004ae2      0x55c ./features/ModuleNEXTION/Src/ModuleNEXTION.o
 .debug_macro   0x000000000000503e      0x556 ./features/ModuleRTC/Src/ModuleRTC.o
 .debug_macro   0x0000000000005594      0x556 ./features/ModuleSDCard/Src/ModuleSDCard.o
 .debug_macro   0x0000000000005aea      0x556 ./features/ModuleWIFI/Src/ModuleWIFI.o
 .debug_macro   0x0000000000006040      0x556 ./features/TelemetryMAIN/Src/TelemetryMAIN.o

.debug_line     0x0000000000000000    0x23959
 .debug_line    0x0000000000000000      0xd05 ./Core/Src/main.o
 .debug_line    0x0000000000000d05      0xb8f ./Core/Src/stm32f4xx_hal_msp.o
 .debug_line    0x0000000000001894      0x92b ./Core/Src/stm32f4xx_it.o
 .debug_line    0x00000000000021bf      0x7d4 ./Core/Src/system_stm32f4xx.o
 .debug_line    0x0000000000002993       0x88 ./Core/Startup/startup_stm32f401rbtx.o
 .debug_line    0x0000000000002a1b      0xa3a ./Drivers/STM32F4xx_HAL_Driver/Src/stm32f4xx_hal.o
 .debug_line    0x0000000000003455     0x11e4 ./Drivers/STM32F4xx_HAL_Driver/Src/stm32f4xx_hal_adc.o