../Core/Src/main.c:102:5:main	8	static
../Core/Src/main.c:195:6:SystemClock_Config	88	static
../Core/Src/main.c:241:13:MX_ADC1_Init	24	static
../Core/Src/main.c:293:13:MX_I2C1_Init	8	static
../Core/Src/main.c:327:13:MX_I2C2_Init	8	static
../Core/Src/main.c:361:13:MX_I2C3_Init	8	static
../Core/Src/main.c:395:13:MX_SPI1_Init	8	static
../Core/Src/main.c:433:13:MX_SPI2_Init	8	static
../Core/Src/main.c:471:13:MX_SPI3_Init	8	static
../Core/Src/main.c:509:13:MX_TIM3_Init	48	static
../Core/Src/main.c:562:13:MX_TIM4_Init	48	static
../Core/Src/main.c:611:13:MX_USART1_UART_Init	8	static
../Core/Src/main.c:644:13:MX_USART2_UART_Init	8	static
../Core/Src/main.c:677:13:MX_USART6_UART_Init	8	static
../Core/Src/main.c:710:13:MX_GPIO_Init	48	static
../Core/Src/main.c:803:6:StartDefaultTask	16	static
../Core/Src/main.c:818:6:Error_Handler	4	static,ignoring_inline_asm
