../Core/Src/main.c:101:5:main	8	static
../Core/Src/main.c:193:6:SystemClock_Config	88	static
../Core/Src/main.c:239:13:MX_ADC1_Init	24	static
../Core/Src/main.c:291:13:MX_I2C1_Init	8	static
../Core/Src/main.c:325:13:MX_I2C2_Init	8	static
../Core/Src/main.c:359:13:MX_I2C3_Init	8	static
../Core/Src/main.c:393:13:MX_SPI1_Init	8	static
../Core/Src/main.c:431:13:MX_SPI2_Init	8	static
../Core/Src/main.c:469:13:MX_SPI3_Init	8	static
../Core/Src/main.c:507:13:MX_TIM3_Init	48	static
../Core/Src/main.c:560:13:MX_TIM4_Init	48	static
../Core/Src/main.c:609:13:MX_USART1_UART_Init	8	static
../Core/Src/main.c:642:13:MX_USART2_UART_Init	8	static
../Core/Src/main.c:675:13:MX_USART6_UART_Init	8	static
../Core/Src/main.c:708:13:MX_GPIO_Init	48	static
../Core/Src/main.c:801:6:StartDefaultTask	16	static
../Core/Src/main.c:816:6:Error_Handler	4	static,ignoring_inline_asm
