../features/ModuleNEXTION/Src/ModuleNEXTION.c:40:6:ModuleNEXTION_HWInit	88	static
../features/ModuleNEXTION/Src/ModuleNEXTION.c:55:6:ModuleNEXTION_SWInit	4	static
../features/ModuleNEXTION/Src/ModuleNEXTION.c:67:6:ModuleNEXTION_StartUP	8	static
../features/ModuleNEXTION/Src/ModuleNEXTION.c:93:6:ModuleNEXTION_MAIN_Routine	4	static
../features/ModuleNEXTION/Src/ModuleNEXTION.c:108:6:ModuleNEXTION_MAIN_Process	8	static
../features/ModuleNEXTION/Src/ModuleNEXTION.c:226:6:ModuleNEXTION_MAIN	8	static
