../features/ModuleNEXTION/Src/ModuleNEXTION.c:38:6:ModuleNEXTION_HWInit	88	static
../features/ModuleNEXTION/Src/ModuleNEXTION.c:53:6:ModuleNEXTION_SWInit	4	static
../features/ModuleNEXTION/Src/ModuleNEXTION.c:65:6:ModuleNEXTION_StartUP	8	static
../features/ModuleNEXTION/Src/ModuleNEXTION.c:91:6:ModuleNEXTION_MAIN_Routine	8	static
../features/ModuleNEXTION/Src/ModuleNEXTION.c:205:6:ModuleNEXTION_MAIN_Process	4	static
../features/ModuleNEXTION/Src/ModuleNEXTION.c:218:6:ModuleNEXTION_MAIN	8	static
