../application/Src/app.c:54:6:APP_timeoutTimerIRQHandler	16	static
../application/Src/app.c:59:6:APP_periodicTimerIRQHandler	16	static
../application/Src/app.c:67:6:Initilialise_App	24	static
../application/Src/app.c:228:6:MAIN_App	8	static
../application/Src/app.c:252:6:Process_TelemetryMAIN_TaskHandler	16	static
../application/Src/app.c:297:6:Process_Flash_TaskHandler	24	static
../application/Src/app.c:345:6:Process_CAN_TaskHandler	24	static
../application/Src/app.c:387:6:Process_RTC_TaskHandler	24	static
../application/Src/app.c:435:6:Process_SDCARD_TaskHandler	24	static
../application/Src/app.c:482:6:Process_WIFI_TaskHandler	24	static
../application/Src/app.c:530:6:Process_NEXTION_TaskHandler	24	static
../application/Src/app.c:581:10:Process_Flash_Run	16	static
../application/Src/app.c:618:10:Process_Can_Run	16	static
../application/Src/app.c:655:10:Process_RTC_Run	16	static
../application/Src/app.c:692:10:Process_SDCARD_Run	16	static
../application/Src/app.c:729:10:Process_WIFI_Run	16	static
../application/Src/app.c:766:10:Process_NEXTION_Run	16	static
